fm-backend-herdr.test.sh exit=0
ok - herdr client boundary strips snapshot-scoped variables from every herdr child and keeps the caller's own

fm-crew-state.test.sh exit=0
ok - captured cancelled run leaves fleet inventory unverified without a failure contradiction
ok - failed-outcome/github/open: terminal delivery uses current disposition
ok - failed-outcome/github/merged: terminal delivery uses current disposition
ok - failed-outcome/github/closed: terminal delivery uses current disposition
ok - failed-outcome/github/unreadable: terminal delivery uses current disposition
ok - failed-outcome/github/skipped: terminal delivery uses current disposition
ok - failed-outcome/github/no-identity: terminal delivery uses current disposition
ok - failed-outcome/gitlab/open: terminal delivery uses current disposition
ok - failed-outcome/gitlab/merged: terminal delivery uses current disposition
ok - failed-outcome/gitlab/closed: terminal delivery uses current disposition
ok - failed-outcome/gitlab/unreadable: terminal delivery uses current disposition
ok - failed-outcome/gitlab/skipped: terminal delivery uses current disposition
ok - failed-outcome/gitlab/no-identity: terminal delivery uses current disposition
ok - failed-outcome/gerrit/open: terminal delivery uses current disposition
ok - failed-outcome/gerrit/merged: terminal delivery uses current disposition
ok - failed-outcome/gerrit/closed: terminal delivery uses current disposition
ok - failed-outcome/gerrit/unreadable: terminal delivery uses current disposition
ok - failed-outcome/gerrit/skipped: terminal delivery uses current disposition
ok - failed-outcome/gerrit/no-identity: terminal delivery uses current disposition
ok - failed-status/github/open: terminal delivery uses current disposition
ok - failed-status/github/merged: terminal delivery uses current disposition
ok - failed-status/github/closed: terminal delivery uses current disposition
ok - failed-status/github/unreadable: terminal delivery uses current disposition
ok - failed-status/github/skipped: terminal delivery uses current disposition
ok - failed-status/github/no-identity: terminal delivery uses current disposition
ok - failed-status/gitlab/open: terminal delivery uses current disposition
ok - failed-status/gitlab/merged: terminal delivery uses current disposition
ok - failed-status/gitlab/closed: terminal delivery uses current disposition
ok - failed-status/gitlab/unreadable: terminal delivery uses current disposition
ok - failed-status/gitlab/skipped: terminal delivery uses current disposition
ok - failed-status/gitlab/no-identity: terminal delivery uses current disposition
ok - failed-status/gerrit/open: terminal delivery uses current disposition
ok - failed-status/gerrit/merged: terminal delivery uses current disposition
ok - failed-status/gerrit/closed: terminal delivery uses current disposition
ok - failed-status/gerrit/unreadable: terminal delivery uses current disposition
ok - failed-status/gerrit/skipped: terminal delivery uses current disposition
ok - failed-status/gerrit/no-identity: terminal delivery uses current disposition
ok - cancelled-outcome/github/open: terminal delivery uses current disposition
ok - cancelled-outcome/github/merged: terminal delivery uses current disposition
ok - cancelled-outcome/github/closed: terminal delivery uses current disposition
ok - cancelled-outcome/github/unreadable: terminal delivery uses current disposition
ok - cancelled-outcome/github/skipped: terminal delivery uses current disposition
ok - cancelled-outcome/github/no-identity: terminal delivery uses current disposition
ok - cancelled-outcome/gitlab/open: terminal delivery uses current disposition
ok - cancelled-outcome/gitlab/merged: terminal delivery uses current disposition
ok - cancelled-outcome/gitlab/closed: terminal delivery uses current disposition
ok - cancelled-outcome/gitlab/unreadable: terminal delivery uses current disposition
ok - cancelled-outcome/gitlab/skipped: terminal delivery uses current disposition
ok - cancelled-outcome/gitlab/no-identity: terminal delivery uses current disposition
ok - cancelled-outcome/gerrit/open: terminal delivery uses current disposition
ok - cancelled-outcome/gerrit/merged: terminal delivery uses current disposition
ok - cancelled-outcome/gerrit/closed: terminal delivery uses current disposition
ok - cancelled-outcome/gerrit/unreadable: terminal delivery uses current disposition
ok - cancelled-outcome/gerrit/skipped: terminal delivery uses current disposition
ok - cancelled-outcome/gerrit/no-identity: terminal delivery uses current disposition
ok - cancelled-status/github/open: terminal delivery uses current disposition
ok - cancelled-status/github/merged: terminal delivery uses current disposition
ok - cancelled-status/github/closed: terminal delivery uses current disposition
ok - cancelled-status/github/unreadable: terminal delivery uses current disposition
ok - cancelled-status/github/skipped: terminal delivery uses current disposition
ok - cancelled-status/github/no-identity: terminal delivery uses current disposition
ok - cancelled-status/gitlab/open: terminal delivery uses current disposition
ok - cancelled-status/gitlab/merged: terminal delivery uses current disposition
ok - cancelled-status/gitlab/closed: terminal delivery uses current disposition
ok - cancelled-status/gitlab/unreadable: terminal delivery uses current disposition
ok - cancelled-status/gitlab/skipped: terminal delivery uses current disposition
ok - cancelled-status/gitlab/no-identity: terminal delivery uses current disposition
ok - cancelled-status/gerrit/open: terminal delivery uses current disposition
ok - cancelled-status/gerrit/merged: terminal delivery uses current disposition
ok - cancelled-status/gerrit/closed: terminal delivery uses current disposition
ok - cancelled-status/gerrit/unreadable: terminal delivery uses current disposition
ok - cancelled-status/gerrit/skipped: terminal delivery uses current disposition
ok - cancelled-status/gerrit/no-identity: terminal delivery uses current disposition
ok - outcome: cancellation without delivery carries no verdict
ok - status: cancellation without delivery carries no verdict
ok - selected: cancellation without delivery carries no verdict
ok - coarse: cancellation without delivery carries no verdict
ok - no-ci-log: cancellation without delivery carries no verdict
ok - red-ci: cancellation without delivery carries no verdict
ok - cancelled-test: cancellation without delivery carries no verdict
ok - skipped-test: cancellation without delivery carries no verdict
ok - synthetic cancelled run leaves fleet inventory unverified without a failure contradiction
ok - cancelled-outcome: terminal delivery reports only observed evidence
ok - cancelled-status: terminal delivery reports only observed evidence
ok - skipped-rebase: terminal delivery reports only observed evidence
ok - cancelled-skipped-rebase: terminal delivery reports only observed evidence
ok - passed: terminal delivery reports only observed evidence
all fm-crew-state tests passed
ok - a snapshot crew-state read honors its overrides but passes none of them to herdr

fm-spawn-compact-adviser-disable.test.sh exit=1
not ok - ship spawn with allowlist=absent should succeed: warning: /home/node/.no-mistakes/worktrees/450411b3e67c/01M48AGCET15Z951PCQ4YNDYRJ/.v/tmp/fm-spawn-compact-adviser.XMXhz8/leak-ship-absent/home/data/leak-ship-absent-a1/launch-brief.md records no ship branch; defaulting to legacy branch fm/leak-ship-absent-a1
warning: /home/node/.no-mistakes/worktrees/450411b3e67c/01M48AGCET15Z951PCQ4YNDYRJ/.v/tmp/fm-spawn-compact-adviser.XMXhz8/leak-ship-absent/home/data/leak-ship-absent-a1/launch-brief.md records no delivery contract line (scaffolded before ship briefs recorded one); launching on the explicit --mode no-mistakes - confirm its definition of done matches
warning: the selected herdr release could not be read, so the 0.8.0 floor for presentation spaces cannot be verified; using the ordinary flat layout instead. Upgrade herdr to 0.8.0 or newer (herdr update) to restore the projection, or write "on" into config/herdr-presentation-spaces to force it on this release.
error: herdr server for session 'default' did not report running within 10s: expected exit 0, got 1

fm-watch-arm.test.sh exit=0
ok - watch-arm: snapshot-scoped variables in the arm's environment never reach the watcher it forks

Corrected fixture environment and strict function selection:
fm-crew-state.test.sh exit=0
ok - captured cancelled run leaves fleet inventory unverified without a failure contradiction
ok - failed-outcome/github/open: terminal delivery uses current disposition
ok - failed-outcome/github/merged: terminal delivery uses current disposition
ok - failed-outcome/github/closed: terminal delivery uses current disposition
ok - failed-outcome/github/unreadable: terminal delivery uses current disposition
ok - failed-outcome/github/skipped: terminal delivery uses current disposition
ok - failed-outcome/github/no-identity: terminal delivery uses current disposition
ok - failed-outcome/gitlab/open: terminal delivery uses current disposition
ok - failed-outcome/gitlab/merged: terminal delivery uses current disposition
ok - failed-outcome/gitlab/closed: terminal delivery uses current disposition
ok - failed-outcome/gitlab/unreadable: terminal delivery uses current disposition
ok - failed-outcome/gitlab/skipped: terminal delivery uses current disposition
ok - failed-outcome/gitlab/no-identity: terminal delivery uses current disposition
ok - failed-outcome/gerrit/open: terminal delivery uses current disposition
ok - failed-outcome/gerrit/merged: terminal delivery uses current disposition
ok - failed-outcome/gerrit/closed: terminal delivery uses current disposition
ok - failed-outcome/gerrit/unreadable: terminal delivery uses current disposition
ok - failed-outcome/gerrit/skipped: terminal delivery uses current disposition
ok - failed-outcome/gerrit/no-identity: terminal delivery uses current disposition
ok - failed-status/github/open: terminal delivery uses current disposition
ok - failed-status/github/merged: terminal delivery uses current disposition
ok - failed-status/github/closed: terminal delivery uses current disposition
ok - failed-status/github/unreadable: terminal delivery uses current disposition
ok - failed-status/github/skipped: terminal delivery uses current disposition
ok - failed-status/github/no-identity: terminal delivery uses current disposition
ok - failed-status/gitlab/open: terminal delivery uses current disposition
ok - failed-status/gitlab/merged: terminal delivery uses current disposition
ok - failed-status/gitlab/closed: terminal delivery uses current disposition
ok - failed-status/gitlab/unreadable: terminal delivery uses current disposition
ok - failed-status/gitlab/skipped: terminal delivery uses current disposition
ok - failed-status/gitlab/no-identity: terminal delivery uses current disposition
ok - failed-status/gerrit/open: terminal delivery uses current disposition
ok - failed-status/gerrit/merged: terminal delivery uses current disposition
ok - failed-status/gerrit/closed: terminal delivery uses current disposition
ok - failed-status/gerrit/unreadable: terminal delivery uses current disposition
ok - failed-status/gerrit/skipped: terminal delivery uses current disposition
ok - failed-status/gerrit/no-identity: terminal delivery uses current disposition
ok - cancelled-outcome/github/open: terminal delivery uses current disposition
ok - cancelled-outcome/github/merged: terminal delivery uses current disposition
ok - cancelled-outcome/github/closed: terminal delivery uses current disposition
ok - cancelled-outcome/github/unreadable: terminal delivery uses current disposition
ok - cancelled-outcome/github/skipped: terminal delivery uses current disposition
ok - cancelled-outcome/github/no-identity: terminal delivery uses current disposition
ok - cancelled-outcome/gitlab/open: terminal delivery uses current disposition
ok - cancelled-outcome/gitlab/merged: terminal delivery uses current disposition
ok - cancelled-outcome/gitlab/closed: terminal delivery uses current disposition
ok - cancelled-outcome/gitlab/unreadable: terminal delivery uses current disposition
ok - cancelled-outcome/gitlab/skipped: terminal delivery uses current disposition
ok - cancelled-outcome/gitlab/no-identity: terminal delivery uses current disposition
ok - cancelled-outcome/gerrit/open: terminal delivery uses current disposition
ok - cancelled-outcome/gerrit/merged: terminal delivery uses current disposition
ok - cancelled-outcome/gerrit/closed: terminal delivery uses current disposition
ok - cancelled-outcome/gerrit/unreadable: terminal delivery uses current disposition
ok - cancelled-outcome/gerrit/skipped: terminal delivery uses current disposition
ok - cancelled-outcome/gerrit/no-identity: terminal delivery uses current disposition
ok - cancelled-status/github/open: terminal delivery uses current disposition
ok - cancelled-status/github/merged: terminal delivery uses current disposition
ok - cancelled-status/github/closed: terminal delivery uses current disposition
ok - cancelled-status/github/unreadable: terminal delivery uses current disposition
ok - cancelled-status/github/skipped: terminal delivery uses current disposition
ok - cancelled-status/github/no-identity: terminal delivery uses current disposition
ok - cancelled-status/gitlab/open: terminal delivery uses current disposition
ok - cancelled-status/gitlab/merged: terminal delivery uses current disposition
ok - cancelled-status/gitlab/closed: terminal delivery uses current disposition
ok - cancelled-status/gitlab/unreadable: terminal delivery uses current disposition
ok - cancelled-status/gitlab/skipped: terminal delivery uses current disposition
ok - cancelled-status/gitlab/no-identity: terminal delivery uses current disposition
ok - cancelled-status/gerrit/open: terminal delivery uses current disposition
ok - cancelled-status/gerrit/merged: terminal delivery uses current disposition
ok - cancelled-status/gerrit/closed: terminal delivery uses current disposition
ok - cancelled-status/gerrit/unreadable: terminal delivery uses current disposition
ok - cancelled-status/gerrit/skipped: terminal delivery uses current disposition
ok - cancelled-status/gerrit/no-identity: terminal delivery uses current disposition
ok - outcome: cancellation without delivery carries no verdict
ok - status: cancellation without delivery carries no verdict
ok - selected: cancellation without delivery carries no verdict
ok - coarse: cancellation without delivery carries no verdict
ok - no-ci-log: cancellation without delivery carries no verdict
ok - red-ci: cancellation without delivery carries no verdict
ok - cancelled-test: cancellation without delivery carries no verdict
ok - skipped-test: cancellation without delivery carries no verdict
ok - synthetic cancelled run leaves fleet inventory unverified without a failure contradiction
ok - cancelled-outcome: terminal delivery reports only observed evidence
ok - cancelled-status: terminal delivery reports only observed evidence
ok - skipped-rebase: terminal delivery reports only observed evidence
ok - cancelled-skipped-rebase: terminal delivery reports only observed evidence
ok - passed: terminal delivery reports only observed evidence
all fm-crew-state tests passed
ok - a snapshot crew-state read honors its overrides but passes none of them to herdr

fm-spawn-compact-adviser-disable.test.sh exit=1
not ok - secondmate spawn with allowlist=absent should succeed: error: secondmate home cannot be inside the firstmate repo: /home/node/.no-mistakes/worktrees/450411b3e67c/01M48AGCET15Z951PCQ4YNDYRJ/.v/tmp/fm-spawn-compact-adviser.Zrhvfq/leak-secondmate-absent/secondmate-home: expected exit 0, got 1

Worktree-local sibling runtime fixture for secondmate isolation:
ok - ship and secondmate launches start their agent without snapshot-scoped variables a pane carries
ok - spawn clears snapshot-scoped variables from its own environment before any backend call
ok - relaunch starts the replacement agent without snapshot-scoped variables a pane carries
