Command: bash bin/fm-test-run.sh --jobs 1 --per-script-timeout-secs 600 --json /home/node/.no-mistakes/evidence/01M4DMESQPKH4HM8802D7T5VFZ/targeted-round3-timing.json tests/fm-test-fixtures.test.sh tests/fm-watch-arm.test.sh tests/fm-control-relaunch.test.sh tests/fm-project-capacity.test.sh tests/fm-spawn-dispatch-profile.test.sh tests/fm-backend-herdr.test.sh tests/fm-teardown.test.sh tests/fm-pending-reply.test.sh
Unset inherited variable names: FM_BACKEND, FM_HOME, GH_CONFIG_DIR, HERDR_BIN_PATH, HERDR_ENV, HERDR_PANE_ID, HERDR_SOCKET_PATH, HERDR_TAB_ID, HERDR_WORKSPACE_ID, NO_MISTAKES_BITBUCKET_API_TOKEN
Fixture scratch isolated under a disposable /tmp/fm-test-round3.* root.
FM_TEST_BEGIN 2026-10-08T12:46:21Z tests/fm-test-fixtures.test.sh family=standalone expected_gate_skip=none
ok - runner and shared helpers isolate host Git config and preserve explicit config and outside commits
ok - suite exit cleanup removes an untorn spawn's read-only strip hooks and staged launch directory
ok - a set -e suite with no staged launch directories finishes exit cleanup and exits 0
ok - fm_test_remove_tree removes a tree holding read-only strip hooks and leaves outside targets alone
ok - agent stand-in: a multicall sleep is refused, and the compiled stand-in survives a harness name
ok - fm_touch_epoch preserves both epochs in the repeated DST hour
ok - a fixture commit starts no background maintenance that a local clone could race
ok - fake no-mistakes --version is the shared constant and overridable
ok - init/doctor no-mistakes stub touches markers and refuses other verbs
ok - fake gh authenticates and fake gh-axi reports the shared version
ok - spawn fakebin answers pane path, logs -l payloads, and installs extra tools
ok - send stubs log typed text and fake ssh records argv with a controllable exit
ok - spawn-home layout writes harness pin, beat, and brief
FM_TEST_END 2026-10-08T12:46:29Z tests/fm-test-fixtures.test.sh exit=0 duration_ms=8499 gate_skip=false
FM_TEST_BEGIN 2026-10-08T12:46:29Z tests/fm-watch-arm.test.sh family=watcher-wake-lock expected_gate_skip=none
ok - watch-arm: an attached arm reports the wake its cycle delivered instead of a false failure
