
=== provision isolated herdr lab fm-lab-tasktmp-2157233-16557 ===
/tmp/fm-tasktmp-live.ExpBBY/home a
/tmp/fm-tasktmp-live.ExpBBY/home-b

=== before: no shared legacy root ===
ls: cannot access '/tmp/fm-tmpscope2157232': No such file or directory

=== spawn task tmpscope2157232 in home A (/tmp/fm-tasktmp-live.ExpBBY/home a) ===
fm-gate-refuse: gate agent lifecycle permitted only against lab home /tmp/fm-tasktmp-live.ExpBBY/home a
warning: /tmp/fm-tasktmp-live.ExpBBY/home a/data/tmpscope2157232/launch-brief.md records no ship branch; defaulting to legacy branch fm/tmpscope2157232
warning: /tmp/fm-tasktmp-live.ExpBBY/home a/data/tmpscope2157232/launch-brief.md records no delivery contract line (scaffolded before ship briefs recorded one); launching on the explicit --mode no-mistakes - confirm its definition of done matches
spawned tmpscope2157232 harness=sh kind=ship mode=no-mistakes yolo=off window=fm-lab-tasktmp-2157233-16557:w1:p2 worktree=/home/node/.treehouse/project-39c8db/1/project
spawn rc=0
meta tasktmp=/tmp/fm-tasktmp-live.ExpBBY/home a/state/tmpscope2157232.tasktmp
700 node /tmp/fm-tasktmp-live.ExpBBY/home a/state/tmpscope2157232.tasktmp
755 node /tmp/fm-tasktmp-live.ExpBBY/home a/state/tmpscope2157232.tasktmp/gotmp
--- home A pane w1:p2 capture right after its spawn ---
❯ export COMPACT_ADVISER_DISABLE=1
project on  HEAD
❯ export FM_TASK_ID=tmpscope2157232
project on  HEAD
❯ . '/tmp/fm-tmpscope2157232+63a0884e9acb9a1c13aa8e2ca2ce6932030a73fb6a8997f900784181ab70dffd/launch.s1790817036.2157330
.32030.sh'
GOTMPDIR_IS=/tmp/fm-tasktmp-live.ExpBBY/home a/state/tmpscope2157232.tasktmp/gotmp
drwxr-xr-x 2 node node 4096 Oct  1 01:10 '/tmp/fm-tasktmp-live.ExpBBY/home a/state/tmpscope2157232.tasktmp/gotmp'
--- herdr panes in lab now ---
[{"pane_id":"w1:p2","cwd":"/tmp/fm-tasktmp-live.ExpBBY/project"}]

=== spawn task tmpscope2157232 in home B (/tmp/fm-tasktmp-live.ExpBBY/home-b) ===
fm-gate-refuse: gate agent lifecycle permitted only against lab home /tmp/fm-tasktmp-live.ExpBBY/home-b
warning: /tmp/fm-tasktmp-live.ExpBBY/home-b/data/tmpscope2157232/launch-brief.md records no ship branch; defaulting to legacy branch fm/tmpscope2157232
warning: /tmp/fm-tasktmp-live.ExpBBY/home-b/data/tmpscope2157232/launch-brief.md records no delivery contract line (scaffolded before ship briefs recorded one); launching on the explicit --mode no-mistakes - confirm its definition of done matches
spawned tmpscope2157232 harness=sh kind=ship mode=no-mistakes yolo=off window=fm-lab-tasktmp-2157233-16557:w1:p3 worktree=/home/node/.treehouse/project-39c8db/1/project
spawn rc=0
meta tasktmp=/tmp/fm-tasktmp-live.ExpBBY/home-b/state/tmpscope2157232.tasktmp
700 node /tmp/fm-tasktmp-live.ExpBBY/home-b/state/tmpscope2157232.tasktmp
755 node /tmp/fm-tasktmp-live.ExpBBY/home-b/state/tmpscope2157232.tasktmp/gotmp
--- home B pane w1:p3 capture right after its spawn ---
❯ export COMPACT_ADVISER_DISABLE=1
project on  HEAD
❯ export FM_TASK_ID=tmpscope2157232
project on  HEAD
❯ . '/tmp/fm-tmpscope2157232+a63bf655017427f74d2f491943134060d048b6173def902906b153315368a775/launch.s1790817045.2159674
.3885.sh'
GOTMPDIR_IS=/tmp/fm-tasktmp-live.ExpBBY/home-b/state/tmpscope2157232.tasktmp/gotmp
drwxr-xr-x 2 node node 4096 Oct  1 01:10 /tmp/fm-tasktmp-live.ExpBBY/home-b/state/tmpscope2157232.tasktmp/gotmp
--- herdr panes in lab now ---
[{"pane_id":"w1:p3","cwd":"/tmp/fm-tasktmp-live.ExpBBY/project"}]

=== shared legacy root after both spawns ===
ls: cannot access '/tmp/fm-tmpscope2157232': No such file or directory

=== home A pane w1:p2 capture (crewmate shell sees GOTMPDIR) ===
{"error":{"code":"pane_not_found","message":"pane w1:p2 not found"},"id":"cli:pane:read"}

=== home B pane w1:p3 capture (crewmate shell sees GOTMPDIR) ===
❯ export GOTMPDIR='/tmp/fm-tasktmp-live.ExpBBY/home-b/state/tmpscope2157232.tasktmp/gotmp'
export COMPACT_ADVISER_DISABLE=1
export FM_TASK_ID=tmpscope2157232
project on  HEAD
❯ export COMPACT_ADVISER_DISABLE=1
project on  HEAD
❯ export FM_TASK_ID=tmpscope2157232
project on  HEAD
❯ . '/tmp/fm-tmpscope2157232+a63bf655017427f74d2f491943134060d048b6173def902906b153315368a775/launch.s1790817045.2159674
.3885.sh'
GOTMPDIR_IS=/tmp/fm-tasktmp-live.ExpBBY/home-b/state/tmpscope2157232.tasktmp/gotmp
drwxr-xr-x 2 node node 4096 Oct  1 01:10 /tmp/fm-tasktmp-live.ExpBBY/home-b/state/tmpscope2157232.tasktmp/gotmp

=== teardown tmpscope2157232 in home A only ===
teardown rc=0
🌳 Worktree returned to pool.
/tmp/fm-tasktmp-live.ExpBBY/project: already current
teardown tmpscope2157232 complete (window fm-lab-tasktmp-2157233-16557:w1:p2, worktree /home/node/.treehouse/project-39c8db/1/project)
Backlog: tmpscope2157232 just finished (this home keeps no markdown backlog at /tmp/fm-tasktmp-live.ExpBBY/home a/data/backlog.md). Update /tmp/fm-tasktmp-live.ExpBBY/home a/data/backlog.md - move tmpscope2157232 to Done, keep Done to the 10 most recent, then re-scan Queued and dispatch only work whose blockers are gone and date is due.
ls: cannot access '/tmp/fm-tasktmp-live.ExpBBY/home a/state/tmpscope2157232.tasktmp': No such file or directory
home B root still present:
755 /tmp/fm-tasktmp-live.ExpBBY/home-b/state/tmpscope2157232.tasktmp/gotmp

=== adversarial: pre-planted symlink at home B's root for tmpadv2157232 is refused ===
spawn rc=1
error: task temp root /tmp/fm-tasktmp-live.ExpBBY/home-b/state/tmpadv2157232.tasktmp already exists and is not a private directory owned by this user; refusing to use it; inspect and remove it, then retry
attacker dir contents: []
adv meta exists? no

=== adversarial: group-writable pre-existing root is refused ===
spawn rc=1
error: task temp root /tmp/fm-tasktmp-live.ExpBBY/home-b/state/tmpadv2157232.tasktmp already exists and is not a private directory owned by this user; refusing to use it; inspect and remove it, then retry

=== leak check: home B is never torn down, just deleted (a disposable test home) ===
task temp roots left in /tmp for tmpscope2157232:
ls: cannot access '/tmp/fm-tmpscope2157232': No such file or directory
launch dirs (separate pre-existing namespace) left in /tmp for tmpscope2157232:
/tmp/fm-tmpscope2157232+a63bf655017427f74d2f491943134060d048b6173def902906b153315368a775

=== cleanup ===
herdr lab fm-lab-tasktmp-2157233-16557 torn down
no /tmp/fm-tmpscope2157232* or /tmp/fm-tmpadv2157232* remain
