ok - real herdr: exit on a pane with no registered agent is idempotent success
ok - real herdr 0.9.3: a gone session reads recoverable while a live pane and a malformed target do not
warning: /tmp/fm-control-herdr.hfslqR/home/data/hsmoke/launch-brief.md records no ship branch; defaulting to legacy branch fm/hsmoke
warning: /tmp/fm-control-herdr.hfslqR/home/data/hsmoke/launch-brief.md records no delivery contract line (scaffolded before ship briefs recorded one); launching on the explicit --mode no-mistakes - confirm its definition of done matches
ok - real herdr: a drifted agent-free shell returns to its worktree and reuses the same endpoint
ok - real herdr: interrupt refuses when herdr's own agent registry reports no agent
ok - real herdr: interrupt delivers the harness's key and proves the agent survived it
ok - real herdr: no control verb removed the endpoint or the task's local copy
ok - real herdr 0.9.3: a registration Herdr keeps after its agent exits reads stale-agent and recovers as dead
ok - real herdr: exit on a pane with a stale registration is idempotent success
warning: /tmp/fm-control-herdr.hfslqR/home/data/hsmoke/launch-brief.md records no ship branch; defaulting to legacy branch fm/hsmoke
warning: /tmp/fm-control-herdr.hfslqR/home/data/hsmoke/launch-brief.md records no delivery contract line (scaffolded before ship briefs recorded one); launching on the explicit --mode no-mistakes - confirm its definition of done matches
ok - real herdr: a stale registration no longer blocks relaunch, and the endpoint and local copy survive
not ok - the exit failure should say the composer is not proven empty, got: error: task hsmoke's composer visibly holds pending text; refusing to type the /exit exit command because it would concatenate onto that text. Clear or submit the pending text, then retry 'exit'
rm: cannot remove '/tmp/fm-control-herdr.hfslqR/home/state/hsmoke.git-hooks/post-rewrite': Permission denied
rm: cannot remove '/tmp/fm-control-herdr.hfslqR/home/state/hsmoke.git-hooks/post-commit': Permission denied
rm: cannot remove '/tmp/fm-control-herdr.hfslqR/home/state/hsmoke.git-hooks/pre-applypatch': Permission denied
rm: cannot remove '/tmp/fm-control-herdr.hfslqR/home/state/hsmoke.git-hooks/sendemail-validate': Permission denied
rm: cannot remove '/tmp/fm-control-herdr.hfslqR/home/state/hsmoke.git-hooks/post-applypatch': Permission denied
rm: cannot remove '/tmp/fm-control-herdr.hfslqR/home/state/hsmoke.git-hooks/applypatch-msg': Permission denied
rm: cannot remove '/tmp/fm-control-herdr.hfslqR/home/state/hsmoke.git-hooks/prepare-commit-msg': Permission denied
rm: cannot remove '/tmp/fm-control-herdr.hfslqR/home/state/hsmoke.git-hooks/pre-rebase': Permission denied
rm: cannot remove '/tmp/fm-control-herdr.hfslqR/home/state/hsmoke.git-hooks/post-merge': Permission denied
rm: cannot remove '/tmp/fm-control-herdr.hfslqR/home/state/hsmoke.git-hooks/pre-push': Permission denied
rm: cannot remove '/tmp/fm-control-herdr.hfslqR/home/state/hsmoke.git-hooks/pre-merge-commit': Permission denied
rm: cannot remove '/tmp/fm-control-herdr.hfslqR/home/state/hsmoke.git-hooks/pre-commit': Permission denied
rm: cannot remove '/tmp/fm-control-herdr.hfslqR/home/state/hsmoke.git-hooks/post-checkout': Permission denied
rm: cannot remove '/tmp/fm-control-herdr.hfslqR/home/state/hsmoke.git-hooks/pre-auto-gc': Permission denied
rm: cannot remove '/tmp/fm-control-herdr.hfslqR/home/state/hsmoke.git-hooks/commit-msg': Permission denied
rm: cannot remove '/tmp/fm-control-herdr.hfslqR/home/state/hsmoke.git-hooks/post-rewrite': Permission denied
rm: cannot remove '/tmp/fm-control-herdr.hfslqR/home/state/hsmoke.git-hooks/post-commit': Permission denied
rm: cannot remove '/tmp/fm-control-herdr.hfslqR/home/state/hsmoke.git-hooks/pre-applypatch': Permission denied
rm: cannot remove '/tmp/fm-control-herdr.hfslqR/home/state/hsmoke.git-hooks/sendemail-validate': Permission denied
rm: cannot remove '/tmp/fm-control-herdr.hfslqR/home/state/hsmoke.git-hooks/post-applypatch': Permission denied
rm: cannot remove '/tmp/fm-control-herdr.hfslqR/home/state/hsmoke.git-hooks/applypatch-msg': Permission denied
rm: cannot remove '/tmp/fm-control-herdr.hfslqR/home/state/hsmoke.git-hooks/prepare-commit-msg': Permission denied
rm: cannot remove '/tmp/fm-control-herdr.hfslqR/home/state/hsmoke.git-hooks/pre-rebase': Permission denied
rm: cannot remove '/tmp/fm-control-herdr.hfslqR/home/state/hsmoke.git-hooks/post-merge': Permission denied
rm: cannot remove '/tmp/fm-control-herdr.hfslqR/home/state/hsmoke.git-hooks/pre-push': Permission denied
rm: cannot remove '/tmp/fm-control-herdr.hfslqR/home/state/hsmoke.git-hooks/pre-merge-commit': Permission denied
rm: cannot remove '/tmp/fm-control-herdr.hfslqR/home/state/hsmoke.git-hooks/pre-commit': Permission denied
rm: cannot remove '/tmp/fm-control-herdr.hfslqR/home/state/hsmoke.git-hooks/post-checkout': Permission denied
rm: cannot remove '/tmp/fm-control-herdr.hfslqR/home/state/hsmoke.git-hooks/pre-auto-gc': Permission denied
rm: cannot remove '/tmp/fm-control-herdr.hfslqR/home/state/hsmoke.git-hooks/commit-msg': Permission denied
fm-herdr-lab: missing fleet-state tripwire for 'fm-lab-control-smoke-1443715'; refusing destructive calls
