=== run 1 ===
(eval):1: no matches found: /tmp/fm-control-herdr.*
ok - real herdr: exit on a pane with no registered agent is idempotent success
ok - real herdr 0.9.3: a gone session reads recoverable while a live pane and a malformed target do not
warning: /tmp/fm-control-herdr.e3Gp9X/home/data/hsmoke/launch-brief.md records no ship branch; defaulting to legacy branch fm/hsmoke
warning: /tmp/fm-control-herdr.e3Gp9X/home/data/hsmoke/launch-brief.md records no delivery contract line (scaffolded before ship briefs recorded one); launching on the explicit --mode no-mistakes - confirm its definition of done matches
ok - real herdr: a drifted agent-free shell returns to its worktree and reuses the same endpoint
ok - real herdr: interrupt refuses when herdr's own agent registry reports no agent
ok - real herdr: interrupt delivers the harness's key and proves the agent survived it
ok - real herdr: no control verb removed the endpoint or the task's local copy
not ok - Herdr released the registration when the agent process exited, so this run cannot prove the stale-registration path; the classifier still reads dead through agent_not_found [herdr 0.9.3]
fm-herdr-lab: missing fleet-state tripwire for 'fm-lab-control-smoke-785772'; refusing destructive calls
exit=
=== run 2 ===
/tmp/fm-control-herdr.e3Gp9X
ok - real herdr: exit on a pane with no registered agent is idempotent success
ok - real herdr 0.9.3: a gone session reads recoverable while a live pane and a malformed target do not
warning: /tmp/fm-control-herdr.WJbdP6/home/data/hsmoke/launch-brief.md records no ship branch; defaulting to legacy branch fm/hsmoke
warning: /tmp/fm-control-herdr.WJbdP6/home/data/hsmoke/launch-brief.md records no delivery contract line (scaffolded before ship briefs recorded one); launching on the explicit --mode no-mistakes - confirm its definition of done matches
ok - real herdr: a drifted agent-free shell returns to its worktree and reuses the same endpoint
ok - real herdr: interrupt refuses when herdr's own agent registry reports no agent
ok - real herdr: interrupt delivers the harness's key and proves the agent survived it
ok - real herdr: no control verb removed the endpoint or the task's local copy
not ok - a registration over a shell-only pane reads 'no-agent' rather than 'stale-agent' [herdr 0.9.3]
fm-herdr-lab: missing fleet-state tripwire for 'fm-lab-control-smoke-909888'; refusing destructive calls
exit=
=== run 3 ===
/tmp/fm-control-herdr.WJbdP6
/tmp/fm-control-herdr.e3Gp9X
ok - real herdr: exit on a pane with no registered agent is idempotent success
ok - real herdr 0.9.3: a gone session reads recoverable while a live pane and a malformed target do not
warning: /tmp/fm-control-herdr.Au7RO7/home/data/hsmoke/launch-brief.md records no ship branch; defaulting to legacy branch fm/hsmoke
warning: /tmp/fm-control-herdr.Au7RO7/home/data/hsmoke/launch-brief.md records no delivery contract line (scaffolded before ship briefs recorded one); launching on the explicit --mode no-mistakes - confirm its definition of done matches
ok - real herdr: a drifted agent-free shell returns to its worktree and reuses the same endpoint
ok - real herdr: interrupt refuses when herdr's own agent registry reports no agent
ok - real herdr: interrupt delivers the harness's key and proves the agent survived it
ok - real herdr: no control verb removed the endpoint or the task's local copy
ok - real herdr 0.9.3: a registration Herdr keeps after its agent exits reads stale-agent and recovers as dead
ok - real herdr: exit on a pane with a stale registration is idempotent success
warning: /tmp/fm-control-herdr.Au7RO7/home/data/hsmoke/launch-brief.md records no ship branch; defaulting to legacy branch fm/hsmoke
warning: /tmp/fm-control-herdr.Au7RO7/home/data/hsmoke/launch-brief.md records no delivery contract line (scaffolded before ship briefs recorded one); launching on the explicit --mode no-mistakes - confirm its definition of done matches
ok - real herdr: a stale registration no longer blocks relaunch, and the endpoint and local copy survive
ok - real herdr: an agent behind an unproven composer fails closed instead of typing an exit command into it
exit=
