Real fm-home-seed and fm-spawn, submitted product copy, real Pi, private 120x40 tmux; offline disposable agent store.
scaffolded: /home/node/.no-mistakes/worktrees/450411b3e67c/01M3ZZZDR9X2H5N8PJ7ABWHZ3C/.prPf/data/lab-pi/brief.md (secondmate charter)
home=/home/node/.no-mistakes/worktrees/450411b3e67c/01M3ZZZDR9X2H5N8PJ7ABWHZ3C/.qrQZ
Baseline actually seeded home: Trust project folder dialog observed.
fm-gate-refuse: gate agent lifecycle permitted only against lab home /home/node/.no-mistakes/worktrees/450411b3e67c/01M3ZZZDR9X2H5N8PJ7ABWHZ3C/.prPf
warning: secondmate lab-pi sync skipped before launch: primary default-branch commit cannot be resolved
spawned lab-pi harness=pi kind=secondmate mode=secondmate yolo=off window=firstmate:fm-lab-pi worktree=/home/node/.no-mistakes/worktrees/450411b3e67c/01M3ZZZDR9X2H5N8PJ7ABWHZ3C/.qrQZ
Product-spawned Pi passed trust and reached the TUI; trust.json remained {}.
Persisted task endpoint:
window=firstmate:fm-lab-pi
worktree=/home/node/.no-mistakes/worktrees/450411b3e67c/01M3ZZZDR9X2H5N8PJ7ABWHZ3C/.qrQZ
harness=pi
kind=secondmate
home=/home/node/.no-mistakes/worktrees/450411b3e67c/01M3ZZZDR9X2H5N8PJ7ABWHZ3C/.qrQZ
Visible Pi output:

 ▀▀█  v1.0.0
 █▀ █ escape interrupt · ctrl+c/ctrl+d clear/exit · / commands · ! bash · ctrl+o more
 Press ctrl+o to show full startup help and loaded resources.

 Pi can explain its own features and look up its docs. Ask it how to use or extend Pi.


[Context]
  /home/node/.no-mistakes/worktrees/450411b3e67c/01M3ZZZDR9X2H5N8PJ7ABWHZ3C/AGENTS.md, AGENTS.md

[Skills]
  afk, agent-skill-trigger-index, ahoy, ask-user-authority, away-quiet-supervision, bearings, bootstrap-diagnostics,
captain-hold-lifecycle, decision-hold-lifecycle, diagnostic-reasoning, firstmate-codexapp, firstmate-coding-guidelines,
firstmate-orca, fmx-respond, harness-adapters, operational-home-layout, process-event-sources, project-management,
quiet, quota-array-dispatch, scout-completion, secondmate-provisioning, session-start-recovery, ship-landing, stow,
stuck-crewmate-recovery, updatefirstmate, validation-supervision

[Extensions]
  fm-branch-supervision.ts, fm-calm.ts, fm-primary-pi-watch.ts, fm-primary-turnend-guard.ts


 Warning: No models available. Use /login to log into a provider via OAuth or API key. See:
   /workspaces/wp/.pi/install/releases/1.0.0/node_modules/@earendil-works/pi-coding-agent/docs/providers.md
   /workspaces/wp/.pi/install/releases/1.0.0/node_modules/@earendil-works/pi-coding-agent/docs/models.md

 Error: No API key found for the selected model.

 Use /login to log into a provider via OAuth or API key. See:
   /workspaces/wp/.pi/install/releases/1.0.0/node_modules/@earendil-works/pi-coding-agent/docs/providers.md
   /workspaces/wp/.pi/install/releases/1.0.0/node_modules/@earendil-works/pi-coding-agent/docs/models.md

 Warning: tmux extended-keys is off. Modified Enter keys may not work. Add `set -g extended-keys on` to ~/.tmux.conf
 and restart tmux.

────────────────────────────────────────────────────────────────────────────────────────────────────────────────────────

────────────────────────────────────────────────────────────────────────────────────────────────────────────────────────
/home/node/.no-mistakes/worktrees/450411b3e67c/01M3ZZZDR9X2H5N8PJ7ABWHZ3C/.qrQZ (main)
0.0%/0 (auto)                                                                                                    unknown
