ok - legacy identities, metadata, bindings, and the shim keep working
ok - a board answer reaches the keyed-answer intake and wakes firstmate
ok - the chat channel feeds the same keyed-answer intake a captured review does
ok - completion and verification validate origins before constructing paths
ok - a status resolution over a still-open captain-held task is signalled, not closed
ok - a captain call with no routed work, a verified transfer, an open decision, and an answered call all stay silent
ok - cleanup leaves a captain-held work item open with its deliverable, and only an answer closes it
ok - release and scout report retention distinguish deliveries from rejected merge answers
ok - an interrupted cleanup keeps the captain call recoverable and session start retains it
ok - an answer before cleanup replay preserves the retained report
ok - an answer before cleanup replay notes the retained Gerrit change
ok - an unusable pending-close record names its reason instead of a bare refusal
ok - an unsupported relocated report does not wedge the captain's answer
ok - cleanup retains captain calls in the configured backlog
ok - cleanup keeps a captain-held Gerrit task open and records its change URL
ok - merge approval releases before zero-retention cleanup records completion
ok - the PR merge entrypoint refuses a captain-held task before merging
ok - the local merge entrypoint refuses a captain-held task before merging
ok - the PR merge entrypoint separates an unreadable authority record from an absent one
ok - the local merge entrypoint separates an unreadable authority record from an absent one
ok - merge entrypoints reject unsafe identities and absent state before locking
ok - merge entrypoints refuse a replacement incarnation after waiting for cleanup
ok - merge entrypoints own task state before forced cleanup can retire it
ok - a released merge passes the guarded entrypoint and remains recently landed
ok - cleanup refuses a ship row when its captain hold cannot be read
ok - skipped on markdown-only tasks-axi: verify against a beads-migrated hold
ok - skipped on markdown-only tasks-axi: verify against a prefix-migrated hold
ok - skipped on markdown-only tasks-axi: prefer a marker-noted row over a prefix namesake
ok - skipped on markdown-only tasks-axi: complete against a beads-migrated hold
ok - skipped on markdown-only tasks-axi: verify an unresolvable beads legacy id
ok - skipped on markdown-only tasks-axi: verify a derived pre-collapse key
ok - captain-hold mutations address the beads backend without a markdown override
ok - skipped on markdown-only tasks-axi: captain-hold create under due.required without types.custom
remaining captain-hold suite exit=0
