Real CLI validation. No fake backend, terminal, harness, login, or FM_GATE_REFUSE_BYPASS.
Faults occur immediately before real tasks-axi execution; read-only filesystem denies actual backend writes.
No runtime terminal is needed for the hold/answer/complete/verify public CLI surface.

$ (home=live-released-interrupt) /home/node/.npm-global/bin/tasks-axi add origin-a Review origin-a --kind scout --repo sample
ok: added origin-a (scout, repo sample) -> Queued
task:
  id: origin-a
  title: Review origin-a
  state: queued
  blocked: no
  blocked_by: none
  held: no
  hold_reason: "-"
  hold_kind: "-"
  hold_until: "-"
  kind: scout
  repo: sample
  priority: "-"
  created: 2026-10-07
  closed: "-"
  deps: none
  links: none
  body: ""
help[2]:
  - Run `tasks-axi start origin-a` to move it to in flight
  - Run `tasks-axi block origin-a --by <other>` to record a dependency
exit=0

$ (home=live-released-interrupt) /home/node/.npm-global/bin/tasks-axi add origin-b Review origin-b --kind scout --repo sample
ok: added origin-b (scout, repo sample) -> Queued
task:
  id: origin-b
  title: Review origin-b
  state: queued
  blocked: no
  blocked_by: none
  held: no
  hold_reason: "-"
  hold_kind: "-"
  hold_until: "-"
  kind: scout
  repo: sample
  priority: "-"
  created: 2026-10-07
  closed: "-"
  deps: none
  links: none
  body: ""
help[2]:
  - Run `tasks-axi start origin-b` to move it to in flight
  - Run `tasks-axi block origin-b --by <other>` to record a dependency
exit=0

$ (home=live-released-interrupt) /home/node/.no-mistakes/worktrees/5e28e613310e/01M4B5GBJ9SPZSFZEVT47MEJ31/bin/fm-captain-hold.sh hold call --title Separate captain call --reason Choose for A --origin origin-a
call
exit=0

$ (home=live-released-interrupt) /home/node/.no-mistakes/worktrees/5e28e613310e/01M4B5GBJ9SPZSFZEVT47MEJ31/bin/fm-captain-hold.sh answer call --release --decision-file /home/node/.no-mistakes/worktrees/5e28e613310e/01M4B5GBJ9SPZSFZEVT47MEJ31/.local-test-tmp/live-released-interrupt/answer-a.txt
released: call
exit=0

$ (home=live-released-interrupt) /home/node/.no-mistakes/worktrees/5e28e613310e/01M4B5GBJ9SPZSFZEVT47MEJ31/bin/fm-captain-hold.sh complete origin-a call
complete: origin-a captain-call inventory reviewed (call)
exit=0

$ (home=live-released-interrupt) /home/node/.no-mistakes/worktrees/5e28e613310e/01M4B5GBJ9SPZSFZEVT47MEJ31/bin/fm-captain-hold.sh hold call --reason Choose for B --origin origin-b [OS fault: interrupt]
exit=-15
OS fault marker: fault=interrupt pid=2000046 backend-command=hold call --reason fm-hold-v1:Q2hvb3NlIGZvciBC --kind captain


$ (home=live-released-interrupt) /home/node/.npm-global/bin/tasks-axi show call --full
task:
  id: call
  title: Separate captain call
  state: queued
  blocked: no
  blocked_by: none
  held: no
  hold_reason: "-"
  hold_kind: "-"
  hold_until: "-"
  kind: captain
  repo: sample
  priority: "-"
  created: 2026-10-07
  closed: "-"
  deps: none
  links: none
  body: "Captain hold set: 2026-10-07T13:47:03Z\n\nResolution recorded by fm-captain-hold.\nDecision digest: fb168afa26864cac5398c3edaece9e86cfdcdf8e9a4a2722d97180647fcb41ae\nResolution mode: released\n\nCaptain decision:\nRelease this work for A.\n\nCaptain hold origin: origin-a\n\nOrigin: origin-a"
exit=0

$ (home=live-released-interrupt) /home/node/.no-mistakes/worktrees/5e28e613310e/01M4B5GBJ9SPZSFZEVT47MEJ31/bin/fm-captain-hold.sh complete origin-b call
stderr: fm-captain-hold: captain-held task call carries a recorded answer from an earlier call, but its newer hold never completed; re-run the hold or answer it again
exit=1

$ (home=live-released-interrupt) /home/node/.no-mistakes/worktrees/5e28e613310e/01M4B5GBJ9SPZSFZEVT47MEJ31/bin/fm-captain-hold.sh verify origin-b
stderr: fm-captain-hold: captain-held task call carries a recorded answer from an earlier call, but its newer hold never completed; re-run the hold or answer it again
exit=1

$ (home=live-released-interrupt) /home/node/.no-mistakes/worktrees/5e28e613310e/01M4B5GBJ9SPZSFZEVT47MEJ31/bin/fm-captain-hold.sh complete origin-a call
stderr: fm-captain-hold: captain-held task call carries a recorded answer from an earlier call, but its newer hold never completed; re-run the hold or answer it again
exit=1

$ (home=live-released-interrupt) /home/node/.no-mistakes/worktrees/5e28e613310e/01M4B5GBJ9SPZSFZEVT47MEJ31/bin/fm-captain-hold.sh verify origin-a
stderr: fm-captain-hold: captain-held task call carries a recorded answer from an earlier call, but its newer hold never completed; re-run the hold or answer it again
exit=1

$ (home=live-released-interrupt) /home/node/.no-mistakes/worktrees/5e28e613310e/01M4B5GBJ9SPZSFZEVT47MEJ31/bin/fm-captain-hold.sh answer call --release --decision-file /home/node/.no-mistakes/worktrees/5e28e613310e/01M4B5GBJ9SPZSFZEVT47MEJ31/.local-test-tmp/live-released-interrupt/answer-a.txt
released: call
exit=0

$ (home=live-released-interrupt) /home/node/.no-mistakes/worktrees/5e28e613310e/01M4B5GBJ9SPZSFZEVT47MEJ31/bin/fm-captain-hold.sh complete origin-b call
stderr: fm-captain-hold: captain-held task call was held for origin origin-a, not origin-b; hold a task for origin-b or list the right one
exit=1

$ (home=live-released-interrupt) /home/node/.no-mistakes/worktrees/5e28e613310e/01M4B5GBJ9SPZSFZEVT47MEJ31/bin/fm-captain-hold.sh verify origin-b
stderr: fm-captain-hold: captain-held task call was held for origin origin-a, not origin-b; hold a task for origin-b or list the right one
exit=1

$ (home=live-released-interrupt) /home/node/.no-mistakes/worktrees/5e28e613310e/01M4B5GBJ9SPZSFZEVT47MEJ31/bin/fm-captain-hold.sh complete origin-a call
complete: origin-a captain-call inventory reviewed (call)
exit=0

$ (home=live-released-interrupt) /home/node/.no-mistakes/worktrees/5e28e613310e/01M4B5GBJ9SPZSFZEVT47MEJ31/bin/fm-captain-hold.sh verify origin-a
verified: origin-a captain-call inventory
exit=0

SCENARIO PASS: released call: interrupt moving A to B preserves A and refuses B (24.8s)

$ (home=live-released-interrupt) /home/node/.no-mistakes/worktrees/5e28e613310e/01M4B5GBJ9SPZSFZEVT47MEJ31/bin/fm-captain-hold.sh hold call --reason Choose for B --origin origin-b
call
exit=0

$ (home=live-released-interrupt) /home/node/.npm-global/bin/tasks-axi show call --full
task:
  id: call
  title: Separate captain call
  state: queued
  blocked: no
  blocked_by: none
  held: yes
  hold_reason: "fm-hold-v1:Q2hvb3NlIGZvciBC"
  hold_kind: captain
  hold_until: "-"
  kind: captain
  repo: sample
  priority: "-"
  created: 2026-10-07
  closed: "-"
  deps: none
  links: none
  body: "Captain hold set: 2026-10-07T13:47:21Z\nCaptain hold origin: origin-b\n\nResolution recorded by fm-captain-hold.\nDecision digest: fb168afa26864cac5398c3edaece9e86cfdcdf8e9a4a2722d97180647fcb41ae\nResolution mode: released\n\nCaptain decision:\nRelease this work for A.\n\n\nOrigin: origin-a"
exit=0

$ (home=live-released-interrupt) /home/node/.no-mistakes/worktrees/5e28e613310e/01M4B5GBJ9SPZSFZEVT47MEJ31/bin/fm-captain-hold.sh complete origin-b call
complete: origin-b captain-call inventory reviewed (call)
exit=0

$ (home=live-released-interrupt) /home/node/.no-mistakes/worktrees/5e28e613310e/01M4B5GBJ9SPZSFZEVT47MEJ31/bin/fm-captain-hold.sh verify origin-b
verified: origin-b captain-call inventory
exit=0

$ (home=live-released-interrupt) /home/node/.no-mistakes/worktrees/5e28e613310e/01M4B5GBJ9SPZSFZEVT47MEJ31/bin/fm-captain-hold.sh answer call --release --decision-file /home/node/.no-mistakes/worktrees/5e28e613310e/01M4B5GBJ9SPZSFZEVT47MEJ31/.local-test-tmp/live-released-interrupt/answer-b.txt
released: call
exit=0

$ (home=live-released-interrupt) /home/node/.no-mistakes/worktrees/5e28e613310e/01M4B5GBJ9SPZSFZEVT47MEJ31/bin/fm-captain-hold.sh complete origin-b call
complete: origin-b captain-call inventory reviewed (call)
exit=0

$ (home=live-released-interrupt) /home/node/.no-mistakes/worktrees/5e28e613310e/01M4B5GBJ9SPZSFZEVT47MEJ31/bin/fm-captain-hold.sh verify origin-b
verified: origin-b captain-call inventory
exit=0

$ (home=live-released-interrupt) /home/node/.no-mistakes/worktrees/5e28e613310e/01M4B5GBJ9SPZSFZEVT47MEJ31/bin/fm-captain-hold.sh complete origin-a call
stderr: fm-captain-hold: captain-held task call was held for origin origin-b, not origin-a; hold a task for origin-a or list the right one
exit=1

SCENARIO PASS: Retry the interrupted move and answer B: B becomes durable and A is refused (15.2s)

$ (home=live-released-readonly-hold) /home/node/.npm-global/bin/tasks-axi add origin-a Review origin-a --kind scout --repo sample
ok: added origin-a (scout, repo sample) -> Queued
task:
  id: origin-a
  title: Review origin-a
  state: queued
  blocked: no
  blocked_by: none
  held: no
  hold_reason: "-"
  hold_kind: "-"
  hold_until: "-"
  kind: scout
  repo: sample
  priority: "-"
  created: 2026-10-07
  closed: "-"
  deps: none
  links: none
  body: ""
help[2]:
  - Run `tasks-axi start origin-a` to move it to in flight
  - Run `tasks-axi block origin-a --by <other>` to record a dependency
exit=0

$ (home=live-released-readonly-hold) /home/node/.npm-global/bin/tasks-axi add origin-b Review origin-b --kind scout --repo sample
ok: added origin-b (scout, repo sample) -> Queued
task:
  id: origin-b
  title: Review origin-b
  state: queued
  blocked: no
  blocked_by: none
  held: no
  hold_reason: "-"
  hold_kind: "-"
  hold_until: "-"
  kind: scout
  repo: sample
  priority: "-"
  created: 2026-10-07
  closed: "-"
  deps: none
  links: none
  body: ""
help[2]:
  - Run `tasks-axi start origin-b` to move it to in flight
  - Run `tasks-axi block origin-b --by <other>` to record a dependency
exit=0

$ (home=live-released-readonly-hold) /home/node/.no-mistakes/worktrees/5e28e613310e/01M4B5GBJ9SPZSFZEVT47MEJ31/bin/fm-captain-hold.sh hold call --title Separate captain call --reason Choose for A --origin origin-a
call
exit=0

$ (home=live-released-readonly-hold) /home/node/.no-mistakes/worktrees/5e28e613310e/01M4B5GBJ9SPZSFZEVT47MEJ31/bin/fm-captain-hold.sh answer call --release --decision-file /home/node/.no-mistakes/worktrees/5e28e613310e/01M4B5GBJ9SPZSFZEVT47MEJ31/.local-test-tmp/live-released-readonly-hold/answer-a.txt
released: call
exit=0

$ (home=live-released-readonly-hold) /home/node/.no-mistakes/worktrees/5e28e613310e/01M4B5GBJ9SPZSFZEVT47MEJ31/bin/fm-captain-hold.sh complete origin-a call
complete: origin-a captain-call inventory reviewed (call)
exit=0

$ (home=live-released-readonly-hold) /home/node/.no-mistakes/worktrees/5e28e613310e/01M4B5GBJ9SPZSFZEVT47MEJ31/bin/fm-captain-hold.sh hold call --reason Choose for B --origin origin-b [OS fault: readonly-hold]
stderr: fm-captain-hold: could not restore the body of call after an incomplete hold
fm-captain-hold: could not hold task call for the captain
exit=1
OS fault marker: fault=readonly-hold pid=2024383 backend-command=hold call --reason fm-hold-v1:Q2hvb3NlIGZvciBC --kind captain


$ (home=live-released-readonly-hold) /home/node/.npm-global/bin/tasks-axi show call --full
task:
  id: call
  title: Separate captain call
  state: queued
  blocked: no
  blocked_by: none
  held: no
  hold_reason: "-"
  hold_kind: "-"
  hold_until: "-"
  kind: captain
  repo: sample
  priority: "-"
  created: 2026-10-07
  closed: "-"
  deps: none
  links: none
  body: "Captain hold set: 2026-10-07T13:47:44Z\n\nResolution recorded by fm-captain-hold.\nDecision digest: fb168afa26864cac5398c3edaece9e86cfdcdf8e9a4a2722d97180647fcb41ae\nResolution mode: released\n\nCaptain decision:\nRelease this work for A.\n\nCaptain hold origin: origin-a\n\nOrigin: origin-a"
exit=0

$ (home=live-released-readonly-hold) /home/node/.no-mistakes/worktrees/5e28e613310e/01M4B5GBJ9SPZSFZEVT47MEJ31/bin/fm-captain-hold.sh complete origin-b call
stderr: fm-captain-hold: captain-held task call carries a recorded answer from an earlier call, but its newer hold never completed; re-run the hold or answer it again
exit=1

$ (home=live-released-readonly-hold) /home/node/.no-mistakes/worktrees/5e28e613310e/01M4B5GBJ9SPZSFZEVT47MEJ31/bin/fm-captain-hold.sh verify origin-b
stderr: fm-captain-hold: captain-held task call carries a recorded answer from an earlier call, but its newer hold never completed; re-run the hold or answer it again
exit=1

$ (home=live-released-readonly-hold) /home/node/.no-mistakes/worktrees/5e28e613310e/01M4B5GBJ9SPZSFZEVT47MEJ31/bin/fm-captain-hold.sh complete origin-a call
stderr: fm-captain-hold: captain-held task call carries a recorded answer from an earlier call, but its newer hold never completed; re-run the hold or answer it again
exit=1

$ (home=live-released-readonly-hold) /home/node/.no-mistakes/worktrees/5e28e613310e/01M4B5GBJ9SPZSFZEVT47MEJ31/bin/fm-captain-hold.sh verify origin-a
stderr: fm-captain-hold: captain-held task call carries a recorded answer from an earlier call, but its newer hold never completed; re-run the hold or answer it again
exit=1

$ (home=live-released-readonly-hold) /home/node/.no-mistakes/worktrees/5e28e613310e/01M4B5GBJ9SPZSFZEVT47MEJ31/bin/fm-captain-hold.sh answer call --release --decision-file /home/node/.no-mistakes/worktrees/5e28e613310e/01M4B5GBJ9SPZSFZEVT47MEJ31/.local-test-tmp/live-released-readonly-hold/answer-a.txt
released: call
exit=0

$ (home=live-released-readonly-hold) /home/node/.no-mistakes/worktrees/5e28e613310e/01M4B5GBJ9SPZSFZEVT47MEJ31/bin/fm-captain-hold.sh complete origin-b call
stderr: fm-captain-hold: captain-held task call was held for origin origin-a, not origin-b; hold a task for origin-b or list the right one
exit=1

$ (home=live-released-readonly-hold) /home/node/.no-mistakes/worktrees/5e28e613310e/01M4B5GBJ9SPZSFZEVT47MEJ31/bin/fm-captain-hold.sh verify origin-b
stderr: fm-captain-hold: captain-held task call was held for origin origin-a, not origin-b; hold a task for origin-b or list the right one
exit=1

$ (home=live-released-readonly-hold) /home/node/.no-mistakes/worktrees/5e28e613310e/01M4B5GBJ9SPZSFZEVT47MEJ31/bin/fm-captain-hold.sh complete origin-a call
