
=== SCENARIO: Successful reassociation and new answer verify only for the new origin ===
$ FM_HOME=<disposable-lab> fm-lab-home.sh create /tmp/fm-lab._onnvf9t
exit=0
/tmp/fm-lab._onnvf9t

$ FM_HOME=<disposable-lab> fm-tasks-axi.sh add origin-a Review origin-a --kind scout --repo sample
exit=0
ok: added origin-a (scout, repo sample) -> Queued
task:
  id: origin-a
  title: Review origin-a
  state: queued
  blocked: no
  blocked_by: none
  held: no
  hold_reason: "-"
  hold_kind: "-"
  hold_until: "-"
  kind: scout
  repo: sample
  priority: "-"
  created: 2026-10-07
  closed: "-"
  deps: none
  links: none
  body: ""
help[2]:
  - Run `tasks-axi start origin-a` to move it to in flight
  - Run `tasks-axi block origin-a --by <other>` to record a dependency

$ FM_HOME=<disposable-lab> fm-tasks-axi.sh add origin-b Review origin-b --kind scout --repo sample
exit=0
ok: added origin-b (scout, repo sample) -> Queued
task:
  id: origin-b
  title: Review origin-b
  state: queued
  blocked: no
  blocked_by: none
  held: no
  hold_reason: "-"
  hold_kind: "-"
  hold_until: "-"
  kind: scout
  repo: sample
  priority: "-"
  created: 2026-10-07
  closed: "-"
  deps: none
  links: none
  body: ""
help[2]:
  - Run `tasks-axi start origin-b` to move it to in flight
  - Run `tasks-axi block origin-b --by <other>` to record a dependency

$ FM_HOME=<disposable-lab> fm-captain-hold.sh hold call --title Decision call --reason Choose for A --origin origin-a
exit=0
call

$ FM_HOME=<disposable-lab> fm-captain-hold.sh complete origin-a call
exit=0
complete: origin-a captain-call inventory reviewed (call)

$ FM_HOME=<disposable-lab> fm-captain-hold.sh verify origin-a
exit=0
verified: origin-a captain-call inventory

$ FM_HOME=<disposable-lab> fm-captain-hold.sh answer call --release --decision-file /tmp/fm-lab._onnvf9t/answer-a.txt
exit=0
released: call

$ FM_HOME=<disposable-lab> fm-captain-hold.sh complete origin-a call
exit=0
complete: origin-a captain-call inventory reviewed (call)

$ FM_HOME=<disposable-lab> fm-captain-hold.sh verify origin-a
exit=0
verified: origin-a captain-call inventory

$ FM_HOME=<disposable-lab> fm-captain-hold.sh hold call --reason Choose for B --origin origin-b
exit=0
call

$ FM_HOME=<disposable-lab> fm-tasks-axi.sh show call --full
exit=0
task:
  id: call
  title: Decision call
  state: queued
  blocked: no
  blocked_by: none
  held: yes
  hold_reason: "Choose for B"
  hold_kind: captain
  hold_until: "-"
  kind: captain
  repo: sample
  priority: "-"
  created: 2026-10-07
  closed: "-"
  deps: none
  links: none
  body: "Captain hold set: 2026-10-07T14:02:31Z\nCaptain hold origin: origin-b\n\nResolution recorded by fm-captain-hold.\nDecision digest: b14374c303dde44466b0c5751bbc79f2122d325ad49f10373b2bac4f75c83c73\nResolution mode: released\n\nCaptain decision:\nRelease the work for A.\n\n\nOrigin: origin-a"

$ FM_HOME=<disposable-lab> fm-captain-hold.sh complete origin-b call
exit=0
complete: origin-b captain-call inventory reviewed (call)

$ FM_HOME=<disposable-lab> fm-captain-hold.sh verify origin-b
exit=0
verified: origin-b captain-call inventory

$ FM_HOME=<disposable-lab> fm-captain-hold.sh answer call --release --decision-file /tmp/fm-lab._onnvf9t/answer-b.txt
exit=0
released: call

$ FM_HOME=<disposable-lab> fm-captain-hold.sh complete origin-b call
exit=0
complete: origin-b captain-call inventory reviewed (call)

$ FM_HOME=<disposable-lab> fm-captain-hold.sh verify origin-b
exit=0
verified: origin-b captain-call inventory

SCENARIO RESULT: pass

=== SCENARIO: active: interrupt before backend hold retains A and refuses B ===
$ FM_HOME=<disposable-lab> fm-lab-home.sh create /tmp/fm-lab.zjead_ho
exit=0
/tmp/fm-lab.zjead_ho

$ FM_HOME=<disposable-lab> fm-tasks-axi.sh add origin-a Review origin-a --kind scout --repo sample
exit=0
ok: added origin-a (scout, repo sample) -> Queued
task:
  id: origin-a
  title: Review origin-a
  state: queued
  blocked: no
  blocked_by: none
  held: no
  hold_reason: "-"
  hold_kind: "-"
  hold_until: "-"
  kind: scout
  repo: sample
  priority: "-"
  created: 2026-10-07
  closed: "-"
  deps: none
  links: none
  body: ""
help[2]:
  - Run `tasks-axi start origin-a` to move it to in flight
  - Run `tasks-axi block origin-a --by <other>` to record a dependency

$ FM_HOME=<disposable-lab> fm-tasks-axi.sh add origin-b Review origin-b --kind scout --repo sample
exit=0
ok: added origin-b (scout, repo sample) -> Queued
task:
  id: origin-b
  title: Review origin-b
  state: queued
  blocked: no
  blocked_by: none
  held: no
  hold_reason: "-"
  hold_kind: "-"
  hold_until: "-"
  kind: scout
  repo: sample
  priority: "-"
  created: 2026-10-07
  closed: "-"
  deps: none
  links: none
  body: ""
help[2]:
  - Run `tasks-axi start origin-b` to move it to in flight
  - Run `tasks-axi block origin-b --by <other>` to record a dependency

$ FM_HOME=<disposable-lab> fm-captain-hold.sh hold call --title Decision call --reason Choose for A --origin origin-a
exit=0
call

$ FM_HOME=<disposable-lab> fm-captain-hold.sh answer call --release --decision-file /tmp/fm-lab.zjead_ho/answer-a.txt
exit=0
released: call

$ FM_HOME=<disposable-lab> fm-captain-hold.sh hold call --reason Choose again for A --origin origin-a
exit=0
call

$ FM_HOME=<disposable-lab> fm-captain-hold.sh complete origin-a call
exit=0
complete: origin-a captain-call inventory reviewed (call)

$ FM_HOME=<disposable-lab> fm-captain-hold.sh verify origin-a
exit=0
verified: origin-a captain-call inventory

$ FM_HOME=<disposable-lab> fm-captain-hold.sh hold call --reason Choose for B --origin origin-b
exit=-15
FAULT: TERM before real backend hold; stamped body retains previous origin

$ FM_HOME=<disposable-lab> fm-tasks-axi.sh show call --full
exit=0
task:
  id: call
  title: Decision call
  state: queued
  blocked: no
  blocked_by: none
  held: yes
  hold_reason: "Choose again for A"
  hold_kind: captain
  hold_until: "-"
  kind: captain
  repo: sample
  priority: "-"
  created: 2026-10-07
  closed: "-"
  deps: none
  links: none
  body: "Captain hold set: 2026-10-07T14:02:41Z\nCaptain hold origin: origin-a\n\nResolution recorded by fm-captain-hold.\nDecision digest: b14374c303dde44466b0c5751bbc79f2122d325ad49f10373b2bac4f75c83c73\nResolution mode: released\n\nCaptain decision:\nRelease the work for A.\n\n\nOrigin: origin-a"

$ FM_HOME=<disposable-lab> fm-captain-hold.sh complete origin-b call
exit=1
fm-captain-hold: captain-held task call was held for origin origin-a, not origin-b; hold a task for origin-b or list the right one

$ FM_HOME=<disposable-lab> fm-captain-hold.sh verify origin-b
exit=1
fm-captain-hold: captain-held task call was held for origin origin-a, not origin-b; hold a task for origin-b or list the right one

$ FM_HOME=<disposable-lab> fm-captain-hold.sh complete origin-a call
exit=0
complete: origin-a captain-call inventory reviewed (call)

$ FM_HOME=<disposable-lab> fm-captain-hold.sh verify origin-a
exit=0
verified: origin-a captain-call inventory

$ FM_HOME=<disposable-lab> fm-captain-hold.sh hold call --reason Choose for B --origin origin-b
exit=0
call

$ FM_HOME=<disposable-lab> fm-captain-hold.sh complete origin-b call
exit=0
complete: origin-b captain-call inventory reviewed (call)

$ FM_HOME=<disposable-lab> fm-captain-hold.sh verify origin-b
exit=0
verified: origin-b captain-call inventory

SCENARIO RESULT: pass

=== SCENARIO: active: refuse before backend hold retains A and refuses B ===
$ FM_HOME=<disposable-lab> fm-lab-home.sh create /tmp/fm-lab.w5tkriou
exit=0
/tmp/fm-lab.w5tkriou

$ FM_HOME=<disposable-lab> fm-tasks-axi.sh add origin-a Review origin-a --kind scout --repo sample
exit=0
ok: added origin-a (scout, repo sample) -> Queued
task:
  id: origin-a
  title: Review origin-a
  state: queued
  blocked: no
  blocked_by: none
  held: no
  hold_reason: "-"
  hold_kind: "-"
  hold_until: "-"
  kind: scout
  repo: sample
  priority: "-"
  created: 2026-10-07
  closed: "-"
  deps: none
  links: none
  body: ""
help[2]:
  - Run `tasks-axi start origin-a` to move it to in flight
  - Run `tasks-axi block origin-a --by <other>` to record a dependency

$ FM_HOME=<disposable-lab> fm-tasks-axi.sh add origin-b Review origin-b --kind scout --repo sample
exit=0
ok: added origin-b (scout, repo sample) -> Queued
task:
  id: origin-b
  title: Review origin-b
  state: queued
  blocked: no
  blocked_by: none
  held: no
  hold_reason: "-"
  hold_kind: "-"
  hold_until: "-"
  kind: scout
  repo: sample
  priority: "-"
  created: 2026-10-07
  closed: "-"
  deps: none
  links: none
  body: ""
help[2]:
  - Run `tasks-axi start origin-b` to move it to in flight
  - Run `tasks-axi block origin-b --by <other>` to record a dependency

$ FM_HOME=<disposable-lab> fm-captain-hold.sh hold call --title Decision call --reason Choose for A --origin origin-a
exit=0
call

$ FM_HOME=<disposable-lab> fm-captain-hold.sh answer call --release --decision-file /tmp/fm-lab.w5tkriou/answer-a.txt
exit=0
released: call

$ FM_HOME=<disposable-lab> fm-captain-hold.sh hold call --reason Choose again for A --origin origin-a
exit=0
call

$ FM_HOME=<disposable-lab> fm-captain-hold.sh complete origin-a call
exit=0
complete: origin-a captain-call inventory reviewed (call)

$ FM_HOME=<disposable-lab> fm-captain-hold.sh verify origin-a
exit=0
verified: origin-a captain-call inventory

$ FM_HOME=<disposable-lab> fm-captain-hold.sh hold call --reason Choose for B --origin origin-b
exit=1
FAULT: remove write permission from disposable backlog and data dir before backend hold
fm-captain-hold: could not restore the body of call after an incomplete hold
fm-captain-hold: could not hold task call for the captain

$ FM_HOME=<disposable-lab> fm-tasks-axi.sh show call --full
exit=0
task:
  id: call
  title: Decision call
  state: queued
  blocked: no
  blocked_by: none
  held: yes
  hold_reason: "Choose again for A"
  hold_kind: captain
  hold_until: "-"
  kind: captain
  repo: sample
  priority: "-"
  created: 2026-10-07
  closed: "-"
  deps: none
  links: none
  body: "Captain hold set: 2026-10-07T14:02:57Z\nCaptain hold origin: origin-a\n\nResolution recorded by fm-captain-hold.\nDecision digest: b14374c303dde44466b0c5751bbc79f2122d325ad49f10373b2bac4f75c83c73\nResolution mode: released\n\nCaptain decision:\nRelease the work for A.\n\n\nOrigin: origin-a"

$ FM_HOME=<disposable-lab> fm-captain-hold.sh complete origin-b call
exit=1
fm-captain-hold: captain-held task call was held for origin origin-a, not origin-b; hold a task for origin-b or list the right one

$ FM_HOME=<disposable-lab> fm-captain-hold.sh verify origin-b
exit=1
fm-captain-hold: captain-held task call was held for origin origin-a, not origin-b; hold a task for origin-b or list the right one

$ FM_HOME=<disposable-lab> fm-captain-hold.sh complete origin-a call
exit=0
complete: origin-a captain-call inventory reviewed (call)

$ FM_HOME=<disposable-lab> fm-captain-hold.sh verify origin-a
exit=0
verified: origin-a captain-call inventory

$ FM_HOME=<disposable-lab> fm-captain-hold.sh hold call --reason Choose for B --origin origin-b
exit=0
call

$ FM_HOME=<disposable-lab> fm-captain-hold.sh complete origin-b call
exit=0
complete: origin-b captain-call inventory reviewed (call)

$ FM_HOME=<disposable-lab> fm-captain-hold.sh verify origin-b
exit=0
verified: origin-b captain-call inventory

SCENARIO RESULT: pass

=== SCENARIO: expired: interrupt before backend hold retains A and refuses B ===
$ FM_HOME=<disposable-lab> fm-lab-home.sh create /tmp/fm-lab.iqo7kxad
exit=0
/tmp/fm-lab.iqo7kxad

$ FM_HOME=<disposable-lab> fm-tasks-axi.sh add origin-a Review origin-a --kind scout --repo sample
exit=0
ok: added origin-a (scout, repo sample) -> Queued
task:
  id: origin-a
  title: Review origin-a
  state: queued
  blocked: no
  blocked_by: none
  held: no
  hold_reason: "-"
  hold_kind: "-"
  hold_until: "-"
  kind: scout
  repo: sample
  priority: "-"
  created: 2026-10-07
  closed: "-"
  deps: none
  links: none
  body: ""
help[2]:
  - Run `tasks-axi start origin-a` to move it to in flight
  - Run `tasks-axi block origin-a --by <other>` to record a dependency

$ FM_HOME=<disposable-lab> fm-tasks-axi.sh add origin-b Review origin-b --kind scout --repo sample
exit=0
ok: added origin-b (scout, repo sample) -> Queued
task:
  id: origin-b
  title: Review origin-b
  state: queued
  blocked: no
  blocked_by: none
  held: no
  hold_reason: "-"
  hold_kind: "-"
  hold_until: "-"
  kind: scout
  repo: sample
  priority: "-"
  created: 2026-10-07
  closed: "-"
  deps: none
  links: none
  body: ""
help[2]:
  - Run `tasks-axi start origin-b` to move it to in flight
  - Run `tasks-axi block origin-b --by <other>` to record a dependency

$ FM_HOME=<disposable-lab> fm-captain-hold.sh hold call --title Decision call --reason Choose for A --origin origin-a
exit=0
call

$ FM_HOME=<disposable-lab> fm-captain-hold.sh answer call --release --decision-file /tmp/fm-lab.iqo7kxad/answer-a.txt
exit=0
released: call

$ FM_HOME=<disposable-lab> fm-captain-hold.sh hold call --reason Choose again for A --origin origin-a --until 2000-01-01
exit=0
call

$ FM_HOME=<disposable-lab> fm-captain-hold.sh complete origin-a call
exit=0
complete: origin-a captain-call inventory reviewed (call)

$ FM_HOME=<disposable-lab> fm-captain-hold.sh verify origin-a
exit=0
verified: origin-a captain-call inventory

$ FM_HOME=<disposable-lab> fm-captain-hold.sh hold call --reason Choose for B --origin origin-b
exit=-15
FAULT: TERM before real backend hold; stamped body retains previous origin

$ FM_HOME=<disposable-lab> fm-tasks-axi.sh show call --full
exit=0
task:
  id: call
  title: Decision call
  state: queued
  blocked: no
  blocked_by: none
  held: no
  hold_reason: "Choose again for A"
  hold_kind: captain
  hold_until: 2000-01-01
  kind: captain
  repo: sample
  priority: "-"
  created: 2026-10-07
  closed: "-"
  deps: none
  links: none
  body: "Captain hold set: 2026-10-07T14:03:17Z\n\nCaptain hold origin: origin-a\n\nResolution recorded by fm-captain-hold.\nDecision digest: b14374c303dde44466b0c5751bbc79f2122d325ad49f10373b2bac4f75c83c73\nResolution mode: released\n\nCaptain decision:\nRelease the work for A.\n\n\nOrigin: origin-a"

$ FM_HOME=<disposable-lab> fm-captain-hold.sh complete origin-b call
exit=1
fm-captain-hold: captain-held task call was held for origin origin-a, not origin-b; hold a task for origin-b or list the right one

$ FM_HOME=<disposable-lab> fm-captain-hold.sh verify origin-b
exit=1
fm-captain-hold: captain-held task call was held for origin origin-a, not origin-b; hold a task for origin-b or list the right one

$ FM_HOME=<disposable-lab> fm-captain-hold.sh complete origin-a call
exit=0
complete: origin-a captain-call inventory reviewed (call)

$ FM_HOME=<disposable-lab> fm-captain-hold.sh verify origin-a
exit=0
verified: origin-a captain-call inventory

$ FM_HOME=<disposable-lab> fm-captain-hold.sh hold call --reason Choose for B --origin origin-b
exit=0
call

$ FM_HOME=<disposable-lab> fm-captain-hold.sh complete origin-b call
exit=0
complete: origin-b captain-call inventory reviewed (call)

$ FM_HOME=<disposable-lab> fm-captain-hold.sh verify origin-b
exit=0
verified: origin-b captain-call inventory

SCENARIO RESULT: pass

=== SCENARIO: expired: refuse before backend hold retains A and refuses B ===
$ FM_HOME=<disposable-lab> fm-lab-home.sh create /tmp/fm-lab.a3ids3p8
exit=0
/tmp/fm-lab.a3ids3p8

$ FM_HOME=<disposable-lab> fm-tasks-axi.sh add origin-a Review origin-a --kind scout --repo sample
exit=0
ok: added origin-a (scout, repo sample) -> Queued
task:
  id: origin-a
  title: Review origin-a
  state: queued
  blocked: no
  blocked_by: none
  held: no
  hold_reason: "-"
  hold_kind: "-"
  hold_until: "-"
  kind: scout
  repo: sample
  priority: "-"
  created: 2026-10-07
  closed: "-"
  deps: none
  links: none
  body: ""
help[2]:
  - Run `tasks-axi start origin-a` to move it to in flight
  - Run `tasks-axi block origin-a --by <other>` to record a dependency

$ FM_HOME=<disposable-lab> fm-tasks-axi.sh add origin-b Review origin-b --kind scout --repo sample
exit=0
ok: added origin-b (scout, repo sample) -> Queued
task:
  id: origin-b
  title: Review origin-b
  state: queued
  blocked: no
  blocked_by: none
  held: no
  hold_reason: "-"
  hold_kind: "-"
  hold_until: "-"
  kind: scout
  repo: sample
  priority: "-"
  created: 2026-10-07
  closed: "-"
  deps: none
  links: none
  body: ""
help[2]:
  - Run `tasks-axi start origin-b` to move it to in flight
  - Run `tasks-axi block origin-b --by <other>` to record a dependency

$ FM_HOME=<disposable-lab> fm-captain-hold.sh hold call --title Decision call --reason Choose for A --origin origin-a
exit=0
call

$ FM_HOME=<disposable-lab> fm-captain-hold.sh answer call --release --decision-file /tmp/fm-lab.a3ids3p8/answer-a.txt
exit=0
released: call

$ FM_HOME=<disposable-lab> fm-captain-hold.sh hold call --reason Choose again for A --origin origin-a --until 2000-01-01
exit=0
call

$ FM_HOME=<disposable-lab> fm-captain-hold.sh complete origin-a call
exit=0
complete: origin-a captain-call inventory reviewed (call)

$ FM_HOME=<disposable-lab> fm-captain-hold.sh verify origin-a
exit=0
verified: origin-a captain-call inventory

$ FM_HOME=<disposable-lab> fm-captain-hold.sh hold call --reason Choose for B --origin origin-b
exit=1
FAULT: remove write permission from disposable backlog and data dir before backend hold
fm-captain-hold: could not restore the body of call after an incomplete hold
fm-captain-hold: could not hold task call for the captain

$ FM_HOME=<disposable-lab> fm-tasks-axi.sh show call --full
exit=0
task:
  id: call
  title: Decision call
  state: queued
  blocked: no
  blocked_by: none
  held: no
  hold_reason: "Choose again for A"
  hold_kind: captain
  hold_until: 2000-01-01
  kind: captain
  repo: sample
  priority: "-"
  created: 2026-10-07
  closed: "-"
  deps: none
  links: none
  body: "Captain hold set: 2026-10-07T14:03:34Z\n\nCaptain hold origin: origin-a\n\nResolution recorded by fm-captain-hold.\nDecision digest: b14374c303dde44466b0c5751bbc79f2122d325ad49f10373b2bac4f75c83c73\nResolution mode: released\n\nCaptain decision:\nRelease the work for A.\n\n\nOrigin: origin-a"

$ FM_HOME=<disposable-lab> fm-captain-hold.sh complete origin-b call
exit=1
fm-captain-hold: captain-held task call was held for origin origin-a, not origin-b; hold a task for origin-b or list the right one

$ FM_HOME=<disposable-lab> fm-captain-hold.sh verify origin-b
exit=1
fm-captain-hold: captain-held task call was held for origin origin-a, not origin-b; hold a task for origin-b or list the right one

$ FM_HOME=<disposable-lab> fm-captain-hold.sh complete origin-a call
exit=0
complete: origin-a captain-call inventory reviewed (call)

$ FM_HOME=<disposable-lab> fm-captain-hold.sh verify origin-a
exit=0
verified: origin-a captain-call inventory

$ FM_HOME=<disposable-lab> fm-captain-hold.sh hold call --reason Choose for B --origin origin-b
exit=0
call

$ FM_HOME=<disposable-lab> fm-captain-hold.sh complete origin-b call
exit=0
complete: origin-b captain-call inventory reviewed (call)

$ FM_HOME=<disposable-lab> fm-captain-hold.sh verify origin-b
exit=0
verified: origin-b captain-call inventory

SCENARIO RESULT: pass

=== SCENARIO: released-replay: interrupt before backend hold retains A and refuses B ===
$ FM_HOME=<disposable-lab> fm-lab-home.sh create /tmp/fm-lab.tttq_jx9
exit=0
/tmp/fm-lab.tttq_jx9

$ FM_HOME=<disposable-lab> fm-tasks-axi.sh add origin-a Review origin-a --kind scout --repo sample
exit=0
ok: added origin-a (scout, repo sample) -> Queued
task:
  id: origin-a
  title: Review origin-a
  state: queued
  blocked: no
  blocked_by: none
  held: no
  hold_reason: "-"
  hold_kind: "-"
  hold_until: "-"
  kind: scout
  repo: sample
  priority: "-"
  created: 2026-10-07
  closed: "-"
  deps: none
  links: none
  body: ""
help[2]:
  - Run `tasks-axi start origin-a` to move it to in flight
  - Run `tasks-axi block origin-a --by <other>` to record a dependency

$ FM_HOME=<disposable-lab> fm-tasks-axi.sh add origin-b Review origin-b --kind scout --repo sample
exit=0
ok: added origin-b (scout, repo sample) -> Queued
task:
  id: origin-b
  title: Review origin-b
  state: queued
  blocked: no
  blocked_by: none
  held: no
  hold_reason: "-"
  hold_kind: "-"
  hold_until: "-"
  kind: scout
  repo: sample
  priority: "-"
  created: 2026-10-07
  closed: "-"
  deps: none
  links: none
  body: ""
help[2]:
  - Run `tasks-axi start origin-b` to move it to in flight
  - Run `tasks-axi block origin-b --by <other>` to record a dependency

$ FM_HOME=<disposable-lab> fm-captain-hold.sh hold call --title Decision call --reason Choose for A --origin origin-a
exit=0
call

$ FM_HOME=<disposable-lab> fm-captain-hold.sh answer call --release --decision-file /tmp/fm-lab.tttq_jx9/answer-a.txt
exit=0
released: call

$ FM_HOME=<disposable-lab> fm-captain-hold.sh complete origin-a call
exit=0
complete: origin-a captain-call inventory reviewed (call)

$ FM_HOME=<disposable-lab> fm-captain-hold.sh verify origin-a
exit=0
verified: origin-a captain-call inventory

$ FM_HOME=<disposable-lab> fm-captain-hold.sh hold call --reason Choose for B --origin origin-b
exit=-15
FAULT: TERM before real backend hold; stamped body retains previous origin

$ FM_HOME=<disposable-lab> fm-tasks-axi.sh show call --full
exit=0
task:
  id: call
  title: Decision call
  state: queued
  blocked: no
  blocked_by: none
  held: no
  hold_reason: "-"
  hold_kind: "-"
  hold_until: "-"
  kind: captain
  repo: sample
  priority: "-"
  created: 2026-10-07
  closed: "-"
  deps: none
  links: none
  body: "Captain hold set: 2026-10-07T14:03:50Z\n\nResolution recorded by fm-captain-hold.\nDecision digest: b14374c303dde44466b0c5751bbc79f2122d325ad49f10373b2bac4f75c83c73\nResolution mode: released\n\nCaptain decision:\nRelease the work for A.\n\nCaptain hold origin: origin-a\n\nOrigin: origin-a"

$ FM_HOME=<disposable-lab> fm-captain-hold.sh complete origin-b call
exit=1
fm-captain-hold: captain-held task call carries a recorded answer from an earlier call, but its newer hold never completed; re-run the hold or answer it again

$ FM_HOME=<disposable-lab> fm-captain-hold.sh verify origin-b
exit=1
fm-captain-hold: captain-held task call carries a recorded answer from an earlier call, but its newer hold never completed; re-run the hold or answer it again

$ FM_HOME=<disposable-lab> fm-captain-hold.sh complete origin-a call
exit=1
fm-captain-hold: captain-held task call carries a recorded answer from an earlier call, but its newer hold never completed; re-run the hold or answer it again

$ FM_HOME=<disposable-lab> fm-captain-hold.sh verify origin-a
exit=1
fm-captain-hold: captain-held task call carries a recorded answer from an earlier call, but its newer hold never completed; re-run the hold or answer it again

$ FM_HOME=<disposable-lab> fm-captain-hold.sh answer call --release --decision-file /tmp/fm-lab.tttq_jx9/answer-a.txt
exit=0
released: call

$ FM_HOME=<disposable-lab> fm-tasks-axi.sh show call --full
exit=0
task:
  id: call
  title: Decision call
  state: queued
  blocked: no
  blocked_by: none
  held: no
  hold_reason: "-"
  hold_kind: "-"
  hold_until: "-"
  kind: captain
  repo: sample
  priority: "-"
  created: 2026-10-07
  closed: "-"
  deps: none
  links: none
  body: "Resolution recorded by fm-captain-hold.\nDecision digest: b14374c303dde44466b0c5751bbc79f2122d325ad49f10373b2bac4f75c83c73\nResolution mode: released\n\nCaptain decision:\nRelease the work for A.\n\nCaptain hold origin: origin-a\n\nOrigin: origin-a"

$ FM_HOME=<disposable-lab> fm-captain-hold.sh complete origin-b call
exit=1
fm-captain-hold: captain-held task call was held for origin origin-a, not origin-b; hold a task for origin-b or list the right one

$ FM_HOME=<disposable-lab> fm-captain-hold.sh verify origin-b
exit=1
fm-captain-hold: captain-held task call was held for origin origin-a, not origin-b; hold a task for origin-b or list the right one

$ FM_HOME=<disposable-lab> fm-captain-hold.sh complete origin-a call
exit=0
complete: origin-a captain-call inventory reviewed (call)

$ FM_HOME=<disposable-lab> fm-captain-hold.sh verify origin-a
exit=0
verified: origin-a captain-call inventory

$ FM_HOME=<disposable-lab> fm-captain-hold.sh hold call --reason Choose for B --origin origin-b
exit=0
call

$ FM_HOME=<disposable-lab> fm-captain-hold.sh complete origin-b call
exit=0
complete: origin-b captain-call inventory reviewed (call)

$ FM_HOME=<disposable-lab> fm-captain-hold.sh verify origin-b
exit=0
verified: origin-b captain-call inventory

SCENARIO RESULT: pass

=== SCENARIO: released-replay: refuse before backend hold retains A and refuses B ===
$ FM_HOME=<disposable-lab> fm-lab-home.sh create /tmp/fm-lab.g2_sf0qm
exit=0
/tmp/fm-lab.g2_sf0qm

$ FM_HOME=<disposable-lab> fm-tasks-axi.sh add origin-a Review origin-a --kind scout --repo sample
exit=0
ok: added origin-a (scout, repo sample) -> Queued
task:
  id: origin-a
  title: Review origin-a
  state: queued
  blocked: no
  blocked_by: none
  held: no
  hold_reason: "-"
  hold_kind: "-"
  hold_until: "-"
  kind: scout
  repo: sample
  priority: "-"
  created: 2026-10-07
  closed: "-"
  deps: none
  links: none
  body: ""
help[2]:
  - Run `tasks-axi start origin-a` to move it to in flight
  - Run `tasks-axi block origin-a --by <other>` to record a dependency

$ FM_HOME=<disposable-lab> fm-tasks-axi.sh add origin-b Review origin-b --kind scout --repo sample
exit=0
ok: added origin-b (scout, repo sample) -> Queued
task:
  id: origin-b
  title: Review origin-b
  state: queued
  blocked: no
  blocked_by: none
  held: no
  hold_reason: "-"
  hold_kind: "-"
  hold_until: "-"
  kind: scout
  repo: sample
  priority: "-"
  created: 2026-10-07
  closed: "-"
  deps: none
  links: none
  body: ""
help[2]:
  - Run `tasks-axi start origin-b` to move it to in flight
  - Run `tasks-axi block origin-b --by <other>` to record a dependency

$ FM_HOME=<disposable-lab> fm-captain-hold.sh hold call --title Decision call --reason Choose for A --origin origin-a
exit=0
call

$ FM_HOME=<disposable-lab> fm-captain-hold.sh answer call --release --decision-file /tmp/fm-lab.g2_sf0qm/answer-a.txt
exit=0
released: call

$ FM_HOME=<disposable-lab> fm-captain-hold.sh complete origin-a call
exit=0
complete: origin-a captain-call inventory reviewed (call)

$ FM_HOME=<disposable-lab> fm-captain-hold.sh verify origin-a
exit=0
verified: origin-a captain-call inventory

$ FM_HOME=<disposable-lab> fm-captain-hold.sh hold call --reason Choose for B --origin origin-b
exit=1
FAULT: remove write permission from disposable backlog and data dir before backend hold
fm-captain-hold: could not restore the body of call after an incomplete hold
fm-captain-hold: could not hold task call for the captain

$ FM_HOME=<disposable-lab> fm-tasks-axi.sh show call --full
exit=0
task:
  id: call
  title: Decision call
  state: queued
  blocked: no
  blocked_by: none
  held: no
  hold_reason: "-"
  hold_kind: "-"
  hold_until: "-"
  kind: captain
  repo: sample
  priority: "-"
  created: 2026-10-07
  closed: "-"
  deps: none
  links: none
  body: "Captain hold set: 2026-10-07T14:04:10Z\n\nResolution recorded by fm-captain-hold.\nDecision digest: b14374c303dde44466b0c5751bbc79f2122d325ad49f10373b2bac4f75c83c73\nResolution mode: released\n\nCaptain decision:\nRelease the work for A.\n\nCaptain hold origin: origin-a\n\nOrigin: origin-a"

$ FM_HOME=<disposable-lab> fm-captain-hold.sh complete origin-b call
exit=1
fm-captain-hold: captain-held task call carries a recorded answer from an earlier call, but its newer hold never completed; re-run the hold or answer it again

$ FM_HOME=<disposable-lab> fm-captain-hold.sh verify origin-b
exit=1
fm-captain-hold: captain-held task call carries a recorded answer from an earlier call, but its newer hold never completed; re-run the hold or answer it again

$ FM_HOME=<disposable-lab> fm-captain-hold.sh complete origin-a call
exit=1
fm-captain-hold: captain-held task call carries a recorded answer from an earlier call, but its newer hold never completed; re-run the hold or answer it again

$ FM_HOME=<disposable-lab> fm-captain-hold.sh verify origin-a
exit=1
fm-captain-hold: captain-held task call carries a recorded answer from an earlier call, but its newer hold never completed; re-run the hold or answer it again

$ FM_HOME=<disposable-lab> fm-captain-hold.sh answer call --release --decision-file /tmp/fm-lab.g2_sf0qm/answer-a.txt
exit=0
released: call

$ FM_HOME=<disposable-lab> fm-tasks-axi.sh show call --full
exit=0
task:
  id: call
  title: Decision call
  state: queued
  blocked: no
  blocked_by: none
  held: no
  hold_reason: "-"
  hold_kind: "-"
  hold_until: "-"
  kind: captain
  repo: sample
  priority: "-"
  created: 2026-10-07
  closed: "-"
  deps: none
  links: none
  body: "Resolution recorded by fm-captain-hold.\nDecision digest: b14374c303dde44466b0c5751bbc79f2122d325ad49f10373b2bac4f75c83c73\nResolution mode: released\n\nCaptain decision:\nRelease the work for A.\n\nCaptain hold origin: origin-a\n\nOrigin: origin-a"

$ FM_HOME=<disposable-lab> fm-captain-hold.sh complete origin-b call
exit=1
fm-captain-hold: captain-held task call was held for origin origin-a, not origin-b; hold a task for origin-b or list the right one

$ FM_HOME=<disposable-lab> fm-captain-hold.sh verify origin-b
exit=1
fm-captain-hold: captain-held task call was held for origin origin-a, not origin-b; hold a task for origin-b or list the right one

$ FM_HOME=<disposable-lab> fm-captain-hold.sh complete origin-a call
exit=0
complete: origin-a captain-call inventory reviewed (call)

$ FM_HOME=<disposable-lab> fm-captain-hold.sh verify origin-a
exit=0
verified: origin-a captain-call inventory

$ FM_HOME=<disposable-lab> fm-captain-hold.sh hold call --reason Choose for B --origin origin-b
exit=0
call

$ FM_HOME=<disposable-lab> fm-captain-hold.sh complete origin-b call
exit=0
complete: origin-b captain-call inventory reviewed (call)

$ FM_HOME=<disposable-lab> fm-captain-hold.sh verify origin-b
exit=0
verified: origin-b captain-call inventory

SCENARIO RESULT: pass

=== SCENARIO: released-done: interrupt before backend hold retains A and refuses B ===
$ FM_HOME=<disposable-lab> fm-lab-home.sh create /tmp/fm-lab.s0el4uzt
exit=0
/tmp/fm-lab.s0el4uzt

$ FM_HOME=<disposable-lab> fm-tasks-axi.sh add origin-a Review origin-a --kind scout --repo sample
exit=0
ok: added origin-a (scout, repo sample) -> Queued
task:
  id: origin-a
  title: Review origin-a
  state: queued
  blocked: no
  blocked_by: none
  held: no
  hold_reason: "-"
  hold_kind: "-"
  hold_until: "-"
  kind: scout
  repo: sample
  priority: "-"
  created: 2026-10-07
  closed: "-"
  deps: none
  links: none
  body: ""
help[2]:
  - Run `tasks-axi start origin-a` to move it to in flight
  - Run `tasks-axi block origin-a --by <other>` to record a dependency

$ FM_HOME=<disposable-lab> fm-tasks-axi.sh add origin-b Review origin-b --kind scout --repo sample
exit=0
ok: added origin-b (scout, repo sample) -> Queued
task:
  id: origin-b
  title: Review origin-b
  state: queued
  blocked: no
  blocked_by: none
  held: no
  hold_reason: "-"
  hold_kind: "-"
  hold_until: "-"
  kind: scout
  repo: sample
  priority: "-"
  created: 2026-10-07
  closed: "-"
  deps: none
  links: none
  body: ""
help[2]:
  - Run `tasks-axi start origin-b` to move it to in flight
  - Run `tasks-axi block origin-b --by <other>` to record a dependency

$ FM_HOME=<disposable-lab> fm-captain-hold.sh hold call --title Decision call --reason Choose for A --origin origin-a
exit=0
call

$ FM_HOME=<disposable-lab> fm-captain-hold.sh answer call --release --decision-file /tmp/fm-lab.s0el4uzt/answer-a.txt
exit=0
released: call

$ FM_HOME=<disposable-lab> fm-captain-hold.sh complete origin-a call
exit=0
complete: origin-a captain-call inventory reviewed (call)

$ FM_HOME=<disposable-lab> fm-captain-hold.sh verify origin-a
exit=0
verified: origin-a captain-call inventory

$ FM_HOME=<disposable-lab> fm-captain-hold.sh hold call --reason Choose for B --origin origin-b
exit=-15
FAULT: TERM before real backend hold; stamped body retains previous origin

$ FM_HOME=<disposable-lab> fm-tasks-axi.sh show call --full
exit=0
task:
  id: call
  title: Decision call
  state: queued
  blocked: no
  blocked_by: none
  held: no
  hold_reason: "-"
  hold_kind: "-"
  hold_until: "-"
  kind: captain
  repo: sample
  priority: "-"
  created: 2026-10-07
  closed: "-"
  deps: none
  links: none
  body: "Captain hold set: 2026-10-07T14:04:28Z\n\nResolution recorded by fm-captain-hold.\nDecision digest: b14374c303dde44466b0c5751bbc79f2122d325ad49f10373b2bac4f75c83c73\nResolution mode: released\n\nCaptain decision:\nRelease the work for A.\n\nCaptain hold origin: origin-a\n\nOrigin: origin-a"

$ FM_HOME=<disposable-lab> fm-captain-hold.sh complete origin-b call
exit=1
fm-captain-hold: captain-held task call carries a recorded answer from an earlier call, but its newer hold never completed; re-run the hold or answer it again

$ FM_HOME=<disposable-lab> fm-captain-hold.sh verify origin-b
exit=1
fm-captain-hold: captain-held task call carries a recorded answer from an earlier call, but its newer hold never completed; re-run the hold or answer it again

$ FM_HOME=<disposable-lab> fm-captain-hold.sh complete origin-a call
exit=1
fm-captain-hold: captain-held task call carries a recorded answer from an earlier call, but its newer hold never completed; re-run the hold or answer it again

$ FM_HOME=<disposable-lab> fm-captain-hold.sh verify origin-a
exit=1
fm-captain-hold: captain-held task call carries a recorded answer from an earlier call, but its newer hold never completed; re-run the hold or answer it again

$ FM_HOME=<disposable-lab> fm-tasks-axi.sh done call --keep 1
exit=0
ok: done call -> Done
help[1]:
  - Run `tasks-axi ready` to dispatch work unblocked by this

$ FM_HOME=<disposable-lab> fm-tasks-axi.sh show call --full
exit=0
task:
  id: call
  title: Decision call
  state: done
  blocked: no
  blocked_by: none
  held: no
  hold_reason: "-"
  hold_kind: "-"
  hold_until: "-"
  kind: captain
  repo: sample
  priority: "-"
  created: "-"
  closed: 2026-10-07
  deps: none
  links: none
  body: "Captain hold set: 2026-10-07T14:04:28Z\n\nResolution recorded by fm-captain-hold.\nDecision digest: b14374c303dde44466b0c5751bbc79f2122d325ad49f10373b2bac4f75c83c73\nResolution mode: released\n\nCaptain decision:\nRelease the work for A.\n\nCaptain hold origin: origin-a\n\nOrigin: origin-a"

$ FM_HOME=<disposable-lab> fm-captain-hold.sh complete origin-b call
exit=1
fm-captain-hold: captain-held task call was held for origin origin-a, not origin-b; hold a task for origin-b or list the right one

$ FM_HOME=<disposable-lab> fm-captain-hold.sh verify origin-b
exit=1
fm-captain-hold: captain-held task call was held for origin origin-a, not origin-b; hold a task for origin-b or list the right one

$ FM_HOME=<disposable-lab> fm-captain-hold.sh complete origin-a call
exit=0
complete: origin-a captain-call inventory reviewed (call)

$ FM_HOME=<disposable-lab> fm-captain-hold.sh verify origin-a
exit=0
verified: origin-a captain-call inventory

SCENARIO RESULT: pass

=== SCENARIO: released-done: refuse before backend hold retains A and refuses B ===
$ FM_HOME=<disposable-lab> fm-lab-home.sh create /tmp/fm-lab.j5y0x6dh
exit=0
/tmp/fm-lab.j5y0x6dh

$ FM_HOME=<disposable-lab> fm-tasks-axi.sh add origin-a Review origin-a --kind scout --repo sample
exit=0
ok: added origin-a (scout, repo sample) -> Queued
task:
  id: origin-a
  title: Review origin-a
  state: queued
  blocked: no
  blocked_by: none
  held: no
  hold_reason: "-"
  hold_kind: "-"
  hold_until: "-"
  kind: scout
  repo: sample
  priority: "-"
  created: 2026-10-07
  closed: "-"
  deps: none
  links: none
  body: ""
help[2]:
  - Run `tasks-axi start origin-a` to move it to in flight
  - Run `tasks-axi block origin-a --by <other>` to record a dependency

$ FM_HOME=<disposable-lab> fm-tasks-axi.sh add origin-b Review origin-b --kind scout --repo sample
exit=0
ok: added origin-b (scout, repo sample) -> Queued
task:
  id: origin-b
  title: Review origin-b
  state: queued
  blocked: no
  blocked_by: none
  held: no
  hold_reason: "-"
  hold_kind: "-"
  hold_until: "-"
  kind: scout
  repo: sample
  priority: "-"
  created: 2026-10-07
  closed: "-"
  deps: none
  links: none
  body: ""
help[2]:
  - Run `tasks-axi start origin-b` to move it to in flight
  - Run `tasks-axi block origin-b --by <other>` to record a dependency

$ FM_HOME=<disposable-lab> fm-captain-hold.sh hold call --title Decision call --reason Choose for A --origin origin-a
exit=0
call

$ FM_HOME=<disposable-lab> fm-captain-hold.sh answer call --release --decision-file /tmp/fm-lab.j5y0x6dh/answer-a.txt
exit=0
released: call

$ FM_HOME=<disposable-lab> fm-captain-hold.sh complete origin-a call
exit=0
complete: origin-a captain-call inventory reviewed (call)

$ FM_HOME=<disposable-lab> fm-captain-hold.sh verify origin-a
exit=0
verified: origin-a captain-call inventory

$ FM_HOME=<disposable-lab> fm-captain-hold.sh hold call --reason Choose for B --origin origin-b
exit=1
FAULT: remove write permission from disposable backlog and data dir before backend hold
fm-captain-hold: could not restore the body of call after an incomplete hold
fm-captain-hold: could not hold task call for the captain

$ FM_HOME=<disposable-lab> fm-tasks-axi.sh show call --full
exit=0
task:
  id: call
  title: Decision call
  state: queued
  blocked: no
  blocked_by: none
  held: no
  hold_reason: "-"
  hold_kind: "-"
  hold_until: "-"
  kind: captain
  repo: sample
  priority: "-"
  created: 2026-10-07
  closed: "-"
  deps: none
  links: none
  body: "Captain hold set: 2026-10-07T14:04:43Z\n\nResolution recorded by fm-captain-hold.\nDecision digest: b14374c303dde44466b0c5751bbc79f2122d325ad49f10373b2bac4f75c83c73\nResolution mode: released\n\nCaptain decision:\nRelease the work for A.\n\nCaptain hold origin: origin-a\n\nOrigin: origin-a"

$ FM_HOME=<disposable-lab> fm-captain-hold.sh complete origin-b call
exit=1
fm-captain-hold: captain-held task call carries a recorded answer from an earlier call, but its newer hold never completed; re-run the hold or answer it again

$ FM_HOME=<disposable-lab> fm-captain-hold.sh verify origin-b
exit=1
fm-captain-hold: captain-held task call carries a recorded answer from an earlier call, but its newer hold never completed; re-run the hold or answer it again

$ FM_HOME=<disposable-lab> fm-captain-hold.sh complete origin-a call
exit=1
fm-captain-hold: captain-held task call carries a recorded answer from an earlier call, but its newer hold never completed; re-run the hold or answer it again

$ FM_HOME=<disposable-lab> fm-captain-hold.sh verify origin-a
exit=1
fm-captain-hold: captain-held task call carries a recorded answer from an earlier call, but its newer hold never completed; re-run the hold or answer it again

$ FM_HOME=<disposable-lab> fm-tasks-axi.sh done call --keep 1
exit=0
ok: done call -> Done
help[1]:
  - Run `tasks-axi ready` to dispatch work unblocked by this

$ FM_HOME=<disposable-lab> fm-tasks-axi.sh show call --full
exit=0
task:
  id: call
  title: Decision call
  state: done
  blocked: no
  blocked_by: none
  held: no
  hold_reason: "-"
  hold_kind: "-"
  hold_until: "-"
  kind: captain
  repo: sample
  priority: "-"
  created: "-"
  closed: 2026-10-07
  deps: none
  links: none
  body: "Captain hold set: 2026-10-07T14:04:43Z\n\nResolution recorded by fm-captain-hold.\nDecision digest: b14374c303dde44466b0c5751bbc79f2122d325ad49f10373b2bac4f75c83c73\nResolution mode: released\n\nCaptain decision:\nRelease the work for A.\n\nCaptain hold origin: origin-a\n\nOrigin: origin-a"

$ FM_HOME=<disposable-lab> fm-captain-hold.sh complete origin-b call
exit=1
fm-captain-hold: captain-held task call was held for origin origin-a, not origin-b; hold a task for origin-b or list the right one

$ FM_HOME=<disposable-lab> fm-captain-hold.sh verify origin-b
exit=1
fm-captain-hold: captain-held task call was held for origin origin-a, not origin-b; hold a task for origin-b or list the right one

$ FM_HOME=<disposable-lab> fm-captain-hold.sh complete origin-a call
exit=0
complete: origin-a captain-call inventory reviewed (call)

$ FM_HOME=<disposable-lab> fm-captain-hold.sh verify origin-a
exit=0
verified: origin-a captain-call inventory

SCENARIO RESULT: pass

=== SCENARIO: Secondmate new hold: origin-write failure still delivers one parent decision and retry deduplicates ===
$ FM_HOME=<disposable-lab> fm-lab-home.sh create /tmp/fm-lab.ozyiuo8v
exit=0
/tmp/fm-lab.ozyiuo8v

$ FM_HOME=<disposable-lab> fm-tasks-axi.sh add origin-a Review origin-a --kind scout --repo sample
exit=0
ok: added origin-a (scout, repo sample) -> Queued
task:
  id: origin-a
  title: Review origin-a
  state: queued
  blocked: no
  blocked_by: none
  held: no
  hold_reason: "-"
  hold_kind: "-"
  hold_until: "-"
  kind: scout
  repo: sample
  priority: "-"
  created: 2026-10-07
  closed: "-"
  deps: none
  links: none
  body: ""
help[2]:
  - Run `tasks-axi start origin-a` to move it to in flight
  - Run `tasks-axi block origin-a --by <other>` to record a dependency

$ FM_HOME=<disposable-lab> fm-tasks-axi.sh add origin-b Review origin-b --kind scout --repo sample
exit=0
ok: added origin-b (scout, repo sample) -> Queued
task:
  id: origin-b
  title: Review origin-b
  state: queued
  blocked: no
  blocked_by: none
  held: no
  hold_reason: "-"
  hold_kind: "-"
  hold_until: "-"
  kind: scout
  repo: sample
  priority: "-"
  created: 2026-10-07
  closed: "-"
  deps: none
  links: none
  body: ""
help[2]:
  - Run `tasks-axi start origin-b` to move it to in flight
  - Run `tasks-axi block origin-b --by <other>` to record a dependency

$ FM_HOME=<disposable-lab> fm-lab-home.sh create /tmp/fm-lab.4d7ectfc
exit=0
/tmp/fm-lab.4d7ectfc

$ FM_HOME=<disposable-lab> fm-tasks-axi.sh add origin-a Review origin-a --kind scout --repo sample
exit=0
ok: added origin-a (scout, repo sample) -> Queued
task:
  id: origin-a
  title: Review origin-a
  state: queued
  blocked: no
  blocked_by: none
  held: no
  hold_reason: "-"
  hold_kind: "-"
  hold_until: "-"
  kind: scout
  repo: sample
  priority: "-"
  created: 2026-10-07
  closed: "-"
  deps: none
  links: none
  body: ""
help[2]:
  - Run `tasks-axi start origin-a` to move it to in flight
  - Run `tasks-axi block origin-a --by <other>` to record a dependency

$ FM_HOME=<disposable-lab> fm-tasks-axi.sh add origin-b Review origin-b --kind scout --repo sample
exit=0
ok: added origin-b (scout, repo sample) -> Queued
task:
  id: origin-b
  title: Review origin-b
  state: queued
  blocked: no
  blocked_by: none
  held: no
  hold_reason: "-"
  hold_kind: "-"
  hold_until: "-"
  kind: scout
  repo: sample
  priority: "-"
  created: 2026-10-07
  closed: "-"
  deps: none
  links: none
  body: ""
help[2]:
  - Run `tasks-axi start origin-b` to move it to in flight
  - Run `tasks-axi block origin-b --by <other>` to record a dependency

$ FM_HOME=<disposable-lab> fm-captain-hold.sh hold call --title Decision call --reason Choose for B --origin origin-b
exit=1
FAULT: remove write permission only at origin publication, after successful real backend hold
fm-captain-hold: could not record the hold origin on call

$ FM_HOME=<disposable-lab> fm-tasks-axi.sh show call --full
exit=0
task:
  id: call
  title: Decision call
  state: queued
  blocked: no
  blocked_by: none
  held: yes
  hold_reason: "Choose for B"
  hold_kind: captain
  hold_until: "-"
  kind: captain
  repo: sample
  priority: "-"
  created: 2026-10-07
  closed: "-"
  deps: none
  links: none
  body: "Captain hold set: 2026-10-07T14:04:52Z\n\nOrigin: origin-b"

Persisted parent channel after failed origin write:
needs-decision [key=captain-hold-call-1] [at=1791381894]: captain hold call: Choose for B

$ FM_HOME=<disposable-lab> fm-captain-hold.sh hold call --reason Choose for B --origin origin-b
exit=0
call

Persisted parent channel after retry:
needs-decision [key=captain-hold-call-1] [at=1791381894]: captain hold call: Choose for B

$ FM_HOME=<disposable-lab> fm-captain-hold.sh complete origin-b call
exit=0
complete: origin-b captain-call inventory reviewed (call)

$ FM_HOME=<disposable-lab> fm-captain-hold.sh verify origin-b
exit=0
verified: origin-b captain-call inventory

SCENARIO RESULT: pass

=== SCENARIO: Secondmate active hold: origin-write failure still delivers one parent decision and retry deduplicates ===
$ FM_HOME=<disposable-lab> fm-lab-home.sh create /tmp/fm-lab.ci18psf0
exit=0
/tmp/fm-lab.ci18psf0

$ FM_HOME=<disposable-lab> fm-tasks-axi.sh add origin-a Review origin-a --kind scout --repo sample
exit=0
ok: added origin-a (scout, repo sample) -> Queued
task:
  id: origin-a
  title: Review origin-a
  state: queued
  blocked: no
  blocked_by: none
  held: no
  hold_reason: "-"
  hold_kind: "-"
  hold_until: "-"
  kind: scout
  repo: sample
  priority: "-"
  created: 2026-10-07
  closed: "-"
  deps: none
  links: none
  body: ""
help[2]:
  - Run `tasks-axi start origin-a` to move it to in flight
  - Run `tasks-axi block origin-a --by <other>` to record a dependency

$ FM_HOME=<disposable-lab> fm-tasks-axi.sh add origin-b Review origin-b --kind scout --repo sample
exit=0
ok: added origin-b (scout, repo sample) -> Queued
task:
  id: origin-b
  title: Review origin-b
  state: queued
  blocked: no
  blocked_by: none
  held: no
  hold_reason: "-"
  hold_kind: "-"
  hold_until: "-"
  kind: scout
  repo: sample
  priority: "-"
  created: 2026-10-07
  closed: "-"
  deps: none
  links: none
  body: ""
help[2]:
  - Run `tasks-axi start origin-b` to move it to in flight
  - Run `tasks-axi block origin-b --by <other>` to record a dependency

$ FM_HOME=<disposable-lab> fm-lab-home.sh create /tmp/fm-lab.pfe7elzq
exit=0
/tmp/fm-lab.pfe7elzq

$ FM_HOME=<disposable-lab> fm-tasks-axi.sh add origin-a Review origin-a --kind scout --repo sample
exit=0
ok: added origin-a (scout, repo sample) -> Queued
task:
  id: origin-a
  title: Review origin-a
  state: queued
  blocked: no
  blocked_by: none
  held: no
  hold_reason: "-"
  hold_kind: "-"
  hold_until: "-"
  kind: scout
  repo: sample
  priority: "-"
  created: 2026-10-07
  closed: "-"
  deps: none
  links: none
  body: ""
help[2]:
  - Run `tasks-axi start origin-a` to move it to in flight
  - Run `tasks-axi block origin-a --by <other>` to record a dependency

$ FM_HOME=<disposable-lab> fm-tasks-axi.sh add origin-b Review origin-b --kind scout --repo sample
exit=0
ok: added origin-b (scout, repo sample) -> Queued
task:
  id: origin-b
  title: Review origin-b
  state: queued
  blocked: no
  blocked_by: none
  held: no
  hold_reason: "-"
  hold_kind: "-"
  hold_until: "-"
  kind: scout
  repo: sample
  priority: "-"
  created: 2026-10-07
  closed: "-"
  deps: none
  links: none
  body: ""
help[2]:
  - Run `tasks-axi start origin-b` to move it to in flight
  - Run `tasks-axi block origin-b --by <other>` to record a dependency

$ FM_HOME=<disposable-lab> fm-captain-hold.sh hold call --title Decision call --reason Choose for A --origin origin-a
exit=0
call

$ FM_HOME=<disposable-lab> fm-captain-hold.sh hold call --title Decision call --reason Choose for B --origin origin-b
exit=1
FAULT: remove write permission only at origin publication, after successful real backend hold
fm-captain-hold: could not record the hold origin on call

$ FM_HOME=<disposable-lab> fm-tasks-axi.sh show call --full
exit=0
task:
  id: call
  title: Decision call
  state: queued
  blocked: no
  blocked_by: none
  held: yes
  hold_reason: "Choose for B"
  hold_kind: captain
  hold_until: "-"
  kind: captain
  repo: sample
  priority: "-"
  created: 2026-10-07
  closed: "-"
  deps: none
  links: none
  body: "Captain hold set: 2026-10-07T14:04:59Z\nCaptain hold origin: origin-a\n\nOrigin: origin-a"

Persisted parent channel after failed origin write:
needs-decision [key=captain-hold-call-1] [at=1791381902]: captain hold call: Choose for B

$ FM_HOME=<disposable-lab> fm-captain-hold.sh hold call --reason Choose for B --origin origin-b
exit=0
call

Persisted parent channel after retry:
needs-decision [key=captain-hold-call-1] [at=1791381902]: captain hold call: Choose for B

$ FM_HOME=<disposable-lab> fm-captain-hold.sh complete origin-b call
exit=0
complete: origin-b captain-call inventory reviewed (call)

$ FM_HOME=<disposable-lab> fm-captain-hold.sh verify origin-b
exit=0
verified: origin-b captain-call inventory

SCENARIO RESULT: pass

=== SCENARIO: Secondmate released hold: origin-write failure still delivers one parent decision and retry deduplicates ===
$ FM_HOME=<disposable-lab> fm-lab-home.sh create /tmp/fm-lab.950v4xot
exit=0
/tmp/fm-lab.950v4xot

$ FM_HOME=<disposable-lab> fm-tasks-axi.sh add origin-a Review origin-a --kind scout --repo sample
exit=0
ok: added origin-a (scout, repo sample) -> Queued
task:
  id: origin-a
  title: Review origin-a
  state: queued
  blocked: no
  blocked_by: none
  held: no
  hold_reason: "-"
  hold_kind: "-"
  hold_until: "-"
  kind: scout
  repo: sample
  priority: "-"
  created: 2026-10-07
  closed: "-"
  deps: none
  links: none
  body: ""
help[2]:
  - Run `tasks-axi start origin-a` to move it to in flight
  - Run `tasks-axi block origin-a --by <other>` to record a dependency

$ FM_HOME=<disposable-lab> fm-tasks-axi.sh add origin-b Review origin-b --kind scout --repo sample
exit=0
ok: added origin-b (scout, repo sample) -> Queued
task:
  id: origin-b
  title: Review origin-b
  state: queued
  blocked: no
  blocked_by: none
  held: no
  hold_reason: "-"
  hold_kind: "-"
  hold_until: "-"
  kind: scout
  repo: sample
  priority: "-"
  created: 2026-10-07
  closed: "-"
  deps: none
  links: none
  body: ""
help[2]:
  - Run `tasks-axi start origin-b` to move it to in flight
  - Run `tasks-axi block origin-b --by <other>` to record a dependency

$ FM_HOME=<disposable-lab> fm-lab-home.sh create /tmp/fm-lab.drt8d9l4
exit=0
/tmp/fm-lab.drt8d9l4

$ FM_HOME=<disposable-lab> fm-tasks-axi.sh add origin-a Review origin-a --kind scout --repo sample
exit=0
ok: added origin-a (scout, repo sample) -> Queued
task:
  id: origin-a
  title: Review origin-a
  state: queued
  blocked: no
  blocked_by: none
  held: no
  hold_reason: "-"
  hold_kind: "-"
  hold_until: "-"
  kind: scout
  repo: sample
  priority: "-"
  created: 2026-10-07
  closed: "-"
  deps: none
  links: none
  body: ""
help[2]:
  - Run `tasks-axi start origin-a` to move it to in flight
  - Run `tasks-axi block origin-a --by <other>` to record a dependency

$ FM_HOME=<disposable-lab> fm-tasks-axi.sh add origin-b Review origin-b --kind scout --repo sample
exit=0
ok: added origin-b (scout, repo sample) -> Queued
task:
  id: origin-b
  title: Review origin-b
  state: queued
  blocked: no
  blocked_by: none
  held: no
  hold_reason: "-"
  hold_kind: "-"
  hold_until: "-"
  kind: scout
  repo: sample
  priority: "-"
  created: 2026-10-07
  closed: "-"
  deps: none
  links: none
  body: ""
help[2]:
  - Run `tasks-axi start origin-b` to move it to in flight
  - Run `tasks-axi block origin-b --by <other>` to record a dependency

$ FM_HOME=<disposable-lab> fm-captain-hold.sh hold call --title Decision call --reason Choose for A --origin origin-a
exit=0
call

$ FM_HOME=<disposable-lab> fm-captain-hold.sh answer call --release --decision-file /tmp/fm-lab.950v4xot/answer-a.txt
exit=0
released: call

$ FM_HOME=<disposable-lab> fm-captain-hold.sh hold call --title Decision call --reason Choose for B --origin origin-b
exit=1
FAULT: remove write permission only at origin publication, after successful real backend hold
fm-captain-hold: could not record the hold origin on call

$ FM_HOME=<disposable-lab> fm-tasks-axi.sh show call --full
exit=0
task:
  id: call
  title: Decision call
  state: queued
  blocked: no
  blocked_by: none
  held: yes
  hold_reason: "Choose for B"
  hold_kind: captain
  hold_until: "-"
  kind: captain
  repo: sample
  priority: "-"
  created: 2026-10-07
  closed: "-"
  deps: none
  links: none
  body: "Captain hold set: 2026-10-07T14:05:10Z\n\nResolution recorded by fm-captain-hold.\nDecision digest: b14374c303dde44466b0c5751bbc79f2122d325ad49f10373b2bac4f75c83c73\nResolution mode: released\n\nCaptain decision:\nRelease the work for A.\n\nCaptain hold origin: origin-a\n\nOrigin: origin-a"

Persisted parent channel after failed origin write:
needs-decision [key=captain-hold-call-2] [at=1791381912]: captain hold call: Choose for B

$ FM_HOME=<disposable-lab> fm-captain-hold.sh hold call --reason Choose for B --origin origin-b
exit=0
call

Persisted parent channel after retry:
needs-decision [key=captain-hold-call-2] [at=1791381912]: captain hold call: Choose for B

$ FM_HOME=<disposable-lab> fm-captain-hold.sh complete origin-b call
exit=0
complete: origin-b captain-call inventory reviewed (call)

$ FM_HOME=<disposable-lab> fm-captain-hold.sh verify origin-b
exit=0
verified: origin-b captain-call inventory

SCENARIO RESULT: pass
All disposable homes removed; no default session, agent login, or fleet data used.
