Scenario: delayed inheritance transaction, delayed watcher start, delayed respawn launch; each fault is a real sleep 45, original counted polling/assertions unchanged. SSH/Herdr/tmux remain the existing mocked boundaries, not live fleet validation.
Setup: isolated HOME/TMPDIR in the worktree; a git-init ancestor bounds disposable remote workers to the fixture, and a dangling .git sentinel explicitly makes the not-a-checkout negative fixture non-discoverable.
Environment workaround: FM_SNAPSHOT_BUDGET=120 for the unchanged structured-ledger snapshot, whose default 5 seconds expired under host load 29 on 4 CPUs in the prior attempt. This is not a changed polling bound.
Command: bin/fm-test-run.sh tests/.remote-lifecycle-validation.test.sh --per-script-timeout-secs 1800 --json /home/node/.no-mistakes/evidence/01M40012HAGF4C4Q91QNT4Q373/delayed-lifecycle-timing.json
FM_TEST_BEGIN 2026-10-03T05:31:41Z tests/.remote-lifecycle-validation.test.sh family=unclassified expected_gate_skip=none
ok - overlapping remote home provisioning serializes through publication and rollback
ok - competing cleanup of the public home cannot reach a live provisioning clone
ok - a home that appears mid-provision makes the provision die without touching it
ok - remote seed rollback preserves serialized competing routes
ok - unknown readiness preserves its route and brief for reconciliation
ok - remote seeding checks, repairs, and re-checks readiness, then stops on a remaining gap
ok - remote seeding proceeds once the repair closes every gap
ok - remote seeding provisions a supplied origin without touching the primary project tree
ok - remote provisioning re-validates a supplied origin at the receiving host
ok - seeding carries bitbucket, self-hosted, and scp-like origins through to the remote clone
ok - remote seed registers the route and provisions the whole home and project clone on that host
ok - remote inheritance rejects incomplete and superseded payload generations
ok - mixed local and remote routes validate without migration
ok - remote spawn launches on the remote-local backend and records a host-qualified route
ok - legacy and mismatched remote endpoints fail closed before backend access
ok - non-herdr remote endpoints are refused without changing either route
ok - remote spawn serializes inheritance through launch publication
ok - marked send and routed reply complete through the existing parent correlation owner
ok - partial remote inheritance retains reread intent through bootstrap convergence
ok - config push and bootstrap serialize remote inheritance convergence
VALIDATION_POLLS inherit_wait=3919
WARNING: watcher still down (same stale episode; last beat: 264s ago, grace 300s) - full banner already printed this episode.
ok - remote inherited config retains and retries a failed live reread nudge
ok - fleet snapshot projects mixed local and remote structured state
ok - remote update imports and fast-forwards the persistent home on its configured host
ok - the remote restart verb delegates to the host-local control plane and refuses before stopping anything
ok - startup repairs remote readiness before probing without relaunching
not ok - the dead remote secondmate was not auto-relaunched: check: secondmate ios auto-relaunch failed after remote endpoint dead on its configured host: Terminated
FM_TEST_END 2026-10-03T05:50:38Z tests/.remote-lifecycle-validation.test.sh exit=1 duration_ms=1136458 gate_skip=false
FM_TEST_SUMMARY total=1 failed=1 skipped_gate=0 duration_ms=1136528
FM_TEST_SUMMARY_FAMILY family=unclassified count=1 duration_ms=1136458 failed=1
FM_TEST_SLOWEST rank=1 script=tests/.remote-lifecycle-validation.test.sh duration_ms=1136458
fm-test-run: wrote timing artifact: /home/node/.no-mistakes/evidence/01M40012HAGF4C4Q91QNT4Q373/delayed-lifecycle-timing.json
Command exit=1 elapsed_seconds=1135.986
