Scenario: delayed inheritance transaction, delayed watcher start, delayed respawn launch; each fault is a real sleep 45, original counted polling/assertions unchanged. SSH/Herdr/tmux remain the existing mocked boundaries, not live fleet validation.
Setup: isolated HOME/TMPDIR in the worktree; a git-init ancestor bounds disposable remote workers to the fixture, and a dangling .git sentinel explicitly makes the not-a-checkout negative fixture non-discoverable.
Environment workaround: FM_SNAPSHOT_BUDGET=120 for the unchanged structured-ledger snapshot, whose default 5 seconds expired under host load 29 on 4 CPUs in the prior attempt. This is not a changed polling bound.
Command: bin/fm-test-run.sh tests/.remote-lifecycle-validation.test.sh --per-script-timeout-secs 1800 --json /home/node/.no-mistakes/evidence/01M40012HAGF4C4Q91QNT4Q373/delayed-lifecycle-timing.json
FM_TEST_BEGIN 2026-10-03T05:19:36Z tests/.remote-lifecycle-validation.test.sh family=unclassified expected_gate_skip=none
ok - overlapping remote home provisioning serializes through publication and rollback
ok - competing cleanup of the public home cannot reach a live provisioning clone
ok - a home that appears mid-provision makes the provision die without touching it
ok - remote seed rollback preserves serialized competing routes
ok - unknown readiness preserves its route and brief for reconciliation
ok - remote seeding checks, repairs, and re-checks readiness, then stops on a remaining gap
ok - remote seeding proceeds once the repair closes every gap
ok - remote seeding provisions a supplied origin without touching the primary project tree
ok - remote provisioning re-validates a supplied origin at the receiving host
ok - seeding carries bitbucket, self-hosted, and scp-like origins through to the remote clone
ok - remote seed registers the route and provisions the whole home and project clone on that host
ok - remote inheritance rejects incomplete and superseded payload generations
ok - mixed local and remote routes validate without migration
ok - remote spawn launches on the remote-local backend and records a host-qualified route
ok - legacy and mismatched remote endpoints fail closed before backend access
ok - non-herdr remote endpoints are refused without changing either route
ok - remote spawn serializes inheritance through launch publication
ok - marked send and routed reply complete through the existing parent correlation owner
ok - partial remote inheritance retains reread intent through bootstrap convergence
cp: cannot create regular file '/home/node/.no-mistakes/evidence/01M40012HAGF4C4Q91QNT4Q373/converged-captain-shared.md': Permission denied
