COMMAND: bash tests/fm-remote-secondmate-lifecycle-e2e.test.sh
Isolation: TMPDIR/HOME in .local-validation; disposable account NSS mapping; TAR_OPTIONS excludes private validation scratch from lifecycle fixture copy.
ok - overlapping remote home provisioning serializes through publication and rollback
ok - competing cleanup of the public home cannot reach a live provisioning clone
ok - a home that appears mid-provision makes the provision die without touching it
ok - remote seed rollback preserves serialized competing routes
ok - unknown readiness preserves its route and brief for reconciliation
ok - remote seeding checks, repairs, and re-checks readiness, then stops on a remaining gap
ok - remote seeding proceeds once the repair closes every gap
ok - remote seeding provisions a supplied origin without touching the primary project tree
ok - remote provisioning re-validates a supplied origin at the receiving host
ok - seeding carries bitbucket, self-hosted, and scp-like origins through to the remote clone
ok - remote seed registers the route and provisions the whole home and project clone on that host
ok - remote inheritance rejects incomplete and superseded payload generations
ok - mixed local and remote routes validate without migration
ok - remote spawn launches on the remote-local backend and records a host-qualified route
ok - legacy and mismatched remote endpoints fail closed before backend access
ok - non-herdr remote endpoints are refused without changing either route
ok - remote spawn serializes inheritance through launch publication
ok - marked send and routed reply complete through the existing parent correlation owner
ok - partial remote inheritance retains reread intent through bootstrap convergence
ok - config push and bootstrap serialize remote inheritance convergence
WARNING: watcher still down (same stale episode; last beat: 192s ago, grace 300s) - full banner already printed this episode.
ok - remote inherited config retains and retries a failed live reread nudge
ok - fleet snapshot projects mixed local and remote structured state
ok - remote update imports and fast-forwards the persistent home on its configured host
not ok - the host-local restart did not reach the control plane's own pre-stop checkpoint (missing: 'refusing to relaunch without a checkout whose unlanded work can be accounted for')
--- output ---
error: task ios's recorded worktree /home/node/.no-mistakes/worktrees/450411b3e67c/01M46FFRXN50HQP2EX8YPDMPE4/.local-validation/tmp/fm-remote-secondmate-e2e.bJWFct/not-a-checkout is not a worktree root (root is /home/node/.no-mistakes/worktrees/450411b3e67c/01M46FFRXN50HQP2EX8YPDMPE4/.local-validation/tmp); refusing to relaunch against an ambiguous checkout
rm: cannot remove '/home/node/.no-mistakes/worktrees/450411b3e67c/01M46FFRXN50HQP2EX8YPDMPE4/.local-validation/tmp/fm-remote-secondmate-e2e.bJWFct/remote-home/state/parent-route/ios.git-hooks/post-rewrite': Permission denied
rm: cannot remove '/home/node/.no-mistakes/worktrees/450411b3e67c/01M46FFRXN50HQP2EX8YPDMPE4/.local-validation/tmp/fm-remote-secondmate-e2e.bJWFct/remote-home/state/parent-route/ios.git-hooks/post-commit': Permission denied
rm: cannot remove '/home/node/.no-mistakes/worktrees/450411b3e67c/01M46FFRXN50HQP2EX8YPDMPE4/.local-validation/tmp/fm-remote-secondmate-e2e.bJWFct/remote-home/state/parent-route/ios.git-hooks/pre-applypatch': Permission denied
rm: cannot remove '/home/node/.no-mistakes/worktrees/450411b3e67c/01M46FFRXN50HQP2EX8YPDMPE4/.local-validation/tmp/fm-remote-secondmate-e2e.bJWFct/remote-home/state/parent-route/ios.git-hooks/sendemail-validate': Permission denied
rm: cannot remove '/home/node/.no-mistakes/worktrees/450411b3e67c/01M46FFRXN50HQP2EX8YPDMPE4/.local-validation/tmp/fm-remote-secondmate-e2e.bJWFct/remote-home/state/parent-route/ios.git-hooks/post-applypatch': Permission denied
rm: cannot remove '/home/node/.no-mistakes/worktrees/450411b3e67c/01M46FFRXN50HQP2EX8YPDMPE4/.local-validation/tmp/fm-remote-secondmate-e2e.bJWFct/remote-home/state/parent-route/ios.git-hooks/applypatch-msg': Permission denied
rm: cannot remove '/home/node/.no-mistakes/worktrees/450411b3e67c/01M46FFRXN50HQP2EX8YPDMPE4/.local-validation/tmp/fm-remote-secondmate-e2e.bJWFct/remote-home/state/parent-route/ios.git-hooks/prepare-commit-msg': Permission denied
rm: cannot remove '/home/node/.no-mistakes/worktrees/450411b3e67c/01M46FFRXN50HQP2EX8YPDMPE4/.local-validation/tmp/fm-remote-secondmate-e2e.bJWFct/remote-home/state/parent-route/ios.git-hooks/pre-rebase': Permission denied
rm: cannot remove '/home/node/.no-mistakes/worktrees/450411b3e67c/01M46FFRXN50HQP2EX8YPDMPE4/.local-validation/tmp/fm-remote-secondmate-e2e.bJWFct/remote-home/state/parent-route/ios.git-hooks/post-merge': Permission denied
rm: cannot remove '/home/node/.no-mistakes/worktrees/450411b3e67c/01M46FFRXN50HQP2EX8YPDMPE4/.local-validation/tmp/fm-remote-secondmate-e2e.bJWFct/remote-home/state/parent-route/ios.git-hooks/pre-push': Permission denied
rm: cannot remove '/home/node/.no-mistakes/worktrees/450411b3e67c/01M46FFRXN50HQP2EX8YPDMPE4/.local-validation/tmp/fm-remote-secondmate-e2e.bJWFct/remote-home/state/parent-route/ios.git-hooks/pre-merge-commit': Permission denied
rm: cannot remove '/home/node/.no-mistakes/worktrees/450411b3e67c/01M46FFRXN50HQP2EX8YPDMPE4/.local-validation/tmp/fm-remote-secondmate-e2e.bJWFct/remote-home/state/parent-route/ios.git-hooks/pre-commit': Permission denied
rm: cannot remove '/home/node/.no-mistakes/worktrees/450411b3e67c/01M46FFRXN50HQP2EX8YPDMPE4/.local-validation/tmp/fm-remote-secondmate-e2e.bJWFct/remote-home/state/parent-route/ios.git-hooks/post-checkout': Permission denied
rm: cannot remove '/home/node/.no-mistakes/worktrees/450411b3e67c/01M46FFRXN50HQP2EX8YPDMPE4/.local-validation/tmp/fm-remote-secondmate-e2e.bJWFct/remote-home/state/parent-route/ios.git-hooks/pre-auto-gc': Permission denied
rm: cannot remove '/home/node/.no-mistakes/worktrees/450411b3e67c/01M46FFRXN50HQP2EX8YPDMPE4/.local-validation/tmp/fm-remote-secondmate-e2e.bJWFct/remote-home/state/parent-route/ios.git-hooks/commit-msg': Permission denied

PROCESS OBSERVATION: {"test": "fm-remote-secondmate-lifecycle-e2e.test.sh", "exit": 1, "elapsed": 504.27, "peak_workers": 6, "observed_worker_pids": [1300, 2020, 2021, 4782, 5410, 5411, 5828, 5879, 6546, 6547, 7244, 8638, 9342, 9343, 10449, 11241, 11645, 11646, 12377, 13314, 13549, 13630, 13631, 14044, 15129, 15540, 15923, 15925, 16706, 16794, 18819, 19367, 19368, 20244, 21687, 22181, 22182, 24090, 24683, 24684, 26130, 26412, 26413, 27896, 28456, 28457, 29413, 30103, 30105, 31876, 33568, 34373, 34375, 35095, 35496, 35497, 35501, 36038, 36387, 36388, 36550, 36975, 36976, 37801, 38234, 38235, 38898, 39041, 39283, 39284, 39786, 40160, 40161, 40425, 41701, 42164, 42165, 43858, 45671, 46643, 46644, 48379, 50134, 50373, 50644, 50645, 51221, 51781, 51782, 52601, 53122, 53123, 54412, 54975, 54976, 55952, 56590, 56591, 56967, 58128, 58635, 58636, 59807, 60688, 61543, 61545, 63572, 64939, 65411, 65412, 66646, 67136, 67137, 67764, 68070, 68071, 68655, 69151, 69772, 69773, 70667, 70931, 71393, 71394, 71720, 72192, 72193, 73234, 73630, 73631, 73819, 74147, 74149, 75027, 75884, 76559, 76561, 77420, 77891, 77892, 78149, 79871, 80287, 80288, 80823, 81806, 82182, 82183, 82365, 82859, 82860, 82862, 83788, 84195, 84196, 85290, 85645, 85646, 86256, 86988, 87506, 87507, 88211, 88804, 88805, 89865, 90020, 90026, 90301, 90302, 91233, 91592, 91593, 92359, 92601, 93321, 93762, 93763, 93769, 95104, 100173, 100857, 100858, 101737, 101921, 102371, 102372, 103727, 104360, 104361, 106401, 107021, 107022, 109141, 109444, 109445, 112365, 116042, 116199, 119408, 119808, 119809, 119812, 122373, 122768, 122769, 125240, 127823, 127849, 128142, 128143, 130155, 132191, 132735, 132737, 3934874, 3934956, 3935589, 3935882, 3935883, 3940824, 3941214, 3941216, 3943767, 3944100, 3944101, 3947185, 3947377, 3947378, 3950144, 3950371, 3950372, 3951652, 3952528, 3953636, 3954166, 3954167, 3956300, 3956687, 3956689, 3958074, 3960838, 3961165, 3961166, 3962658, 3963079, 3963080, 3964267, 3965074, 3965299, 3965300, 3966147, 3966942, 3967760, 3967938, 3967939, 3968633, 3968792, 3968793, 3969452, 3970319, 3970874, 3970875, 3972625, 3973570, 3974132, 3974133, 3975187, 3975340, 3975341, 3976001, 3976166, 3976167, 3978403, 3978556, 3978557, 3979320, 3980200, 3981049, 3981200, 3981201, 3982421, 3985040, 3985437, 3985438, 3986336, 3986496, 3986497, 3987317, 3988167, 3988317, 3988318, 3989021, 3989177, 3989900, 3991248, 3993808, 3996809, 4000901, 4001371, 4001372, 4003465, 4005286, 4006512, 4006866, 4006867, 4008582, 4009200, 4009202, 4010835, 4011884, 4012043, 4012044, 4012828, 4013631, 4013783, 4013784, 4014446, 4014612, 4014613, 4015275, 4016536, 4017348, 4017506, 4017507, 4018732, 4021235, 4022337, 4022601, 4022602, 4023299, 4023451, 4023452, 4024139, 4024975, 4025799, 4025957, 4025958, 4026615, 4027449, 4027602, 4027603, 4028281, 4028722, 4028723, 4029406, 4030474, 4030869, 4030870, 4031723, 4034012, 4034996, 4035165, 4035166, 4035958, 4036932, 4037843, 4039066, 4039238, 4039239, 4042112, 4043781, 4043785, 4046900, 4049648, 4049947, 4049948, 4051354, 4051552, 4051554, 4053062, 4055565, 4055742, 4055743, 4056440, 4056612, 4056613, 4057304, 4059493, 4059885, 4059887, 4060659, 4060853, 4060854, 4062216, 4063073, 4063224, 4063225, 4064595, 4065092, 4065094, 4066980, 4068695, 4071170, 4071680, 4071681, 4073153, 4074484, 4075281, 4075439, 4075440, 4076092, 4077147, 4077405, 4077406, 4078071, 4078910, 4080171, 4080336, 4080337, 4083030, 4083374, 4083375, 4085226, 4085649, 4085650, 4088407, 4092555, 4092857, 4092859, 4094310, 4097458, 4098776, 4098778, 4100986, 4101433, 4101434, 4103369, 4104644, 4104797, 4104798, 4105658, 4105898, 4105899, 4107412, 4109033, 4109184, 4109185, 4110591, 4110760, 4110761, 4111699, 4113249, 4114752, 4114944, 4114945, 4115929, 4117468, 4119842, 4120370, 4120371, 4121955, 4123731, 4126407, 4126560, 4126561, 4128176, 4130991, 4131493, 4131494, 4132083, 4133757, 4134539, 4134540, 4135212, 4136580, 4137093, 4137095, 4138660, 4139458, 4139460, 4140230, 4140936, 4140937, 4141604, 4143045, 4143752, 4143753, 4145032, 4146259, 4146722, 4146723, 4147373, 4148856, 4149398, 4149399, 4150148, 4151010, 4151012, 4152546, 4153297, 4153299, 4154507, 4155595, 4156527, 4157015, 4157016, 4157483, 4157915, 4157916, 4158871, 4159884, 4160213, 4160214, 4161013, 4161435, 4161436, 4161897, 4163431, 4165643, 4166582, 4166583, 4168767, 4170239, 4170719, 4170720, 4172009, 4172757, 4172758, 4173171, 4173800, 4173802, 4175600, 4176962, 4178512, 4179599, 4179993, 4179994, 4180908, 4182607, 4183335, 4183336, 4184266, 4185200, 4185577, 4185578, 4185885, 4186951, 4187368, 4187369, 4188237, 4188521, 4188522, 4189418, 4190866, 4191545, 4191546, 4192468, 4193131, 4193133, 4193374, 4193946, 4193947], "immediate_survivors": [], "final_survivors": []}
