== base run 1
ok - real herdr: version_check accepts the installed binary's protocol
ok - real herdr: container_ensure starts the isolated session's server, creates the firstmate workspace (fm-lab-backend-smoke-2508508:w1), and reports its seeded default tab id (w1:t1)
ok - real herdr: session status normalizes running and compatible
ok - real herdr: container_ensure is idempotent (reuses/adopts the existing firstmate workspace, reports no seeded default tab on adoption)
ok - real herdr: create_task prunes the freshly-created workspace's seeded default tab, leaving exactly one clean fm-<id> task tab
ok - real herdr: create_task refuses a same-labeled tab whose pane hosts a genuinely live registered agent (unchanged behavior)
ok - real herdr: create_task closes and replaces a same-labeled tab whose pane hosts no registered agent (the restored-husk shape), leaving the workspace intact
ok - real herdr: a secondmate-shaped home (.fm-secondmate-home) gets its OWN herdr workspace, distinct from the primary's, in the SAME session
ok - real herdr: the secondmate-shaped home's workspace is labeled 2ndmate-<secondmate-id> in herdr itself
ok - real herdr: a task spawned into the secondmate-shaped home lands as a tab inside the secondmate's OWN workspace
ok - real herdr: list_live stays scoped to each home's own workspace - neither home sees the other's tasks
ok - real herdr: BOTH workspace ids/labels AND both tasks' pane ids survive a session stop + fresh server restart (multi-workspace shape)
ok - real herdr: send_text_line runs a command atomically (pane run) and its output is capturable
ok - real herdr: send_literal + send_key Enter submit as two separate steps (verified: send-text does NOT auto-submit)
ok - real herdr: current_path reads the pane's live cwd
note: FM_HERDR_SMOKE_REAL_CLAUDE=1 not set; skipping the real-agent busy_state check
ok - real herdr: kill removes the pane and is idempotent/best-effort
ok - real herdr: list_live discovers a live task tab by fm-<id> label
exit=0
== base run 2
ok - real herdr: version_check accepts the installed binary's protocol
ok - real herdr: container_ensure starts the isolated session's server, creates the firstmate workspace (fm-lab-backend-smoke-2514303:w1), and reports its seeded default tab id (w1:t1)
ok - real herdr: session status normalizes running and compatible
ok - real herdr: container_ensure is idempotent (reuses/adopts the existing firstmate workspace, reports no seeded default tab on adoption)
ok - real herdr: create_task prunes the freshly-created workspace's seeded default tab, leaving exactly one clean fm-<id> task tab
ok - real herdr: create_task refuses a same-labeled tab whose pane hosts a genuinely live registered agent (unchanged behavior)
ok - real herdr: create_task closes and replaces a same-labeled tab whose pane hosts no registered agent (the restored-husk shape), leaving the workspace intact
ok - real herdr: a secondmate-shaped home (.fm-secondmate-home) gets its OWN herdr workspace, distinct from the primary's, in the SAME session
ok - real herdr: the secondmate-shaped home's workspace is labeled 2ndmate-<secondmate-id> in herdr itself
ok - real herdr: a task spawned into the secondmate-shaped home lands as a tab inside the secondmate's OWN workspace
ok - real herdr: list_live stays scoped to each home's own workspace - neither home sees the other's tasks
ok - real herdr: BOTH workspace ids/labels AND both tasks' pane ids survive a session stop + fresh server restart (multi-workspace shape)
ok - real herdr: send_text_line runs a command atomically (pane run) and its output is capturable
ok - real herdr: send_literal + send_key Enter submit as two separate steps (verified: send-text does NOT auto-submit)
ok - real herdr: current_path reads the pane's live cwd
note: FM_HERDR_SMOKE_REAL_CLAUDE=1 not set; skipping the real-agent busy_state check
ok - real herdr: kill removes the pane and is idempotent/best-effort
ok - real herdr: list_live discovers a live task tab by fm-<id> label
exit=0
== base run 3
ok - real herdr: version_check accepts the installed binary's protocol
ok - real herdr: container_ensure starts the isolated session's server, creates the firstmate workspace (fm-lab-backend-smoke-2521342:w1), and reports its seeded default tab id (w1:t1)
ok - real herdr: session status normalizes running and compatible
ok - real herdr: container_ensure is idempotent (reuses/adopts the existing firstmate workspace, reports no seeded default tab on adoption)
ok - real herdr: create_task prunes the freshly-created workspace's seeded default tab, leaving exactly one clean fm-<id> task tab
ok - real herdr: create_task refuses a same-labeled tab whose pane hosts a genuinely live registered agent (unchanged behavior)
ok - real herdr: create_task closes and replaces a same-labeled tab whose pane hosts no registered agent (the restored-husk shape), leaving the workspace intact
ok - real herdr: a secondmate-shaped home (.fm-secondmate-home) gets its OWN herdr workspace, distinct from the primary's, in the SAME session
ok - real herdr: the secondmate-shaped home's workspace is labeled 2ndmate-<secondmate-id> in herdr itself
ok - real herdr: a task spawned into the secondmate-shaped home lands as a tab inside the secondmate's OWN workspace
ok - real herdr: list_live stays scoped to each home's own workspace - neither home sees the other's tasks
ok - real herdr: BOTH workspace ids/labels AND both tasks' pane ids survive a session stop + fresh server restart (multi-workspace shape)
ok - real herdr: send_text_line runs a command atomically (pane run) and its output is capturable
ok - real herdr: send_literal + send_key Enter submit as two separate steps (verified: send-text does NOT auto-submit)
ok - real herdr: current_path reads the pane's live cwd
note: FM_HERDR_SMOKE_REAL_CLAUDE=1 not set; skipping the real-agent busy_state check
ok - real herdr: kill removes the pane and is idempotent/best-effort
ok - real herdr: list_live discovers a live task tab by fm-<id> label
exit=0
== base run 4
ok - real herdr: version_check accepts the installed binary's protocol
ok - real herdr: container_ensure starts the isolated session's server, creates the firstmate workspace (fm-lab-backend-smoke-2527631:w1), and reports its seeded default tab id (w1:t1)
ok - real herdr: session status normalizes running and compatible
ok - real herdr: container_ensure is idempotent (reuses/adopts the existing firstmate workspace, reports no seeded default tab on adoption)
ok - real herdr: create_task prunes the freshly-created workspace's seeded default tab, leaving exactly one clean fm-<id> task tab
ok - real herdr: create_task refuses a same-labeled tab whose pane hosts a genuinely live registered agent (unchanged behavior)
ok - real herdr: create_task closes and replaces a same-labeled tab whose pane hosts no registered agent (the restored-husk shape), leaving the workspace intact
ok - real herdr: a secondmate-shaped home (.fm-secondmate-home) gets its OWN herdr workspace, distinct from the primary's, in the SAME session
ok - real herdr: the secondmate-shaped home's workspace is labeled 2ndmate-<secondmate-id> in herdr itself
ok - real herdr: a task spawned into the secondmate-shaped home lands as a tab inside the secondmate's OWN workspace
ok - real herdr: list_live stays scoped to each home's own workspace - neither home sees the other's tasks
ok - real herdr: BOTH workspace ids/labels AND both tasks' pane ids survive a session stop + fresh server restart (multi-workspace shape)
ok - real herdr: send_text_line runs a command atomically (pane run) and its output is capturable
ok - real herdr: send_literal + send_key Enter submit as two separate steps (verified: send-text does NOT auto-submit)
ok - real herdr: current_path reads the pane's live cwd
note: FM_HERDR_SMOKE_REAL_CLAUDE=1 not set; skipping the real-agent busy_state check
ok - real herdr: kill removes the pane and is idempotent/best-effort
ok - real herdr: list_live discovers a live task tab by fm-<id> label
exit=0
== base run 5
ok - real herdr: version_check accepts the installed binary's protocol
ok - real herdr: container_ensure starts the isolated session's server, creates the firstmate workspace (fm-lab-backend-smoke-2533072:w1), and reports its seeded default tab id (w1:t1)
ok - real herdr: session status normalizes running and compatible
ok - real herdr: container_ensure is idempotent (reuses/adopts the existing firstmate workspace, reports no seeded default tab on adoption)
ok - real herdr: create_task prunes the freshly-created workspace's seeded default tab, leaving exactly one clean fm-<id> task tab
ok - real herdr: create_task refuses a same-labeled tab whose pane hosts a genuinely live registered agent (unchanged behavior)
ok - real herdr: create_task closes and replaces a same-labeled tab whose pane hosts no registered agent (the restored-husk shape), leaving the workspace intact
ok - real herdr: a secondmate-shaped home (.fm-secondmate-home) gets its OWN herdr workspace, distinct from the primary's, in the SAME session
ok - real herdr: the secondmate-shaped home's workspace is labeled 2ndmate-<secondmate-id> in herdr itself
ok - real herdr: a task spawned into the secondmate-shaped home lands as a tab inside the secondmate's OWN workspace
ok - real herdr: list_live stays scoped to each home's own workspace - neither home sees the other's tasks
ok - real herdr: BOTH workspace ids/labels AND both tasks' pane ids survive a session stop + fresh server restart (multi-workspace shape)
ok - real herdr: send_text_line runs a command atomically (pane run) and its output is capturable
ok - real herdr: send_literal + send_key Enter submit as two separate steps (verified: send-text does NOT auto-submit)
ok - real herdr: current_path reads the pane's live cwd
note: FM_HERDR_SMOKE_REAL_CLAUDE=1 not set; skipping the real-agent busy_state check
ok - real herdr: kill removes the pane and is idempotent/best-effort
ok - real herdr: list_live discovers a live task tab by fm-<id> label
exit=0
== base run 6
ok - real herdr: version_check accepts the installed binary's protocol
ok - real herdr: container_ensure starts the isolated session's server, creates the firstmate workspace (fm-lab-backend-smoke-2539281:w1), and reports its seeded default tab id (w1:t1)
ok - real herdr: session status normalizes running and compatible
ok - real herdr: container_ensure is idempotent (reuses/adopts the existing firstmate workspace, reports no seeded default tab on adoption)
ok - real herdr: create_task prunes the freshly-created workspace's seeded default tab, leaving exactly one clean fm-<id> task tab
ok - real herdr: create_task refuses a same-labeled tab whose pane hosts a genuinely live registered agent (unchanged behavior)
ok - real herdr: create_task closes and replaces a same-labeled tab whose pane hosts no registered agent (the restored-husk shape), leaving the workspace intact
ok - real herdr: a secondmate-shaped home (.fm-secondmate-home) gets its OWN herdr workspace, distinct from the primary's, in the SAME session
ok - real herdr: the secondmate-shaped home's workspace is labeled 2ndmate-<secondmate-id> in herdr itself
ok - real herdr: a task spawned into the secondmate-shaped home lands as a tab inside the secondmate's OWN workspace
ok - real herdr: list_live stays scoped to each home's own workspace - neither home sees the other's tasks
ok - real herdr: BOTH workspace ids/labels AND both tasks' pane ids survive a session stop + fresh server restart (multi-workspace shape)
ok - real herdr: send_text_line runs a command atomically (pane run) and its output is capturable
ok - real herdr: send_literal + send_key Enter submit as two separate steps (verified: send-text does NOT auto-submit)
ok - real herdr: current_path reads the pane's live cwd
note: FM_HERDR_SMOKE_REAL_CLAUDE=1 not set; skipping the real-agent busy_state check
ok - real herdr: kill removes the pane and is idempotent/best-effort
ok - real herdr: list_live discovers a live task tab by fm-<id> label
exit=0
== base run 7
ok - real herdr: version_check accepts the installed binary's protocol
ok - real herdr: container_ensure starts the isolated session's server, creates the firstmate workspace (fm-lab-backend-smoke-2545039:w1), and reports its seeded default tab id (w1:t1)
ok - real herdr: session status normalizes running and compatible
ok - real herdr: container_ensure is idempotent (reuses/adopts the existing firstmate workspace, reports no seeded default tab on adoption)
ok - real herdr: create_task prunes the freshly-created workspace's seeded default tab, leaving exactly one clean fm-<id> task tab
not ok - REGRESSION: create_task should refuse a duplicate label whose pane hosts a genuinely live registered agent (idle counts as live)
fm-herdr-lab: missing fleet-state tripwire for 'fm-lab-backend-smoke-2545039'; refusing destructive calls
exit=1
== base run 8
ok - real herdr: version_check accepts the installed binary's protocol
ok - real herdr: container_ensure starts the isolated session's server, creates the firstmate workspace (fm-lab-backend-smoke-2547879:w1), and reports its seeded default tab id (w1:t1)
ok - real herdr: session status normalizes running and compatible
ok - real herdr: container_ensure is idempotent (reuses/adopts the existing firstmate workspace, reports no seeded default tab on adoption)
ok - real herdr: create_task prunes the freshly-created workspace's seeded default tab, leaving exactly one clean fm-<id> task tab
ok - real herdr: create_task refuses a same-labeled tab whose pane hosts a genuinely live registered agent (unchanged behavior)
ok - real herdr: create_task closes and replaces a same-labeled tab whose pane hosts no registered agent (the restored-husk shape), leaving the workspace intact
ok - real herdr: a secondmate-shaped home (.fm-secondmate-home) gets its OWN herdr workspace, distinct from the primary's, in the SAME session
ok - real herdr: the secondmate-shaped home's workspace is labeled 2ndmate-<secondmate-id> in herdr itself
ok - real herdr: a task spawned into the secondmate-shaped home lands as a tab inside the secondmate's OWN workspace
ok - real herdr: list_live stays scoped to each home's own workspace - neither home sees the other's tasks
ok - real herdr: BOTH workspace ids/labels AND both tasks' pane ids survive a session stop + fresh server restart (multi-workspace shape)
ok - real herdr: send_text_line runs a command atomically (pane run) and its output is capturable
ok - real herdr: send_literal + send_key Enter submit as two separate steps (verified: send-text does NOT auto-submit)
ok - real herdr: current_path reads the pane's live cwd
note: FM_HERDR_SMOKE_REAL_CLAUDE=1 not set; skipping the real-agent busy_state check
ok - real herdr: kill removes the pane and is idempotent/best-effort
ok - real herdr: list_live discovers a live task tab by fm-<id> label
exit=0
== base run 9
ok - real herdr: version_check accepts the installed binary's protocol
ok - real herdr: container_ensure starts the isolated session's server, creates the firstmate workspace (fm-lab-backend-smoke-2553463:w1), and reports its seeded default tab id (w1:t1)
ok - real herdr: session status normalizes running and compatible
ok - real herdr: container_ensure is idempotent (reuses/adopts the existing firstmate workspace, reports no seeded default tab on adoption)
ok - real herdr: create_task prunes the freshly-created workspace's seeded default tab, leaving exactly one clean fm-<id> task tab
ok - real herdr: create_task refuses a same-labeled tab whose pane hosts a genuinely live registered agent (unchanged behavior)
ok - real herdr: create_task closes and replaces a same-labeled tab whose pane hosts no registered agent (the restored-husk shape), leaving the workspace intact
ok - real herdr: a secondmate-shaped home (.fm-secondmate-home) gets its OWN herdr workspace, distinct from the primary's, in the SAME session
ok - real herdr: the secondmate-shaped home's workspace is labeled 2ndmate-<secondmate-id> in herdr itself
ok - real herdr: a task spawned into the secondmate-shaped home lands as a tab inside the secondmate's OWN workspace
ok - real herdr: list_live stays scoped to each home's own workspace - neither home sees the other's tasks
ok - real herdr: BOTH workspace ids/labels AND both tasks' pane ids survive a session stop + fresh server restart (multi-workspace shape)
ok - real herdr: send_text_line runs a command atomically (pane run) and its output is capturable
ok - real herdr: send_literal + send_key Enter submit as two separate steps (verified: send-text does NOT auto-submit)
ok - real herdr: current_path reads the pane's live cwd
note: FM_HERDR_SMOKE_REAL_CLAUDE=1 not set; skipping the real-agent busy_state check
ok - real herdr: kill removes the pane and is idempotent/best-effort
ok - real herdr: list_live discovers a live task tab by fm-<id> label
exit=0
== base run 10
ok - real herdr: version_check accepts the installed binary's protocol
ok - real herdr: container_ensure starts the isolated session's server, creates the firstmate workspace (fm-lab-backend-smoke-2559519:w1), and reports its seeded default tab id (w1:t1)
ok - real herdr: session status normalizes running and compatible
ok - real herdr: container_ensure is idempotent (reuses/adopts the existing firstmate workspace, reports no seeded default tab on adoption)
ok - real herdr: create_task prunes the freshly-created workspace's seeded default tab, leaving exactly one clean fm-<id> task tab
not ok - REGRESSION: create_task should refuse a duplicate label whose pane hosts a genuinely live registered agent (idle counts as live)
fm-herdr-lab: missing fleet-state tripwire for 'fm-lab-backend-smoke-2559519'; refusing destructive calls
exit=1
