Keep an answered captain call in Done and complete/verify its scout inventory

$ /home/node/.no-mistakes/worktrees/450411b3e67c/01M407REF5PH99EKVJW42BPVGA/bin/fm-lab-home.sh create /home/node/.no-mistakes/worktrees/450411b3e67c/01M407REF5PH99EKVJW42BPVGA/.live-captain.Jes6fW/fm-lab.0fx4Ng
/home/node/.no-mistakes/worktrees/450411b3e67c/01M407REF5PH99EKVJW42BPVGA/.live-captain.Jes6fW/fm-lab.0fx4Ng
[exit 0]

ISOLATION: answered retained Done; marked lab FM_HOME=/home/node/.no-mistakes/worktrees/450411b3e67c/01M407REF5PH99EKVJW42BPVGA/.live-captain.Jes6fW/fm-lab.0fx4Ng; HOME=/home/node/.no-mistakes/worktrees/450411b3e67c/01M407REF5PH99EKVJW42BPVGA/.live-captain.Jes6fW/fm-lab.0fx4Ng/user-home; no FM_*_OVERRIDE, gate bypass, backend mocks, or real fleet data.

Effective input .tasks.toml:
backend = "markdown"

[markdown]
path = "data/backlog.md"
done_keep = 10
archive = "data/done-archive.md"


$ tasks-axi add sample-review 'Investigate routing' --kind scout --repo sample --start
ok: added sample-review (scout, repo sample) -> In flight
task:
  id: sample-review
  title: Investigate routing
  state: in_flight
  blocked: no
  blocked_by: none
  held: no
  hold_reason: "-"
  hold_kind: "-"
  hold_until: "-"
  kind: scout
  repo: sample
  priority: "-"
  created: 2026-10-03
  closed: "-"
  deps: none
  links: none
  body: ""
help[2]:
  - Run `tasks-axi done sample-review --pr <url>` when it ships
  - Run `tasks-axi block sample-review --by <other>` to record a dependency
[exit 0]

$ /home/node/.no-mistakes/worktrees/450411b3e67c/01M407REF5PH99EKVJW42BPVGA/bin/fm-captain-hold.sh hold sample-route --title 'Choose route' --reason 'captain must choose north or south' --repo sample --origin sample-review
sample-route
[exit 0]

$ /home/node/.no-mistakes/worktrees/450411b3e67c/01M407REF5PH99EKVJW42BPVGA/bin/fm-captain-hold.sh complete sample-review sample-route
complete: sample-review captain-call inventory reviewed (sample-route)
[exit 0]

$ /home/node/.no-mistakes/worktrees/450411b3e67c/01M407REF5PH99EKVJW42BPVGA/bin/fm-captain-hold.sh answer sample-route --decision-file /home/node/.no-mistakes/worktrees/450411b3e67c/01M407REF5PH99EKVJW42BPVGA/.live-captain.Jes6fW/fm-lab.0fx4Ng/answer.txt
answered: sample-route
[exit 0]

$ tasks-axi show sample-route --full
task:
  id: sample-route
  title: Choose route
  state: done
  blocked: no
  blocked_by: none
  held: no
  hold_reason: "fm-hold-v1:Y2FwdGFpbiBtdXN0IGNob29zZSBub3J0aCBvciBzb3V0aA=="
  hold_kind: captain
  hold_until: "-"
  kind: captain
  repo: sample
  priority: "-"
  created: "-"
  closed: 2026-10-03
  deps: none
  links: none
  body: "Resolution recorded by fm-captain-hold.\nDecision digest: e3b59d03ce91fd006e406e6be97a6f2cb72407bdadd23beb23a9f688e680292b\nResolution mode: answered\n\nCaptain decision:\nChoose north.\n\nCaptain hold origin: sample-review\n\nOrigin: sample-review"
[exit 0]

$ /home/node/.no-mistakes/worktrees/450411b3e67c/01M407REF5PH99EKVJW42BPVGA/bin/fm-captain-hold.sh verify sample-review
verified: sample-review captain-call inventory
[exit 0]

$ /home/node/.no-mistakes/worktrees/450411b3e67c/01M407REF5PH99EKVJW42BPVGA/bin/fm-captain-hold.sh complete sample-review sample-route
complete: sample-review captain-call inventory reviewed (sample-route)
[exit 0]

RETAINED DONE ACCEPTED BACKLOG:
## In flight
- [ ] sample-review - Investigate routing (repo: sample) (kind: scout) (since 2026-10-03)

## Queued
## Done
- [x] sample-route - Choose route (repo: sample) (kind: captain) (done 2026-10-03) (hold: fm-hold-v1:Y2FwdGFpbiBtdXN0IGNob29zZSBub3J0aCBvciBzb3V0aA==) (hold-kind: captain)
  Resolution recorded by fm-captain-hold.
  Decision digest: e3b59d03ce91fd006e406e6be97a6f2cb72407bdadd23beb23a9f688e680292b
  Resolution mode: answered

  Captain decision:
  Choose north.

  Captain hold origin: sample-review

  Origin: sample-review



RETAINED DONE ACCEPTED METADATA sample-review.meta:
kind=scout
worktree=/home/node/.no-mistakes/worktrees/450411b3e67c/01M407REF5PH99EKVJW42BPVGA/.live-captain.Jes6fW/fm-lab.0fx4Ng/projects/missing-sample-review
project=/home/node/.no-mistakes/worktrees/450411b3e67c/01M407REF5PH99EKVJW42BPVGA/.live-captain.Jes6fW/fm-lab.0fx4Ng/projects/sample
branch=fm/sample-review
mode=no-mistakes
decisions_reviewed=1
decision_keys=sample-route


TEARDOWN: removed disposable lab /home/node/.no-mistakes/worktrees/450411b3e67c/01M407REF5PH99EKVJW42BPVGA/.live-captain.Jes6fW/fm-lab.0fx4Ng

