Open a new untransferred captain decision and attempt scout cleanup

$ /home/node/.no-mistakes/worktrees/450411b3e67c/01M407REF5PH99EKVJW42BPVGA/bin/fm-lab-home.sh create /home/node/.no-mistakes/worktrees/450411b3e67c/01M407REF5PH99EKVJW42BPVGA/.live-captain.Jes6fW/fm-lab.J7It0V
/home/node/.no-mistakes/worktrees/450411b3e67c/01M407REF5PH99EKVJW42BPVGA/.live-captain.Jes6fW/fm-lab.J7It0V
[exit 0]

ISOLATION: untransferred open decision prevents cleanup; marked lab FM_HOME=/home/node/.no-mistakes/worktrees/450411b3e67c/01M407REF5PH99EKVJW42BPVGA/.live-captain.Jes6fW/fm-lab.J7It0V; HOME=/home/node/.no-mistakes/worktrees/450411b3e67c/01M407REF5PH99EKVJW42BPVGA/.live-captain.Jes6fW/fm-lab.J7It0V/user-home; no FM_*_OVERRIDE, gate bypass, backend mocks, or real fleet data.

Effective input .tasks.toml:
backend = "markdown"

[markdown]
path = "data/backlog.md"
done_keep = 10
archive = "data/done-archive.md"


$ tasks-axi add sample-review 'Investigate routing' --kind scout --repo sample --start
ok: added sample-review (scout, repo sample) -> In flight
task:
  id: sample-review
  title: Investigate routing
  state: in_flight
  blocked: no
  blocked_by: none
  held: no
  hold_reason: "-"
  hold_kind: "-"
  hold_until: "-"
  kind: scout
  repo: sample
  priority: "-"
  created: 2026-10-03
  closed: "-"
  deps: none
  links: none
  body: ""
help[2]:
  - Run `tasks-axi done sample-review --pr <url>` when it ships
  - Run `tasks-axi block sample-review --by <other>` to record a dependency
[exit 0]

$ /home/node/.no-mistakes/worktrees/450411b3e67c/01M407REF5PH99EKVJW42BPVGA/bin/fm-captain-hold.sh complete sample-review --none
complete: sample-review captain-call inventory reviewed
[exit 0]

$ /home/node/.no-mistakes/worktrees/450411b3e67c/01M407REF5PH99EKVJW42BPVGA/bin/fm-captain-hold.sh verify sample-review
[stderr]
fm-captain-hold: open captain decision sample-review/late-route is not transferred to the captain-held inventory; re-run complete
[exit 1]

$ /home/node/.no-mistakes/worktrees/450411b3e67c/01M407REF5PH99EKVJW42BPVGA/bin/fm-captain-hold.sh complete sample-review --none
[stderr]
fm-captain-hold: origin sample-review still has open captain decisions in its status stream; hold a captain task for what remains, or answer them, before attesting --none
[exit 1]

$ /home/node/.no-mistakes/worktrees/450411b3e67c/01M407REF5PH99EKVJW42BPVGA/bin/fm-teardown.sh sample-review
[stderr]
fm-gate-refuse: gate agent lifecycle permitted only against lab home /home/node/.no-mistakes/worktrees/450411b3e67c/01M407REF5PH99EKVJW42BPVGA/.live-captain.Jes6fW/fm-lab.J7It0V
●━━━━━━━━━━━━━━━━━━━━━━━━━━━━━━━━━━━━━━━━━━━━━━━━━━━━━━━━━━━━━━━━━━━━━━━
●  WATCHER DOWN - SUPERVISION IS OFF
●  1 task(s) in flight, but no watcher has a fresh beacon (last beat: never, grace 300s).
●  Trust the emitted supervision protocol for this harness; do not use shell & for watcher repair.
●  This is a supervision warning only; the guarded operation WILL still run.
●  repair a missing or failed watcher cycle with the Pi tool fm_watch_arm_pi, or restart Pi with -e /home/node/.no-mistakes/worktrees/450411b3e67c/01M407REF5PH99EKVJW42BPVGA/.pi/extensions/fm-primary-turnend-guard.ts -e /home/node/.no-mistakes/worktrees/450411b3e67c/01M407REF5PH99EKVJW42BPVGA/.pi/extensions/fm-primary-pi-watch.ts if the extensions are not loaded.
●━━━━━━━━━━━━━━━━━━━━━━━━━━━━━━━━━━━━━━━━━━━━━━━━━━━━━━━━━━━━━━━━━━━━━━━
fm-captain-hold: open captain decision sample-review/late-route is not transferred to the captain-held inventory; re-run complete
REFUSED: scout task sample-review has not passed the captain-call completion gate.
Inventory its report and any visual review through bin/fm-captain-hold.sh before teardown.
[exit 1]

$ /home/node/.no-mistakes/worktrees/450411b3e67c/01M407REF5PH99EKVJW42BPVGA/bin/fm-captain-hold.sh hold sample-route --title 'Choose route' --reason 'captain must choose north or south' --repo sample --origin sample-review
sample-route
[exit 0]

$ /home/node/.no-mistakes/worktrees/450411b3e67c/01M407REF5PH99EKVJW42BPVGA/bin/fm-captain-hold.sh complete sample-review sample-route
complete: sample-review captain-call inventory reviewed (sample-route)
[exit 0]

$ /home/node/.no-mistakes/worktrees/450411b3e67c/01M407REF5PH99EKVJW42BPVGA/bin/fm-captain-hold.sh verify sample-review
verified: sample-review captain-call inventory
[exit 0]

$ tasks-axi show sample-route --full
task:
  id: sample-route
  title: Choose route
  state: queued
  blocked: no
  blocked_by: none
  held: yes
  hold_reason: "fm-hold-v1:Y2FwdGFpbiBtdXN0IGNob29zZSBub3J0aCBvciBzb3V0aA=="
  hold_kind: captain
  hold_until: "-"
  kind: captain
  repo: sample
  priority: "-"
  created: 2026-10-03
  closed: "-"
  deps: none
  links: none
  body: "Captain hold set: 2026-10-03T07:27:02Z\nCaptain hold origin: sample-review\n\nOrigin: sample-review"
[exit 0]

OPEN CALL TRANSFERRED, NOT CLOSED BACKLOG:
## In flight
- [ ] sample-review - Investigate routing (repo: sample) (kind: scout) (since 2026-10-03)

## Queued
- [ ] sample-route - Choose route (repo: sample) (kind: captain) (since 2026-10-03) (hold: fm-hold-v1:Y2FwdGFpbiBtdXN0IGNob29zZSBub3J0aCBvciBzb3V0aA==) (hold-kind: captain)
  Captain hold set: 2026-10-03T07:27:02Z
  Captain hold origin: sample-review

  Origin: sample-review
## Done


OPEN CALL TRANSFERRED, NOT CLOSED METADATA sample-review.meta:
kind=scout
worktree=/home/node/.no-mistakes/worktrees/450411b3e67c/01M407REF5PH99EKVJW42BPVGA/.live-captain.Jes6fW/fm-lab.J7It0V/projects/missing-sample-review
project=/home/node/.no-mistakes/worktrees/450411b3e67c/01M407REF5PH99EKVJW42BPVGA/.live-captain.Jes6fW/fm-lab.J7It0V/projects/sample
branch=fm/sample-review
mode=no-mistakes
decisions_reviewed=1
decision_keys=
decisions_reviewed=1
decision_keys=sample-route


OBSERVED: new untransferred status decision blocks cleanup; completing its durable held inventory repairs the gate without falsely answering or closing the call (existing lifecycle contract).

TEARDOWN: removed disposable lab /home/node/.no-mistakes/worktrees/450411b3e67c/01M407REF5PH99EKVJW42BPVGA/.live-captain.Jes6fW/fm-lab.J7It0V

