/home/node/.no-mistakes/worktrees/450411b3e67c/01M4H5KP1VG2X9YFP5CNNAPNGA/.test-phase/probe-home

=== Installed real Herdr in local named lab ===
{"client":{"version":"0.9.3","channel":"stable","protocol":22,"endpoint_protocol_generation":1,"endpoint_capabilities":["surface_interest","presentation_effects_fence","health_check"],"remote_host_bridge":true,"remote_bridge_idle_timeout":true,"binary":"/home/node/.local/bin/herdr","session":"fm-lab-p"},"server":{"status":"running","running":true,"version":"0.9.3","protocol":22,"capabilities":{"live_handoff":true,"detached_server_daemon":false,"endpoint_protocol_generation":1,"surface_interest":true,"health_check":true,"ssh_agent_registration":true},"compatible":true,"endpoint_compatible":true,"socket":".test-phase/x/herdr/sessions/fm-lab-p/herdr.sock","session":"fm-lab-p","restart_needed":false,"server_binary_stale":false},"update":{"restart_needed":false,"server_binary_stale":false}}
{"id":"cli:workspace:create","result":{"root_pane":{"agent_status":"unknown","cwd":"/home/node/.no-mistakes/worktrees/450411b3e67c/01M4H5KP1VG2X9YFP5CNNAPNGA/.test-phase/owned","focused":true,"foreground_cwd":"/home/node/.no-mistakes/worktrees/450411b3e67c/01M4H5KP1VG2X9YFP5CNNAPNGA/.test-phase/owned","pane_id":"w1:p1","revision":0,"scroll":{"max_offset_from_bottom":0,"offset_from_bottom":0,"viewport_rows":40},"tab_id":"w1:t1","terminal_id":"term_65d6effb5a8aa1","workspace_id":"w1"},"tab":{"agent_status":"unknown","focused":true,"label":"1","number":1,"pane_count":1,"tab_id":"w1:t1","workspace_id":"w1"},"type":"workspace_created","workspace":{"active_tab_id":"w1:t1","agent_status":"unknown","focused":true,"label":"lab-owned","number":1,"pane_count":1,"tab_count":1,"workspace_id":"w1"}}}
{"id":"cli:pane:wait-output","result":{"matched_line":"LIVE_PROBE_SENTINEL","pane_id":"w1:p1","read":{"format":"text","pane_id":"w1:p1","revision":0,"source":"recent_unwrapped","tab_id":"w1:t1","text":"printf '%s_%s\\n' LIVE PROBE_SENTINEL\n3baee92f86a5% printf '%s_%s\\n' LIVE PROBE_SENTINEL\nLIVE_PROBE_SENTINEL\n3baee92f86a5%","truncated":false,"workspace_id":"w1"},"revision":0,"type":"output_matched"}}

=== Running owned endpoint: real visible capture and real input ===
printf '%s_%s\n' LIVE PROBE_SENTINEL
3baee92f86a5% printf '%s_%s\n' LIVE PROBE_SENTINEL
LIVE_PROBE_SENTINEL
3baee92f86a5%
{"id":"cli:pane:wait-output","result":{"matched_line":"OWNED_INPUT_RECEIVED","pane_id":"w1:p1","read":{"format":"text","pane_id":"w1:p1","revision":0,"source":"recent_unwrapped","tab_id":"w1:t1","text":"printf '%s_%s\\n' LIVE PROBE_SENTINEL\n3baee92f86a5% printf '%s_%s\\n' LIVE PROBE_SENTINEL\nLIVE_PROBE_SENTINEL\n3baee92f86a5% printf '%s_%s\\n' OWNED INPUT_RECEIVED\nOWNED_INPUT_RECEIVED\n3baee92f86a5%","truncated":false,"workspace_id":"w1"},"revision":0,"type":"output_matched"}}
printf '%s_%s\n' LIVE PROBE_SENTINEL
3baee92f86a5% printf '%s_%s\n' LIVE PROBE_SENTINEL
LIVE_PROBE_SENTINEL
3baee92f86a5% printf '%s_%s\n' OWNED INPUT_RECEIVED
OWNED_INPUT_RECEIVED
3baee92f86a5%
owned Enter delivered and executed printf, visible capture succeeded
shell composer state=unknown
real process-bound owned capture succeeded: proc:1265516:5242a216-4a00-4136-99a2-1def924893e5:15118096

=== Adversarial identity mismatch despite a matching live cwd ===
same-cwd foreign identity composer=unknown visible_capture_exit=1 bytes=0

=== Adversarial reused address: recorded worktree does not own this pane ===
foreign composer=unknown visible_capture_exit=1 bytes=0

=== Stopped real session: passive piped probes reach EOF without startup ===
{"session":{"default":false,"name":"fm-lab-p","running":false,"session_dir":".test-phase/x/herdr/sessions/fm-lab-p","socket_path":".test-phase/x/herdr/sessions/fm-lab-p/herdr.sock"},"stopped":true}
{"client":{"version":"0.9.3","channel":"stable","protocol":22,"endpoint_protocol_generation":1,"endpoint_capabilities":["surface_interest","presentation_effects_fence","health_check"],"remote_host_bridge":true,"remote_bridge_idle_timeout":true,"binary":"/home/node/.local/bin/herdr","session":"fm-lab-p"},"server":{"status":"not_running","running":false,"version":null,"protocol":null,"capabilities":null,"compatible":null,"endpoint_compatible":null,"socket":".test-phase/x/herdr/sessions/fm-lab-p/herdr.sock","session":"fm-lab-p","restart_needed":false,"server_binary_stale":false},"update":{"restart_needed":false,"server_binary_stale":false}}
stopped composer=unknown piped_elapsed_seconds=0 visible_capture_exit=1 bytes=0
{"client":{"version":"0.9.3","channel":"stable","protocol":22,"endpoint_protocol_generation":1,"endpoint_capabilities":["surface_interest","presentation_effects_fence","health_check"],"remote_host_bridge":true,"remote_bridge_idle_timeout":true,"binary":"/home/node/.local/bin/herdr","session":"fm-lab-p"},"server":{"status":"not_running","running":false,"version":null,"protocol":null,"capabilities":null,"compatible":null,"endpoint_compatible":null,"socket":".test-phase/x/herdr/sessions/fm-lab-p/herdr.sock","session":"fm-lab-p","restart_needed":false,"server_binary_stale":false},"update":{"restart_needed":false,"server_binary_stale":false}}

=== Invalid endpoint: no Herdr command is needed ===
malformed composer=unknown visible_capture_exit=1 CLI_requests=0

=== Active input still starts the owned stopped session ===
{"client":{"version":"0.9.3","channel":"stable","protocol":22,"endpoint_protocol_generation":1,"endpoint_capabilities":["surface_interest","presentation_effects_fence","health_check"],"remote_host_bridge":true,"remote_bridge_idle_timeout":true,"binary":"/home/node/.local/bin/herdr","session":"fm-lab-p"},"server":{"status":"running","running":true,"version":"0.9.3","protocol":22,"capabilities":{"live_handoff":true,"detached_server_daemon":false,"endpoint_protocol_generation":1,"surface_interest":true,"health_check":true,"ssh_agent_registration":true},"compatible":true,"endpoint_compatible":true,"socket":".test-phase/x/herdr/sessions/fm-lab-p/herdr.sock","session":"fm-lab-p","restart_needed":false,"server_binary_stale":false},"update":{"restart_needed":false,"server_binary_stale":false}}
{"id":"cli:pane:wait-output","result":{"matched_line":"RESTARTED_INPUT_RECEIVED","pane_id":"w1:p1","read":{"format":"text","pane_id":"w1:p1","revision":0,"source":"recent_unwrapped","tab_id":"w1:t1","text":"3baee92f86a5%\n3baee92f86a5% printf '%s_%s\\n' RESTARTED INPUT_RECEIVED\nRESTARTED_INPUT_RECEIVED\n3baee92f86a5%","truncated":false,"workspace_id":"w1"},"revision":0,"type":"output_matched"}}
3baee92f86a5%
3baee92f86a5% printf '%s_%s\n' RESTARTED INPUT_RECEIVED
RESTARTED_INPUT_RECEIVED
3baee92f86a5%
public active send started the real stopped lab server through guarded provision and restored owned input
guarded teardown exit=0 (default fleet tripwire checked)
