session=fm-lab-p status --json 
session=fm-lab-p pane get w1:p1 
session=fm-lab-p status --json 
session=fm-lab-p pane read w1:p1 --source visible 
session=fm-lab-p status --json 
session=fm-lab-p pane get w1:p1 
session=fm-lab-p status --json 
session=fm-lab-p pane send-keys w1:p1 enter 
session=fm-lab-p status --json 
session=fm-lab-p pane get w1:p1 
session=fm-lab-p status --json 
session=fm-lab-p pane read w1:p1 --source visible 
session=fm-lab-p status --json 
session=fm-lab-p pane get w1:p1 
session=fm-lab-p status --json 
session=fm-lab-p pane read w1:p1 --source visible --format ansi 
session=fm-lab-p pane process-info --pane w1:p1 
session=fm-lab-p status --json 
session=fm-lab-p pane process-info --pane w1:p1 
session=fm-lab-p status --json 
session=fm-lab-p pane read w1:p1 --source visible 
