== real spawn of task reprohooks3583707 done
dr-x------ 2 node node 4096 Sep 29 23:39 /tmp/fm-repro-leak.LzNFr4/home/state/reprohooks3583707.git-hooks
drwx------ 2 node node 4096 Sep 29 23:39 /tmp/fm-reprohooks3583707+c0122b53d04ca78664d28efb3f630d8999cf7b07725dc8df8cc8c6712ccaac95
== BEFORE (base cleanup): plain rm -rf "$TMP_ROOT"
rm: cannot remove '/tmp/fm-repro-leak.LzNFr4/home/state/reprohooks3583707.git-hooks/post-rewrite': Permission denied
rm: cannot remove '/tmp/fm-repro-leak.LzNFr4/home/state/reprohooks3583707.git-hooks/post-commit': Permission denied
rm: cannot remove '/tmp/fm-repro-leak.LzNFr4/home/state/reprohooks3583707.git-hooks/pre-applypatch': Permission denied
rm: cannot remove '/tmp/fm-repro-leak.LzNFr4/home/state/reprohooks3583707.git-hooks/sendemail-validate': Permission denied
rm: cannot remove '/tmp/fm-repro-leak.LzNFr4/home/state/reprohooks3583707.git-hooks/post-applypatch': Permission denied
rm: cannot remove '/tmp/fm-repro-leak.LzNFr4/home/state/reprohooks3583707.git-hooks/applypatch-msg': Permission denied
rm: cannot remove '/tmp/fm-repro-leak.LzNFr4/home/state/reprohooks3583707.git-hooks/prepare-commit-msg': Permission denied
rm: cannot remove '/tmp/fm-repro-leak.LzNFr4/home/state/reprohooks3583707.git-hooks/pre-rebase': Permission denied
rm: cannot remove '/tmp/fm-repro-leak.LzNFr4/home/state/reprohooks3583707.git-hooks/post-merge': Permission denied
rm: cannot remove '/tmp/fm-repro-leak.LzNFr4/home/state/reprohooks3583707.git-hooks/pre-push': Permission denied
rm: cannot remove '/tmp/fm-repro-leak.LzNFr4/home/state/reprohooks3583707.git-hooks/pre-merge-commit': Permission denied
rm: cannot remove '/tmp/fm-repro-leak.LzNFr4/home/state/reprohooks3583707.git-hooks/pre-commit': Permission denied
rm: cannot remove '/tmp/fm-repro-leak.LzNFr4/home/state/reprohooks3583707.git-hooks/post-checkout': Permission denied
rm: cannot remove '/tmp/fm-repro-leak.LzNFr4/home/state/reprohooks3583707.git-hooks/pre-auto-gc': Permission denied
rm: cannot remove '/tmp/fm-repro-leak.LzNFr4/home/state/reprohooks3583707.git-hooks/commit-msg': Permission denied
rm -rf exit status: 1
LEAK: fixture tree still present: 19 entries
LEAK: staged launch dir still present: /tmp/fm-reprohooks3583707+c0122b53d04ca78664d28efb3f630d8999cf7b07725dc8df8cc8c6712ccaac95
== AFTER (this change): fm_test_remove_spawn_launch_dirs + fm_test_remove_tree
fm_test_remove_tree exit status: 0
fixture tree gone: /tmp/fm-repro-leak.LzNFr4
launch dir gone: /tmp/fm-reprohooks3583707+c0122b53d04ca78664d28efb3f630d8999cf7b07725dc8df8cc8c6712ccaac95
rc=0
