1791038421.941103512
1791038422.062133596
1791038422.183948409
1791038422.306211664
1791038422.433404028
1791038422.552599148
1791038422.673646265
1791038422.795914710
1791038422.916812836
1791038423.041130253
1791038423.170383371
1791038423.295692007
1791038423.418591718
1791038423.540538049
1791038423.683626373
1791038423.822436527
1791038423.943599558
1791038424.075267621
1791038424.198875169
1791038424.320102827
1791038424.441133637
1791038424.563437820
1791038424.688504307
1791038424.812002048
1791038424.931670345
1791038425.051557613
1791038425.169681470
1791038425.289298657
1791038425.408452185
1791038425.526372399
1791038425.643877956
1791038425.765512535
1791038425.889419193
1791038426.010146827
1791038426.131876570
1791038426.249922944
1791038426.369123794
1791038426.491337055
1791038426.613518174
1791038426.736666706
1791038426.857318190
1791038426.976411251
1791038427.093802062
1791038427.209893013
1791038427.327299218
1791038427.452249630
1791038427.574007119
1791038427.695040950
1791038427.812107624
1791038427.925448114
