1791038298.428718973
1791038298.551059111
1791038298.672451609
1791038298.795925496
1791038298.917689851
1791038299.040799801
1791038299.162627204
1791038299.281797794
1791038299.398069183
1791038299.517661375
1791038299.635868184
1791038299.753774777
1791038299.870195142
1791038299.984857888
1791038300.099589142
1791038300.220183859
1791038300.338032232
1791038300.455828132
1791038300.572821318
1791038300.694558825
1791038300.821485539
1791038300.952170570
1791038301.079470869
1791038301.201972652
1791038301.322262092
1791038301.447966545
1791038301.575903178
1791038301.713293318
1791038301.865382475
1791038302.052457143
1791038302.208223365
1791038302.371130117
1791038302.551584556
1791038302.717381160
1791038302.869979248
1791038303.031153769
1791038303.185976468
1791038303.328657769
1791038303.490208461
1791038303.649618521
1791038303.786802083
1791038303.922178434
1791038304.048355239
1791038304.170159852
1791038304.298241708
1791038304.447717891
1791038304.583612765
1791038304.703253732
1791038304.823924645
1791038304.946051480
1791038305.078030204
1791038305.203855793
1791038305.332015828
1791038305.463603944
1791038305.591703055
1791038305.719463628
1791038305.847650318
1791038305.973595633
1791038306.096263202
1791038306.220495366
1791038306.346047190
1791038306.467024195
1791038306.601532146
1791038306.729006775
1791038306.855206873
1791038306.988869696
1791038307.113024502
1791038307.243154181
1791038307.367783342
1791038307.489416832
1791038307.610342594
1791038307.731912051
1791038307.853619373
1791038307.985973159
1791038308.116805620
1791038308.238392667
1791038308.357608546
1791038308.477083895
1791038308.596364505
1791038308.714875430
1791038308.833728667
1791038308.955147291
1791038309.075552624
1791038309.196789049
1791038309.316320321
1791038309.434204666
1791038309.550885805
1791038309.667748053
1791038309.784818828
1791038309.906114609
1791038310.027263985
1791038310.152235638
1791038310.278663879
1791038310.407873123
1791038310.539787053
1791038310.664392397
1791038310.794967586
1791038310.928455439
1791038311.075294774
1791038311.197549102
1791038311.320610941
1791038311.454411089
1791038311.579667704
1791038311.704562480
1791038311.843636888
1791038311.993909128
1791038312.120901403
1791038312.241842943
1791038312.363976412
1791038312.486772084
1791038312.624414854
1791038312.763223362
1791038312.908687455
1791038313.060568355
1791038313.211167270
1791038313.349991642
1791038313.484418471
1791038313.611721157
1791038313.742766110
1791038313.875434981
