1791038165.437765958
1791038165.555614612
1791038165.672791256
1791038165.790459574
1791038165.910260847
1791038166.030216577
1791038166.149592039
1791038166.267730628
1791038166.383747918
1791038166.501058424
1791038166.617926860
1791038166.735146517
1791038166.853226095
1791038166.970900042
1791038167.088046524
1791038167.204772607
1791038167.321494393
1791038167.438518978
1791038167.557846158
1791038167.674369162
1791038167.793026558
1791038167.915161935
1791038168.034807662
1791038168.153275042
1791038168.273501007
1791038168.391834326
1791038168.510955194
1791038168.628425559
1791038168.746964239
1791038168.864884435
1791038168.987944859
1791038169.108618965
1791038169.228873139
1791038169.349037548
1791038169.471202416
1791038169.592825747
1791038169.716702730
1791038169.838229954
1791038169.961485044
