1791038176.471573168
1791038176.598628681
1791038176.729044474
1791038176.850183299
1791038176.972071339
1791038177.093888442
1791038177.213770868
1791038177.333009322
1791038177.454218395
1791038177.576979917
1791038177.697693409
1791038177.818613152
1791038177.941032431
1791038178.072246780
1791038178.198700169
1791038178.329711126
1791038178.461328394
1791038178.581557732
1791038178.700307904
1791038178.819000979
1791038178.940261935
1791038179.064359119
1791038179.186678977
1791038179.317209038
1791038179.461019323
1791038179.585335875
1791038179.711689394
1791038179.833691165
1791038179.963659298
1791038180.094381232
1791038180.218775147
1791038180.349428394
1791038180.500627989
1791038180.634246670
1791038180.753563487
1791038180.871347866
1791038180.989593080
1791038181.108468393
1791038181.232312854
1791038181.350834261
1791038181.470804227
1791038181.590867683
1791038181.713036455
1791038181.831963021
1791038181.952523868
1791038182.071022315
1791038182.189157390
1791038182.306724747
1791038182.424505128
1791038182.544299318
1791038182.664357697
1791038182.783823007
1791038182.902865558
1791038183.023014933
1791038183.146230026
1791038183.268663472
1791038183.388518683
1791038183.508546625
1791038183.629236091
1791038183.750512203
1791038183.870374622
1791038183.988272561
1791038184.106434848
1791038184.224970177
1791038184.342562473
1791038184.460361876
1791038184.579724269
1791038184.698757344
1791038184.816328985
1791038184.934968667
1791038185.057244134
1791038185.179087410
1791038185.302221488
1791038185.423961474
1791038185.543288332
1791038185.662890362
1791038185.781673032
1791038185.904199503
1791038186.027112079
1791038186.147728484
1791038186.269844268
1791038186.387120957
1791038186.506428728
1791038186.624736375
1791038186.745806224
1791038186.864310702
1791038186.981357046
1791038187.099375562
1791038187.217737320
1791038187.337693955
1791038187.459467966
1791038187.579784178
1791038187.699228705
1791038187.816882452
1791038187.935142403
1791038188.053919836
1791038188.176147509
1791038188.293952225
1791038188.411002547
1791038188.527054226
1791038188.644089371
1791038188.761927899
1791038188.879937578
1791038188.997798571
1791038189.115384959
1791038189.232611538
1791038189.351233825
1791038189.469409294
1791038189.587368180
1791038189.706319928
1791038189.826608068
1791038189.949336086
1791038190.070189629
1791038190.190169742
1791038190.310152792
1791038190.428068748
1791038190.548444336
1791038190.673100277
1791038190.797723204
1791038190.930774544
1791038191.055240957
1791038191.181607151
1791038191.308017891
1791038191.432857412
1791038191.556249502
1791038191.684634453
1791038191.808199373
1791038191.934666142
1791038192.059131389
1791038192.188470155
1791038192.322072444
1791038192.446948658
1791038192.580350250
1791038192.704419067
1791038192.829131688
1791038192.960148368
1791038193.102253754
1791038193.222183515
1791038193.341913532
1791038193.461183478
1791038193.579829147
1791038193.697626384
1791038193.815368288
1791038193.932390960
1791038194.049141716
1791038194.166853424
1791038194.284488554
1791038194.402636018
1791038194.519988946
1791038194.639924116
1791038194.760561220
1791038194.880242406
1791038195.002821462
1791038195.124907060
1791038195.245403736
1791038195.369762677
1791038195.492239925
1791038195.614452119
1791038195.735965674
1791038195.856832900
1791038195.978726651
1791038196.098550449
1791038196.220906379
1791038196.343466705
1791038196.465791254
1791038196.590320681
1791038196.714354495
1791038196.836397320
1791038196.964998058
1791038197.096593268
1791038197.227397980
1791038197.355572440
1791038197.476781233
1791038197.598858640
1791038197.719765594
1791038197.840086847
1791038197.960528694
1791038198.107811751
1791038198.234508059
1791038198.358691125
1791038198.481803361
1791038198.606723392
1791038198.732233017
1791038198.859180373
1791038198.981208025
1791038199.105279366
1791038199.225105792
1791038199.344282191
1791038199.469768295
1791038199.593534218
1791038199.712661120
1791038199.843595988
1791038199.967663049
1791038200.086825005
1791038200.210224054
1791038200.331744417
1791038200.449196952
1791038200.566221833
1791038200.684027601
1791038200.800374776
1791038200.915813643
1791038201.033367156
1791038201.152580486
1791038201.273071911
1791038201.393663695
1791038201.514870897
1791038201.644813728
1791038201.765531263
1791038201.888331460
1791038202.012193174
1791038202.134525926
1791038202.257516392
1791038202.378815051
1791038202.500921395
1791038202.621463565
1791038202.740993882
1791038202.862948560
1791038202.981114132
1791038203.103055379
1791038203.227082148
1791038203.347307902
1791038203.466702059
1791038203.587782087
1791038203.708006352
1791038203.825497042
1791038203.942849616
1791038204.061674587
1791038204.179583019
1791038204.297919014
1791038204.417560301
1791038204.537936261
1791038204.655887642
1791038204.771572649
1791038204.889086137
1791038205.005795303
1791038205.122832882
1791038205.239806108
1791038205.359898806
1791038205.479297502
1791038205.601939614
1791038205.727037288
1791038205.848399918
1791038205.971256758
1791038206.090859700
1791038206.213743785
1791038206.336614590
1791038206.457017473
1791038206.575451818
1791038206.693847697
1791038206.811728667
1791038206.931156441
1791038207.050104239
1791038207.167314101
1791038207.285086239
1791038207.402809616
1791038207.520087335
1791038207.638777380
1791038207.760679008
1791038207.883649039
1791038208.015609195
1791038208.143082087
1791038208.270071351
1791038208.394802414
1791038208.524098439
1791038208.645994285
1791038208.770936127
1791038208.907027683
1791038209.048357928
1791038209.182663188
1791038209.306579817
1791038209.427699619
1791038209.550424381
1791038209.671577986
1791038209.794118541
1791038209.912706182
1791038210.031116598
1791038210.149803483
1791038210.265904814
1791038210.381900094
1791038210.503256461
1791038210.624531015
1791038210.744528628
1791038210.862864215
1791038210.980105792
1791038211.097735324
1791038211.215381646
1791038211.333597064
1791038211.454157813
1791038211.576779389
1791038211.697118615
1791038211.817323290
1791038211.939578473
1791038212.069264180
1791038212.188395117
1791038212.306080664
1791038212.423109564
1791038212.543138883
1791038212.666056450
1791038212.782934847
1791038212.895251606
1791038213.011553572
1791038213.132001804
1791038213.254002245
1791038213.374859337
1791038213.494787337
1791038213.616746480
1791038213.739222844
1791038213.857333810
1791038213.975932094
1791038214.102465239
1791038214.231419781
1791038214.357473335
1791038214.478954008
1791038214.600766022
1791038214.720883201
1791038214.848351563
1791038214.994140493
1791038215.126818036
1791038215.253380346
1791038215.390780768
1791038215.524780293
1791038215.664791300
1791038215.802101446
1791038215.926870746
1791038216.048452222
1791038216.190612029
1791038216.324786779
1791038216.451700474
1791038216.592494442
1791038216.754545109
1791038216.884919173
1791038217.004024934
1791038217.122859526
1791038217.249597808
1791038217.382760436
1791038217.539208988
1791038217.671025477
1791038217.797431929
1791038217.926466011
1791038218.047454218
1791038218.175048298
1791038218.299171905
1791038218.430463435
1791038218.556486716
1791038218.687095822
1791038218.809838667
1791038218.945755470
1791038219.100232483
1791038219.245373570
1791038219.389210283
1791038219.535544129
1791038219.677785048
1791038219.807456918
1791038219.932831981
1791038220.054616354
1791038220.177833513
1791038220.301287389
1791038220.421680382
1791038220.540002524
1791038220.659095021
1791038220.784875330
1791038220.917576454
1791038221.050645792
1791038221.176300376
1791038221.300134930
1791038221.423789854
1791038221.547452360
1791038221.669642218
1791038221.792666587
1791038221.917452583
1791038222.041622407
1791038222.165136980
1791038222.292717705
1791038222.418572271
1791038222.544853772
1791038222.669465292
1791038222.791915216
1791038222.917047127
1791038223.040854806
1791038223.182719737
1791038223.306494918
1791038223.429544374
1791038223.552786403
1791038223.676441526
1791038223.800874072
1791038223.926410683
1791038224.049996452
1791038224.171198080
1791038224.294422725
1791038224.422301326
1791038224.553948909
1791038224.711727368
1791038224.872859503
1791038225.034165368
1791038225.214447747
1791038225.366846355
1791038225.520632982
1791038225.681994321
1791038225.850652011
1791038225.998214355
1791038226.131752481
1791038226.259734816
1791038226.394473021
1791038226.524074959
1791038226.661307191
1791038226.810637490
1791038226.949734518
1791038227.080909625
1791038227.206006527
1791038227.329893276
1791038227.452951014
1791038227.575116395
1791038227.696973011
1791038227.814751896
1791038227.934895019
1791038228.055677644
1791038228.177095990
1791038228.299861743
1791038228.418112953
1791038228.538965287
1791038228.660140561
1791038228.783751404
1791038228.905919099
1791038229.023196349
1791038229.140192370
1791038229.260309005
1791038229.379461866
1791038229.497391499
1791038229.618031117
1791038229.738756919
1791038229.857936974
1791038229.979592566
1791038230.102531163
1791038230.221971064
1791038230.340613759
1791038230.458962911
1791038230.575449781
1791038230.692794856
1791038230.811001624
1791038230.929371809
1791038231.047874242
1791038231.165800372
1791038231.283842925
1791038231.404349580
1791038231.525346241
1791038231.645203974
1791038231.762623545
1791038231.880487837
1791038231.998849296
1791038232.122002667
1791038232.242966737
1791038232.359450514
1791038232.474387683
1791038232.595724499
1791038232.717958037
1791038232.837611357
1791038232.958424938
1791038233.078104028
1791038233.196113447
1791038233.314683710
1791038233.432846685
1791038233.549115560
1791038233.667330352
1791038233.786330763
1791038233.907157843
1791038234.029659189
1791038234.153419858
1791038234.282529088
1791038234.404195809
1791038234.532017047
1791038234.657038062
1791038234.787131110
1791038234.920064618
1791038235.040349468
1791038235.169924841
1791038235.309528622
1791038235.443714100
1791038235.577761287
1791038235.712697664
1791038235.850959470
1791038235.984299453
1791038236.112959502
1791038236.241919249
1791038236.380897617
1791038236.505612290
1791038236.633192156
1791038236.755863869
1791038236.884333138
1791038237.008312768
1791038237.129806439
1791038237.257867440
1791038237.399061910
1791038237.521212759
1791038237.646875265
1791038237.791206339
1791038237.916443854
1791038238.054014628
1791038238.179447776
1791038238.311343663
1791038238.439099746
1791038238.561347224
1791038238.683581918
1791038238.799273481
1791038238.913231385
1791038239.029847420
1791038239.149291710
1791038239.270215942
1791038239.389860528
1791038239.510722659
1791038239.630921810
1791038239.747848724
1791038239.865653919
1791038239.983680782
1791038240.103085603
1791038240.221683228
1791038240.342654941
1791038240.461747060
1791038240.579184649
1791038240.696246289
1791038240.814510148
1791038240.931534697
1791038241.050073298
1791038241.168050724
1791038241.286203670
1791038241.409227682
1791038241.530451890
1791038241.653787845
1791038241.779050289
1791038241.902931743
1791038242.034316686
1791038242.167368940
1791038242.289450330
1791038242.417683775
1791038242.545200609
1791038242.671691294
1791038242.792923961
1791038242.917683043
1791038243.042598057
1791038243.167024989
1791038243.288037777
1791038243.408007772
1791038243.529627944
1791038243.650504057
1791038243.770854159
1791038243.888730109
1791038244.006287543
1791038244.126598873
1791038244.246831380
1791038244.365890489
1791038244.486295431
1791038244.604008856
1791038244.720945785
1791038244.837807595
1791038244.958073080
1791038245.076992700
1791038245.198736613
1791038245.318330397
1791038245.435340718
1791038245.554528889
1791038245.686177636
1791038245.809824934
1791038245.931950161
1791038246.051360931
1791038246.171771457
1791038246.291273093
1791038246.412862647
1791038246.534855090
1791038246.654675160
1791038246.771702704
1791038246.887875695
1791038247.004675796
1791038247.117332620
1791038247.231536494
1791038247.350867921
1791038247.470083474
1791038247.586486028
1791038247.703276610
1791038247.832238594
1791038247.951305872
1791038248.069972707
1791038248.188262066
1791038248.307328512
1791038248.424286949
1791038248.541059209
1791038248.658047096
1791038248.782050563
1791038248.903848056
1791038249.024571152
1791038249.146135513
1791038249.266567400
1791038249.386341454
1791038249.509698301
1791038249.629472799
1791038249.752257734
1791038249.875851994
1791038250.000259873
1791038250.122753386
1791038250.241000526
1791038250.357610835
1791038250.478308238
1791038250.597976092
1791038250.715784759
1791038250.833200488
1791038250.950174117
1791038251.069349195
1791038251.190196915
1791038251.311023015
1791038251.430830645
1791038251.551987097
1791038251.671391046
1791038251.790422848
1791038251.916849670
1791038252.044023608
1791038252.167267078
1791038252.286870203
1791038252.410074745
1791038252.530147144
1791038252.663226799
1791038252.791425262
1791038252.918013301
1791038253.038364801
1791038253.179096198
1791038253.317227391
1791038253.450277029
1791038253.595265191
1791038253.729449507
1791038253.857751830
1791038253.989150708
1791038254.112934059
1791038254.238332567
1791038254.362913487
1791038254.486182630
1791038254.614465909
1791038254.742501759
1791038254.865904484
1791038254.991011440
1791038255.135806514
1791038255.274565859
1791038255.412864723
1791038255.545286513
1791038255.670064006
1791038255.793165135
1791038255.916576724
1791038256.041727462
1791038256.174983151
1791038256.307208385
1791038256.431643762
1791038256.566341198
1791038256.686754134
1791038256.815901226
1791038256.952576922
1791038257.090598001
1791038257.211493069
1791038257.335639972
1791038257.466520596
1791038257.590862427
1791038257.713405778
1791038257.836727761
1791038257.955187881
1791038258.077235888
1791038258.211552886
1791038258.342696060
1791038258.465369633
1791038258.591738069
1791038258.715900997
1791038258.843031090
1791038258.963427537
1791038259.083574992
1791038259.205605943
1791038259.327604678
1791038259.445619503
1791038259.561447476
1791038259.679199450
1791038259.795848268
1791038259.912419833
1791038260.027859401
1791038260.140650192
1791038260.254081412
1791038260.370710677
1791038260.484800291
1791038260.597576750
1791038260.710433294
1791038260.826482574
1791038260.949196609
1791038261.069245067
1791038261.189610668
1791038261.309583216
1791038261.426721738
1791038261.544060178
1791038261.663776643
1791038261.787976961
1791038261.908600770
1791038262.027863364
1791038262.147257971
1791038262.270292433
1791038262.394264684
1791038262.514891815
1791038262.633255438
1791038262.749611699
1791038262.864581161
1791038262.981248072
1791038263.102025961
1791038263.220661601
1791038263.340937993
1791038263.461425674
1791038263.581479771
1791038263.700290641
1791038263.821377526
1791038263.940572588
1791038264.058442181
1791038264.176466230
1791038264.298841190
1791038264.421393255
1791038264.543811227
1791038264.663906868
1791038264.784955193
1791038264.907404201
1791038265.027293538
1791038265.149789532
1791038265.270207055
1791038265.387063972
1791038265.501216455
1791038265.617232693
1791038265.737048780
1791038265.854776999
1791038265.973328329
1791038266.089308357
1791038266.207383503
1791038266.325078287
1791038266.443102879
1791038266.560219141
1791038266.681250602
1791038266.804243773
1791038266.924282319
1791038267.042998651
1791038267.159111887
1791038267.274016095
1791038267.390002363
1791038267.510432669
1791038267.628874216
1791038267.746929918
1791038267.865922126
1791038267.987300882
1791038268.115409382
1791038268.237594827
1791038268.363694791
1791038268.486911263
1791038268.612245690
1791038268.738272886
1791038268.860650681
1791038268.985626673
1791038269.106380622
1791038269.228351235
1791038269.353241152
1791038269.477228729
1791038269.599576082
1791038269.719923834
1791038269.838320777
1791038269.959835117
1791038270.081160070
1791038270.207904996
1791038270.331022598
1791038270.453792640
1791038270.575841061
1791038270.699552991
1791038270.819086093
1791038270.939266761
1791038271.058513565
1791038271.178054437
1791038271.297288328
1791038271.418213485
1791038271.537618827
1791038271.657174988
1791038271.785108777
1791038271.912893520
1791038272.038840357
1791038272.164622626
1791038272.287841819
1791038272.411759287
1791038272.540628061
1791038272.665696402
1791038272.789989622
1791038272.941209468
1791038273.078310244
1791038273.202720503
1791038273.332438847
1791038273.458983561
1791038273.595621335
1791038273.732911248
1791038273.862504089
1791038274.016228832
1791038274.151219641
1791038274.292475785
1791038274.433740622
1791038274.586020709
1791038274.769644391
1791038274.930797913
1791038275.099950721
1791038275.271928150
1791038275.454678177
1791038275.635299089
1791038275.805483024
1791038276.002718387
1791038276.181347570
1791038276.368823230
1791038276.516569111
1791038276.684909763
1791038276.841424805
1791038277.013254161
1791038277.156116282
1791038277.297795954
1791038277.426706058
1791038277.562015768
1791038277.725120716
1791038277.889741343
1791038278.025416143
1791038278.155965493
1791038278.281944074
1791038278.412087705
1791038278.540229710
1791038278.668558688
1791038278.801526428
1791038278.950160164
1791038279.087328955
1791038279.221499567
1791038279.350139732
1791038279.488917858
1791038279.628211956
1791038279.754693369
1791038279.873988695
1791038279.995715024
1791038280.122743522
1791038280.249183769
1791038280.371436205
1791038280.491892063
1791038280.617066801
1791038280.745471893
1791038280.874114589
1791038280.998804842
1791038281.124929726
1791038281.256294529
1791038281.399968084
1791038281.531838125
1791038281.662385031
1791038281.788891468
1791038281.915099195
1791038282.046300514
1791038282.169127237
1791038282.290676365
1791038282.415700055
1791038282.539594380
1791038282.662107737
1791038282.781168613
1791038282.895231742
1791038283.010569738
1791038283.146087703
1791038283.265219630
1791038283.381013813
1791038283.499347902
1791038283.620137365
1791038283.740020699
1791038283.860544380
1791038283.979858926
1791038284.102379150
1791038284.226868321
1791038284.349666868
1791038284.474337606
1791038284.592190890
1791038284.710293588
1791038284.829917059
1791038284.952641093
1791038285.073131158
1791038285.194968205
1791038285.315546595
1791038285.436322046
1791038285.561825056
1791038285.691619566
1791038285.811183784
1791038285.930830535
1791038286.050861601
1791038286.171139921
1791038286.290678509
1791038286.409685851
1791038286.530395664
1791038286.652390652
1791038286.774581555
1791038286.894545675
1791038287.014105237
1791038287.131950076
1791038287.248613439
1791038287.365261876
1791038287.480747602
1791038287.598026933
1791038287.716648906
1791038287.836261916
1791038287.954377407
1791038288.072964440
1791038288.192067336
1791038288.309033139
1791038288.425564381
1791038288.544097443
1791038288.662786206
1791038288.779667278
1791038288.898327898
1791038289.019610111
1791038289.140326734
1791038289.260034007
1791038289.377581433
1791038289.495546787
1791038289.614275577
1791038289.731525040
1791038289.853033936
1791038289.974234311
1791038290.096207064
1791038290.216505543
1791038290.337300658
1791038290.456170050
1791038290.577237036
1791038290.698179444
1791038290.818078285
1791038290.936076501
1791038291.052032145
1791038291.174456820
1791038291.295225629
1791038291.414269474
1791038291.533235725
1791038291.651858842
1791038291.769384393
1791038291.888936824
1791038292.009035428
1791038292.130939904
1791038292.250743991
1791038292.369808491
1791038292.490220394
1791038292.617333099
1791038292.770227083
1791038292.937106832
1791038293.103637755
1791038293.259997481
1791038293.459881947
1791038293.630465808
1791038293.789756068
1791038293.969406770
1791038294.132240679
1791038294.301294507
1791038294.426369175
1791038294.572935924
1791038294.721571602
1791038294.880391159
1791038295.025370777
1791038295.161118531
1791038295.289879993
1791038295.418759569
1791038295.549851372
1791038295.683646611
1791038295.814505443
1791038295.946947460
