$ bash /home/node/.no-mistakes/worktrees/450411b3e67c/01M48AGCET15Z951PCQ4YNDYRJ/.v/runtime/tests/selected-fm-backend-herdr.test.sh # test_herdr_client_calls_never_receive_snapshot_scoped_env
ok - herdr client boundary strips snapshot-scoped variables from every herdr child and keeps the caller's own

$ bash /home/node/.no-mistakes/worktrees/450411b3e67c/01M48AGCET15Z951PCQ4YNDYRJ/.v/runtime/tests/selected-fm-crew-state.test.sh # test_snapshot_override_read_never_reaches_herdr
ok - captured cancelled run leaves fleet inventory unverified without a failure contradiction
ok - failed-outcome/github/open: terminal delivery uses current disposition
ok - failed-outcome/github/merged: terminal delivery uses current disposition
ok - failed-outcome/github/closed: terminal delivery uses current disposition
ok - failed-outcome/github/unreadable: terminal delivery uses current disposition
ok - failed-outcome/github/skipped: terminal delivery uses current disposition
ok - failed-outcome/github/no-identity: terminal delivery uses current disposition
ok - failed-outcome/gitlab/open: terminal delivery uses current disposition
ok - failed-outcome/gitlab/merged: terminal delivery uses current disposition
ok - failed-outcome/gitlab/closed: terminal delivery uses current disposition
ok - failed-outcome/gitlab/unreadable: terminal delivery uses current disposition
ok - failed-outcome/gitlab/skipped: terminal delivery uses current disposition
ok - failed-outcome/gitlab/no-identity: terminal delivery uses current disposition
ok - failed-outcome/gerrit/open: terminal delivery uses current disposition
ok - failed-outcome/gerrit/merged: terminal delivery uses current disposition
ok - failed-outcome/gerrit/closed: terminal delivery uses current disposition
ok - failed-outcome/gerrit/unreadable: terminal delivery uses current disposition
ok - failed-outcome/gerrit/skipped: terminal delivery uses current disposition
ok - failed-outcome/gerrit/no-identity: terminal delivery uses current disposition
ok - failed-status/github/open: terminal delivery uses current disposition
ok - failed-status/github/merged: terminal delivery uses current disposition
ok - failed-status/github/closed: terminal delivery uses current disposition
ok - failed-status/github/unreadable: terminal delivery uses current disposition
ok - failed-status/github/skipped: terminal delivery uses current disposition
ok - failed-status/github/no-identity: terminal delivery uses current disposition
ok - failed-status/gitlab/open: terminal delivery uses current disposition
ok - failed-status/gitlab/merged: terminal delivery uses current disposition
ok - failed-status/gitlab/closed: terminal delivery uses current disposition
ok - failed-status/gitlab/unreadable: terminal delivery uses current disposition
ok - failed-status/gitlab/skipped: terminal delivery uses current disposition
ok - failed-status/gitlab/no-identity: terminal delivery uses current disposition
ok - failed-status/gerrit/open: terminal delivery uses current disposition
ok - failed-status/gerrit/merged: terminal delivery uses current disposition
ok - failed-status/gerrit/closed: terminal delivery uses current disposition
ok - failed-status/gerrit/unreadable: terminal delivery uses current disposition
ok - failed-status/gerrit/skipped: terminal delivery uses current disposition
ok - failed-status/gerrit/no-identity: terminal delivery uses current disposition
ok - cancelled-outcome/github/open: terminal delivery uses current disposition
ok - cancelled-outcome/github/merged: terminal delivery uses current disposition
ok - cancelled-outcome/github/closed: terminal delivery uses current disposition
ok - cancelled-outcome/github/unreadable: terminal delivery uses current disposition
ok - cancelled-outcome/github/skipped: terminal delivery uses current disposition
ok - cancelled-outcome/github/no-identity: terminal delivery uses current disposition
ok - cancelled-outcome/gitlab/open: terminal delivery uses current disposition
ok - cancelled-outcome/gitlab/merged: terminal delivery uses current disposition
ok - cancelled-outcome/gitlab/closed: terminal delivery uses current disposition
ok - cancelled-outcome/gitlab/unreadable: terminal delivery uses current disposition
ok - cancelled-outcome/gitlab/skipped: terminal delivery uses current disposition
ok - cancelled-outcome/gitlab/no-identity: terminal delivery uses current disposition
ok - cancelled-outcome/gerrit/open: terminal delivery uses current disposition
ok - cancelled-outcome/gerrit/merged: terminal delivery uses current disposition
ok - cancelled-outcome/gerrit/closed: terminal delivery uses current disposition
ok - cancelled-outcome/gerrit/unreadable: terminal delivery uses current disposition
ok - cancelled-outcome/gerrit/skipped: terminal delivery uses current disposition
ok - cancelled-outcome/gerrit/no-identity: terminal delivery uses current disposition
ok - cancelled-status/github/open: terminal delivery uses current disposition
ok - cancelled-status/github/merged: terminal delivery uses current disposition
ok - cancelled-status/github/closed: terminal delivery uses current disposition
ok - cancelled-status/github/unreadable: terminal delivery uses current disposition
ok - cancelled-status/github/skipped: terminal delivery uses current disposition
ok - cancelled-status/github/no-identity: terminal delivery uses current disposition
ok - cancelled-status/gitlab/open: terminal delivery uses current disposition
ok - cancelled-status/gitlab/merged: terminal delivery uses current disposition
ok - cancelled-status/gitlab/closed: terminal delivery uses current disposition
ok - cancelled-status/gitlab/unreadable: terminal delivery uses current disposition
ok - cancelled-status/gitlab/skipped: terminal delivery uses current disposition
ok - cancelled-status/gitlab/no-identity: terminal delivery uses current disposition
ok - cancelled-status/gerrit/open: terminal delivery uses current disposition
ok - cancelled-status/gerrit/merged: terminal delivery uses current disposition
ok - cancelled-status/gerrit/closed: terminal delivery uses current disposition
ok - cancelled-status/gerrit/unreadable: terminal delivery uses current disposition
ok - cancelled-status/gerrit/skipped: terminal delivery uses current disposition
ok - cancelled-status/gerrit/no-identity: terminal delivery uses current disposition
ok - outcome: cancellation without delivery carries no verdict
ok - status: cancellation without delivery carries no verdict
ok - selected: cancellation without delivery carries no verdict
ok - coarse: cancellation without delivery carries no verdict
ok - no-ci-log: cancellation without delivery carries no verdict
ok - red-ci: cancellation without delivery carries no verdict
ok - cancelled-test: cancellation without delivery carries no verdict
ok - skipped-test: cancellation without delivery carries no verdict
ok - synthetic cancelled run leaves fleet inventory unverified without a failure contradiction
ok - cancelled-outcome: terminal delivery reports only observed evidence
ok - cancelled-status: terminal delivery reports only observed evidence
ok - skipped-rebase: terminal delivery reports only observed evidence
ok - cancelled-skipped-rebase: terminal delivery reports only observed evidence
ok - passed: terminal delivery reports only observed evidence
all fm-crew-state tests passed
ok - a snapshot crew-state read honors its overrides but passes none of them to herdr

$ bash /home/node/.no-mistakes/worktrees/450411b3e67c/01M48AGCET15Z951PCQ4YNDYRJ/.v/runtime/tests/selected-fm-spawn-compact-adviser-disable.test.sh # test_snapshot_scoped_variables_are_cleared_from_the_launch, test_launch_preserves_unmarked_path_overrides, test_spawn_process_clears_snapshot_scoped_variables_before_backend_calls, test_relaunch_clears_snapshot_scoped_variables
ok - ship and secondmate launches start their agent without snapshot-scoped variables a pane carries
ok - launches preserve legitimate unmarked path overrides in both allowlist postures
ok - spawn clears snapshot-scoped variables from its own environment before any backend call
ok - relaunch starts the replacement agent without snapshot-scoped variables a pane carries

$ bash /home/node/.no-mistakes/worktrees/450411b3e67c/01M48AGCET15Z951PCQ4YNDYRJ/.v/runtime/tests/selected-fm-watch-arm.test.sh # test_arm_clears_snapshot_scoped_variables_before_forking_the_watcher
ok - watch-arm: snapshot-scoped variables in the arm's environment never reach the watcher it forks
