
added 2 packages in 8s
Downloading Chromium 141.0.7390.37 (playwright build v1194)[2m from https://cdn.playwright.dev/dbazure/download/playwright/builds/chromium/1194/chromium-linux.zip[22m
|                                                                                |   0% of 173.9 MiB
|■■■■■■■■                                                                        |  10% of 173.9 MiB
|■■■■■■■■■■■■■■■■                                                                |  20% of 173.9 MiB
|■■■■■■■■■■■■■■■■■■■■■■■■                                                        |  30% of 173.9 MiB
|■■■■■■■■■■■■■■■■■■■■■■■■■■■■■■■■                                                |  40% of 173.9 MiB
|■■■■■■■■■■■■■■■■■■■■■■■■■■■■■■■■■■■■■■■■                                        |  50% of 173.9 MiB
|■■■■■■■■■■■■■■■■■■■■■■■■■■■■■■■■■■■■■■■■■■■■■■■■                                |  60% of 173.9 MiB
|■■■■■■■■■■■■■■■■■■■■■■■■■■■■■■■■■■■■■■■■■■■■■■■■■■■■■■■■                        |  70% of 173.9 MiB
|■■■■■■■■■■■■■■■■■■■■■■■■■■■■■■■■■■■■■■■■■■■■■■■■■■■■■■■■■■■■■■■■                |  80% of 173.9 MiB
|■■■■■■■■■■■■■■■■■■■■■■■■■■■■■■■■■■■■■■■■■■■■■■■■■■■■■■■■■■■■■■■■■■■■■■■■        |  90% of 173.9 MiB
|■■■■■■■■■■■■■■■■■■■■■■■■■■■■■■■■■■■■■■■■■■■■■■■■■■■■■■■■■■■■■■■■■■■■■■■■■■■■■■■■| 100% of 173.9 MiB
Chromium 141.0.7390.37 (playwright build v1194) downloaded to /home/node/.no-mistakes/worktrees/450411b3e67c/01M472X02W8XV0139WP154XWSR/.validation/browser-binaries/chromium-1194
Downloading FFMPEG playwright build v1011[2m from https://cdn.playwright.dev/dbazure/download/playwright/builds/ffmpeg/1011/ffmpeg-linux.zip[22m
|                                                                                |   0% of 2.3 MiB
|■■■■■■■■                                                                        |  10% of 2.3 MiB
|■■■■■■■■■■■■■■■■                                                                |  20% of 2.3 MiB
|■■■■■■■■■■■■■■■■■■■■■■■■                                                        |  30% of 2.3 MiB
|■■■■■■■■■■■■■■■■■■■■■■■■■■■■■■■■                                                |  40% of 2.3 MiB
|■■■■■■■■■■■■■■■■■■■■■■■■■■■■■■■■■■■■■■■■                                        |  50% of 2.3 MiB
|■■■■■■■■■■■■■■■■■■■■■■■■■■■■■■■■■■■■■■■■■■■■■■■■                                |  60% of 2.3 MiB
|■■■■■■■■■■■■■■■■■■■■■■■■■■■■■■■■■■■■■■■■■■■■■■■■■■■■■■■■                        |  70% of 2.3 MiB
|■■■■■■■■■■■■■■■■■■■■■■■■■■■■■■■■■■■■■■■■■■■■■■■■■■■■■■■■■■■■■■■■                |  80% of 2.3 MiB
|■■■■■■■■■■■■■■■■■■■■■■■■■■■■■■■■■■■■■■■■■■■■■■■■■■■■■■■■■■■■■■■■■■■■■■■■        |  90% of 2.3 MiB
|■■■■■■■■■■■■■■■■■■■■■■■■■■■■■■■■■■■■■■■■■■■■■■■■■■■■■■■■■■■■■■■■■■■■■■■■■■■■■■■■| 100% of 2.3 MiB
FFMPEG playwright build v1011 downloaded to /home/node/.no-mistakes/worktrees/450411b3e67c/01M472X02W8XV0139WP154XWSR/.validation/browser-binaries/ffmpeg-1011
Downloading Chromium Headless Shell 141.0.7390.37 (playwright build v1194)[2m from https://cdn.playwright.dev/dbazure/download/playwright/builds/chromium/1194/chromium-headless-shell-linux.zip[22m
|                                                                                |   0% of 104.3 MiB
|■■■■■■■■                                                                        |  10% of 104.3 MiB
|■■■■■■■■■■■■■■■■                                                                |  20% of 104.3 MiB
|■■■■■■■■■■■■■■■■■■■■■■■■                                                        |  30% of 104.3 MiB
|■■■■■■■■■■■■■■■■■■■■■■■■■■■■■■■■                                                |  40% of 104.3 MiB
|■■■■■■■■■■■■■■■■■■■■■■■■■■■■■■■■■■■■■■■■                                        |  50% of 104.3 MiB
|■■■■■■■■■■■■■■■■■■■■■■■■■■■■■■■■■■■■■■■■■■■■■■■■                                |  60% of 104.3 MiB
|■■■■■■■■■■■■■■■■■■■■■■■■■■■■■■■■■■■■■■■■■■■■■■■■■■■■■■■■                        |  70% of 104.3 MiB
|■■■■■■■■■■■■■■■■■■■■■■■■■■■■■■■■■■■■■■■■■■■■■■■■■■■■■■■■■■■■■■■■                |  80% of 104.3 MiB
|■■■■■■■■■■■■■■■■■■■■■■■■■■■■■■■■■■■■■■■■■■■■■■■■■■■■■■■■■■■■■■■■■■■■■■■■        |  90% of 104.3 MiB
|■■■■■■■■■■■■■■■■■■■■■■■■■■■■■■■■■■■■■■■■■■■■■■■■■■■■■■■■■■■■■■■■■■■■■■■■■■■■■■■■| 100% of 104.3 MiB
Chromium Headless Shell 141.0.7390.37 (playwright build v1194) downloaded to /home/node/.no-mistakes/worktrees/450411b3e67c/01M472X02W8XV0139WP154XWSR/.validation/browser-binaries/chromium_headless_shell-1194
Playwright Host validation warning: 
╔══════════════════════════════════════════════════════╗
║ Host system is missing dependencies to run browsers. ║
║ Please install them with the following command:      ║
║                                                      ║
║     sudo npx playwright install-deps                 ║
║                                                      ║
║ Alternatively, use apt:                              ║
║     sudo apt-get install libnspr4\                   ║
║         libnss3\                                     ║
║         libgbm1\                                     ║
║         libasound2t64                                ║
║                                                      ║
║ <3 Playwright Team                                   ║
╚══════════════════════════════════════════════════════╝
    at validateDependenciesLinux (/home/node/.no-mistakes/worktrees/450411b3e67c/01M472X02W8XV0139WP154XWSR/.validation/browser/node_modules/playwright-core/lib/server/registry/dependencies.js:269:9)
    at async Registry._validateHostRequirements (/home/node/.no-mistakes/worktrees/450411b3e67c/01M472X02W8XV0139WP154XWSR/.validation/browser/node_modules/playwright-core/lib/server/registry/index.js:961:14)
    at async Registry._validateHostRequirementsForExecutableIfNeeded (/home/node/.no-mistakes/worktrees/450411b3e67c/01M472X02W8XV0139WP154XWSR/.validation/browser/node_modules/playwright-core/lib/server/registry/index.js:1083:7)
    at async Registry.validateHostRequirementsForExecutablesIfNeeded (/home/node/.no-mistakes/worktrees/450411b3e67c/01M472X02W8XV0139WP154XWSR/.validation/browser/node_modules/playwright-core/lib/server/registry/index.js:1072:7)
    at async i.<anonymous> (/home/node/.no-mistakes/worktrees/450411b3e67c/01M472X02W8XV0139WP154XWSR/.validation/browser/node_modules/playwright-core/lib/cli/program.js:217:7)
