ok - watch-arm: an attached arm reports the wake its cycle delivered instead of a false failure
ok - watch-arm: a delivered wake consumed by the handling turn still closes the attached arm cleanly
ok - watch-arm: an unusable launch confirm window refuses to arm by name
ok - watch-arm: a disposable validation checkout refuses to arm
ok - watch-arm: a watcher exits when its state directory is removed
ok - watch-arm: a watcher exits when its home is removed
ok - watch-arm: the test reaper stops a watcher armed for a tracked temporary home
ok - watch-arm: a cycle that delivered no wake of its own still fails loudly
ok - watch-arm: an attached arm keeps following a slow live holder and reports its wake
ok - watch-arm: an attached arm hands a holder stalled past the bound to its owner's replacement
/home/node/.no-mistakes/worktrees/450411b3e67c/01M472X02W8XV0139WP154XWSR/bin/fm-watch-arm.sh: line 766: 256655 Killed                  "$WATCH" > "$child_out"
WAKE_ACK_REQUIRED: after handling completes run bin/fm-wake-drain.sh --ack-through 2 --recovery-generation 257748.1791240070.9Va60F
ok - watch-arm: re-arm surfaces every queued wake and an open remote decision after downtime
/home/node/.no-mistakes/worktrees/450411b3e67c/01M472X02W8XV0139WP154XWSR/bin/fm-watch-arm.sh: line 766: 272526 Killed                  "$WATCH" > "$child_out"
WAKE_ACK_REQUIRED: after handling completes run bin/fm-wake-drain.sh --ack-through 1 --recovery-generation 273550.1791240093.FjABfm
ok - watch-arm: a re-arm whose recovery cycle runs slowly still surfaces it
watcher: recovery state could not be persisted; retaining stale lock evidence
ok - watch-arm: marker publication failure retains stale-lock recovery evidence
WAKE_ACK_REQUIRED: after handling completes run bin/fm-wake-drain.sh --ack-through 2 --recovery-generation 290400.1791240118.Fy3khw
WAKE_ACK_REQUIRED: after handling completes run bin/fm-wake-drain.sh --ack-through 3 --recovery-generation 295372.1791240123.T6tzJ8
ok - watch-arm: a wake queued after handling drain is recovered once at successor arm
ok - watch-arm: interrupted handling leaves its wake durable for successor re-drain
WAKE_ACK_REQUIRED: after handling completes run bin/fm-wake-drain.sh --ack-through 0 --recovery-generation 311834.1791240151.oZK8wP
ok - watch-arm: malformed recovery state is quarantined without a successor loop
WAKE_ACK_REQUIRED: after handling completes run bin/fm-wake-drain.sh --ack-through 1 --recovery-generation 314135.1791240156.Evt9Hp
ok - watch-arm: publication after recovery handoff is surfaced
ok - watch-arm: restart publishes recovery before clearing a reused-pid watcher lock
WAKE_ACK_REQUIRED: after handling completes run bin/fm-wake-drain.sh --ack-through 7 --recovery-generation 317591.1791240163.GDiISC
