$ /home/node/.no-mistakes/worktrees/450411b3e67c/01M472X02W8XV0139WP154XWSR/bin/fm-lab-home.sh create /home/node/.no-mistakes/worktrees/450411b3e67c/01M472X02W8XV0139WP154XWSR/.l
/home/node/.no-mistakes/worktrees/450411b3e67c/01M472X02W8XV0139WP154XWSR/.l
[exit 0]

$ /home/node/.no-mistakes/worktrees/450411b3e67c/01M472X02W8XV0139WP154XWSR/.validation/tools/tmux-pkg/usr/bin/tmux -L fm-lab new-session -d -s primary -x 120 -y 40 -c /home/node/.no-mistakes/worktrees/450411b3e67c/01M472X02W8XV0139WP154XWSR -e FM_HOME=/home/node/.no-mistakes/worktrees/450411b3e67c/01M472X02W8XV0139WP154XWSR/.l 'node /home/node/.no-mistakes/worktrees/450411b3e67c/01M472X02W8XV0139WP154XWSR/.validation/pi101/node_modules/@earendil-works/pi-coding-agent/dist/cli.js --offline --approve --no-extensions --no-context-files --no-skills --no-prompt-templates --no-builtin-tools --session-dir /home/node/.no-mistakes/worktrees/450411b3e67c/01M472X02W8XV0139WP154XWSR/.l/sessions --provider lab-local --model lab-model --thinking off -e /home/node/.no-mistakes/worktrees/450411b3e67c/01M472X02W8XV0139WP154XWSR/.pi/extensions/fm-branch-supervision.ts -e /home/node/.no-mistakes/worktrees/450411b3e67c/01M472X02W8XV0139WP154XWSR/.pi/extensions/fm-primary-pi-watch.ts -e /home/node/.no-mistakes/worktrees/450411b3e67c/01M472X02W8XV0139WP154XWSR/.l/probe.ts'
[exit 0]

PRIMARY LOCK: lock acquired: harness pid 900305


$ /home/node/.no-mistakes/worktrees/450411b3e67c/01M472X02W8XV0139WP154XWSR/.validation/tools/tmux-pkg/usr/bin/tmux -L fm-lab rename-window -t primary fm-promoted
[exit 0]

$ /home/node/.no-mistakes/worktrees/450411b3e67c/01M472X02W8XV0139WP154XWSR/.validation/tools/tmux-pkg/usr/bin/tmux -L fm-lab display-message -p -t primary '#{socket_path},#{pid},0'
/home/node/.no-mistakes/worktrees/450411b3e67c/01M472X02W8XV0139WP154XWSR/.l/tmux/tmux-1000/fm-lab,900294,0
[exit 0]

$ /home/node/.no-mistakes/worktrees/450411b3e67c/01M472X02W8XV0139WP154XWSR/bin/fm-brief.sh promoted fixture-project --scout
scaffolded: /home/node/.no-mistakes/worktrees/450411b3e67c/01M472X02W8XV0139WP154XWSR/.l/data/promoted/brief.md (scout; replace {TASK} and {FIRSTMATE_SPEC})
[exit 0]

$ /home/node/.no-mistakes/worktrees/450411b3e67c/01M472X02W8XV0139WP154XWSR/bin/fm-promote.sh promoted --mode local-only --yolo off
●━━━━━━━━━━━━━━━━━━━━━━━━━━━━━━━━━━━━━━━━━━━━━━━━━━━━━━━━━━━━━━━━━━━━━━━
●  WATCHER DOWN - SUPERVISION IS OFF
●  1 task(s) in flight, but no watcher has a fresh beacon (last beat: never, grace 300s).
●  Trust the emitted supervision protocol for this harness; do not use shell & for watcher repair.
●  This is a supervision warning only; the guarded operation WILL still run.
●  repair a missing or failed watcher cycle with the Pi tool fm_watch_arm_pi, or restart Pi with -e /home/node/.no-mistakes/worktrees/450411b3e67c/01M472X02W8XV0139WP154XWSR/.pi/extensions/fm-primary-turnend-guard.ts -e /home/node/.no-mistakes/worktrees/450411b3e67c/01M472X02W8XV0139WP154XWSR/.pi/extensions/fm-primary-pi-watch.ts if the extensions are not loaded.
●━━━━━━━━━━━━━━━━━━━━━━━━━━━━━━━━━━━━━━━━━━━━━━━━━━━━━━━━━━━━━━━━━━━━━━━
promoted promoted to ship mode=local-only yolo=off (teardown protection restored)
wrote ship instructions for mode=local-only: /home/node/.no-mistakes/worktrees/450411b3e67c/01M472X02W8XV0139WP154XWSR/.l/data/promoted/ship-instructions.md
next: FM_HOME=/home/node/.no-mistakes/worktrees/450411b3e67c/01M472X02W8XV0139WP154XWSR/.l bin/fm-send.sh fm-promoted "$(cat /home/node/.no-mistakes/worktrees/450411b3e67c/01M472X02W8XV0139WP154XWSR/.l/data/promoted/ship-instructions.md)"
[exit 0]

$ /home/node/.no-mistakes/worktrees/450411b3e67c/01M472X02W8XV0139WP154XWSR/bin/fm-send.sh promoted 'Your scout task has been promoted to a ship task, mode=local-only. Your window, worktree, and context stay as they are; only the contract below changes.

# Task
## Captain'"'"'s intent
Investigate the disposable scenario.

## Firstmate spec
If these promotion steps were already completed before a relaunch, preserve the existing `fm/promoted` branch and continue from its current state; do not repeat them destructively.
1. **Verify isolation before anything else.** Run `pwd -P` and `git rev-parse --show-toplevel`; both must resolve to the disposable task worktree you were launched in, such as a treehouse pool path or an Orca-managed worktree, not the primary checkout firstmate operates from. If either does not resolve to the worktree you were launched in, stop and escalate to firstmate.
2. Inventory this worktree'"'"'s scratch state with `git status` and `git log` before changing anything.
3. Return to a clean default-branch base, then create your branch: `git checkout -b fm/promoted --`.
4. Carry over only the intended fix changes. Leave scratch commits, debug edits, and experiment files behind.
5. If you reproduced a bug, turn that reproduction into a regression test.
6. Treat the scout-time Firstmate spec and any unmarked legacy `# Task` text as investigation context, not captain intent or current ship-time instructions.
7. Everything else in your original instructions carries over unchanged: the status protocol; the instruction inbox and its acknowledgement; the escalation rules, including ask-user; and every safety rule, except where the current delivery contract below explicitly replaces scout-only delivery rules.


# Current delivery mode contract
This task is now kind=ship with mode=local-only.
This section supersedes every earlier brief instruction about delivery mode.
These current ship instructions supersede the scout delivery rules and report-based Definition of done.
Any earlier "Never push" or scout-only delivery language in this file is superseded.
This replaces the scout rule limiting outside-worktree writes to the report and status file.
Keep project edits inside this worktree; keep proof and scratch output outside it, under `/home/node/.no-mistakes/worktrees/450411b3e67c/01M472X02W8XV0139WP154XWSR/.l/data/promoted/` or a temporary directory.
Outside the worktree, write only that task material and the status and steering-inbox records authorized below.
Leave the worktree clean before reporting done.
The mode-specific Definition of done below is the current delivery contract.

# Current ship safety rule
1. Never push to any remote and never open a PR. Work only on your `fm/promoted` branch; firstmate handles the merge into local `main`.

# Definition of done
Delivery contract: mode=local-only
Ship branch: fm/promoted
This task ships **local-only**: no remote, no PR, no pipeline.
The task is complete only when committed on your branch `fm/promoted`. Do NOT push, do NOT open a PR, do NOT merge.
A `done:` is accepted when the named head is on this project'"'"'s shared local branch, not only on a detached copy; the check tests that head, not merely that a branch moved.
Keep your branch a clean fast-forward onto the current default branch - if `main` has advanced, rebase onto it so the eventual merge stays a fast-forward.
When it is implemented and committed, append `done [at=<epoch>]: ready in branch fm/promoted` to the status file and stop.
The configured merge authority approves the ready branch, then firstmate merges it into local `main` through the guarded fast-forward path.
'
fm-gate-refuse: gate agent lifecycle permitted only against lab home /home/node/.no-mistakes/worktrees/450411b3e67c/01M472X02W8XV0139WP154XWSR/.l
WARNING: watcher still down (same stale episode; last beat: never, grace 300s) - full banner already printed this episode.
[exit 0]

$ /home/node/.no-mistakes/worktrees/450411b3e67c/01M472X02W8XV0139WP154XWSR/.validation/tools/tmux-pkg/usr/bin/tmux -L fm-lab kill-server
[exit 0]

$ /home/node/.no-mistakes/worktrees/450411b3e67c/01M472X02W8XV0139WP154XWSR/bin/fm-watch-arm.sh --stop
watcher: none running
[exit 0]