browserType.launch: Target page, context or browser has been closed
Browser logs:

<launching> /home/node/.no-mistakes/worktrees/450411b3e67c/01M467Y2KVPY0ZYM8V5V6DQB86/.validation/browsers/chromium_headless_shell-1243/chrome-headless-shell-linux64/chrome-headless-shell --disable-field-trial-config --disable-background-networking --disable-background-timer-throttling --disable-backgrounding-occluded-windows --disable-back-forward-cache --disable-breakpad --disable-client-side-phishing-detection --disable-component-extensions-with-background-pages --disable-component-update --no-default-browser-check --disable-default-apps --disable-dev-shm-usage --disable-edgeupdater --disable-extensions --disable-features=AvoidUnnecessaryBeforeUnloadCheckSync,DestroyProfileOnBrowserClose,DialMediaRouteProvider,GlobalMediaControls,HttpsUpgrades,LensOverlay,MediaRouter,PaintHolding,ThirdPartyStoragePartitioning,BlockOriginHeaderModificationOnRedirect,Translate,AutoDeElevate,OptimizationHints,msForceBrowserSignIn,msEdgeUpdateLaunchServicesPreferredVersion --enable-features=CDPScreenshotNewSurface --allow-pre-commit-input --disable-hang-monitor --disable-ipc-flooding-protection --disable-popup-blocking --disable-prompt-on-repost --disable-renderer-backgrounding --disable-updater-scheduler --force-color-profile=srgb --metrics-recording-only --no-first-run --password-store=basic --use-mock-keychain --no-service-autorun --export-tagged-pdf --disable-search-engine-choice-screen --unsafely-disable-devtools-self-xss-warnings --edge-skip-compat-layer-relaunch --disable-infobars --disable-search-engine-choice-screen --disable-sync --enable-unsafe-swiftshader --headless --hide-scrollbars --mute-audio --blink-settings=primaryHoverType=2,availableHoverTypes=2,primaryPointerType=4,availablePointerTypes=4 --no-sandbox --no-sandbox --disable-dev-shm-usage --user-data-dir=/tmp/playwright_chromiumdev_profile-7iGhxD --remote-debugging-pipe --no-startup-window
<launched> pid=2831688
[pid=2831688][err] /home/node/.no-mistakes/worktrees/450411b3e67c/01M467Y2KVPY0ZYM8V5V6DQB86/.validation/browsers/chromium_headless_shell-1243/chrome-headless-shell-linux64/chrome-headless-shell: error while loading shared libraries: libnspr4.so: cannot open shared object file: No such file or directory
Call log:
[2m  - <launching> /home/node/.no-mistakes/worktrees/450411b3e67c/01M467Y2KVPY0ZYM8V5V6DQB86/.validation/browsers/chromium_headless_shell-1243/chrome-headless-shell-linux64/chrome-headless-shell --disable-field-trial-config --disable-background-networking --disable-background-timer-throttling --disable-backgrounding-occluded-windows --disable-back-forward-cache --disable-breakpad --disable-client-side-phishing-detection --disable-component-extensions-with-background-pages --disable-component-update --no-default-browser-check --disable-default-apps --disable-dev-shm-usage --disable-edgeupdater --disable-extensions --disable-features=AvoidUnnecessaryBeforeUnloadCheckSync,DestroyProfileOnBrowserClose,DialMediaRouteProvider,GlobalMediaControls,HttpsUpgrades,LensOverlay,MediaRouter,PaintHolding,ThirdPartyStoragePartitioning,BlockOriginHeaderModificationOnRedirect,Translate,AutoDeElevate,OptimizationHints,msForceBrowserSignIn,msEdgeUpdateLaunchServicesPreferredVersion --enable-features=CDPScreenshotNewSurface --allow-pre-commit-input --disable-hang-monitor --disable-ipc-flooding-protection --disable-popup-blocking --disable-prompt-on-repost --disable-renderer-backgrounding --disable-updater-scheduler --force-color-profile=srgb --metrics-recording-only --no-first-run --password-store=basic --use-mock-keychain --no-service-autorun --export-tagged-pdf --disable-search-engine-choice-screen --unsafely-disable-devtools-self-xss-warnings --edge-skip-compat-layer-relaunch --disable-infobars --disable-search-engine-choice-screen --disable-sync --enable-unsafe-swiftshader --headless --hide-scrollbars --mute-audio --blink-settings=primaryHoverType=2,availableHoverTypes=2,primaryPointerType=4,availablePointerTypes=4 --no-sandbox --no-sandbox --disable-dev-shm-usage --user-data-dir=/tmp/playwright_chromiumdev_profile-7iGhxD --remote-debugging-pipe --no-startup-window[22m
[2m  - <launched> pid=2831688[22m
[2m  - [pid=2831688][err] /home/node/.no-mistakes/worktrees/450411b3e67c/01M467Y2KVPY0ZYM8V5V6DQB86/.validation/browsers/chromium_headless_shell-1243/chrome-headless-shell-linux64/chrome-headless-shell: error while loading shared libraries: libnspr4.so: cannot open shared object file: No such file or directory[22m
[2m  - [pid=2831688] <gracefully close start>[22m
[2m  - [pid=2831688] <kill>[22m
[2m  - [pid=2831688] <will force kill>[22m
[2m  - [pid=2831688] exception while trying to kill process: Error: kill ESRCH[22m
[2m  - [pid=2831688] <process did exit: exitCode=127, signal=null>[22m
[2m  - [pid=2831688] starting temporary directories cleanup[22m
[2m  - [pid=2831688] finished temporary directories cleanup[22m
[2m  - [pid=2831688] <gracefully close end>[22m

    at /home/node/.no-mistakes/worktrees/450411b3e67c/01M467Y2KVPY0ZYM8V5V6DQB86/.validation/visual-live.cjs:5:31
    at Object.<anonymous> (/home/node/.no-mistakes/worktrees/450411b3e67c/01M467Y2KVPY0ZYM8V5V6DQB86/.validation/visual-live.cjs:30:3) {
  log: [
    '  - <launching> /home/node/.no-mistakes/worktrees/450411b3e67c/01M467Y2KVPY0ZYM8V5V6DQB86/.validation/browsers/chromium_headless_shell-1243/chrome-headless-shell-linux64/chrome-headless-shell --disable-field-trial-config --disable-background-networking --disable-background-timer-throttling --disable-backgrounding-occluded-windows --disable-back-forward-cache --disable-breakpad --disable-client-side-phishing-detection --disable-component-extensions-with-background-pages --disable-component-update --no-default-browser-check --disable-default-apps --disable-dev-shm-usage --disable-edgeupdater --disable-extensions --disable-features=AvoidUnnecessaryBeforeUnloadCheckSync,DestroyProfileOnBrowserClose,DialMediaRouteProvider,GlobalMediaControls,HttpsUpgrades,LensOverlay,MediaRouter,PaintHolding,ThirdPartyStoragePartitioning,BlockOriginHeaderModificationOnRedirect,Translate,AutoDeElevate,OptimizationHints,msForceBrowserSignIn,msEdgeUpdateLaunchServicesPreferredVersion --enable-features=CDPScreenshotNewSurface --allow-pre-commit-input --disable-hang-monitor --disable-ipc-flooding-protection --disable-popup-blocking --disable-prompt-on-repost --disable-renderer-backgrounding --disable-updater-scheduler --force-color-profile=srgb --metrics-recording-only --no-first-run --password-store=basic --use-mock-keychain --no-service-autorun --export-tagged-pdf --disable-search-engine-choice-screen --unsafely-disable-devtools-self-xss-warnings --edge-skip-compat-layer-relaunch --disable-infobars --disable-search-engine-choice-screen --disable-sync --enable-unsafe-swiftshader --headless --hide-scrollbars --mute-audio --blink-settings=primaryHoverType=2,availableHoverTypes=2,primaryPointerType=4,availablePointerTypes=4 --no-sandbox --no-sandbox --disable-dev-shm-usage --user-data-dir=/tmp/playwright_chromiumdev_profile-7iGhxD --remote-debugging-pipe --no-startup-window',
    '  - <launched> pid=2831688',
    '  - [pid=2831688][err] /home/node/.no-mistakes/worktrees/450411b3e67c/01M467Y2KVPY0ZYM8V5V6DQB86/.validation/browsers/chromium_headless_shell-1243/chrome-headless-shell-linux64/chrome-headless-shell: error while loading shared libraries: libnspr4.so: cannot open shared object file: No such file or directory',
    '  - [pid=2831688] <gracefully close start>',
    '  - [pid=2831688] <kill>',
    '  - [pid=2831688] <will force kill>',
    '  - [pid=2831688] exception while trying to kill process: Error: kill ESRCH',
    '  - [pid=2831688] <process did exit: exitCode=127, signal=null>',
    '  - [pid=2831688] starting temporary directories cleanup',
    '  - [pid=2831688] finished temporary directories cleanup',
    '  - [pid=2831688] <gracefully close end>'
  ]
}
