$ /home/node/.no-mistakes/worktrees/450411b3e67c/01M472X02W8XV0139WP154XWSR/bin/fm-lab-home.sh create /home/node/.no-mistakes/worktrees/450411b3e67c/01M472X02W8XV0139WP154XWSR/.l
/home/node/.no-mistakes/worktrees/450411b3e67c/01M472X02W8XV0139WP154XWSR/.l
[exit 0]

$ /home/node/.no-mistakes/worktrees/450411b3e67c/01M472X02W8XV0139WP154XWSR/.validation/tools/tmux-pkg/usr/bin/tmux -L fm-lab new-session -d -s primary -x 120 -y 40 -c /home/node/.no-mistakes/worktrees/450411b3e67c/01M472X02W8XV0139WP154XWSR -e FM_HOME=/home/node/.no-mistakes/worktrees/450411b3e67c/01M472X02W8XV0139WP154XWSR/.l 'node /home/node/.no-mistakes/worktrees/450411b3e67c/01M472X02W8XV0139WP154XWSR/.validation/pi101/node_modules/@earendil-works/pi-coding-agent/dist/cli.js --offline --approve --no-extensions --no-context-files --no-skills --no-prompt-templates --no-builtin-tools --session-dir /home/node/.no-mistakes/worktrees/450411b3e67c/01M472X02W8XV0139WP154XWSR/.l/sessions --provider lab-local --model lab-model --thinking off -e /home/node/.no-mistakes/worktrees/450411b3e67c/01M472X02W8XV0139WP154XWSR/.pi/extensions/fm-branch-supervision.ts -e /home/node/.no-mistakes/worktrees/450411b3e67c/01M472X02W8XV0139WP154XWSR/.pi/extensions/fm-primary-pi-watch.ts -e /home/node/.no-mistakes/worktrees/450411b3e67c/01M472X02W8XV0139WP154XWSR/.l/probe.ts'
[exit 0]

PRIMARY LOCK: lock acquired: harness pid 719775


$ /home/node/.no-mistakes/worktrees/450411b3e67c/01M472X02W8XV0139WP154XWSR/.validation/tools/tmux-pkg/usr/bin/tmux -L fm-lab send-keys -t primary -l /fm-watch-arm-pi
[exit 0]

$ /home/node/.no-mistakes/worktrees/450411b3e67c/01M472X02W8XV0139WP154XWSR/.validation/tools/tmux-pkg/usr/bin/tmux -L fm-lab send-keys -t primary Enter
[exit 0]

WATCHER READY: 722220


$ bash -c '. "$1"; fm_wake_append check "inbox:lab" "check: live watcher chain"' _ /home/node/.no-mistakes/worktrees/450411b3e67c/01M472X02W8XV0139WP154XWSR/bin/fm-wake-lib.sh /home/node/.no-mistakes/worktrees/450411b3e67c/01M472X02W8XV0139WP154XWSR/.l/state
[exit 0]

$ /home/node/.no-mistakes/worktrees/450411b3e67c/01M472X02W8XV0139WP154XWSR/.validation/tools/tmux-pkg/usr/bin/tmux -L fm-lab capture-pane -p -t primary -S -150

 watcher: started Pi extension arm child 1; future ordinary re-arms are automatic; call fm_watch_arm_pi again only
 after a later notification says the cycle is missing, failed, or unhealthy

 Warning: tmux extended-keys is off. Modified Enter keys may not work. Add `set -g extended-keys on` to ~/.tmux.conf
 and restart tmux.


 ⁣FIRSTMATE_OP: v1 watcher: FIRSTMATE WATCHER WAKE: check: rearm-resurface

 watcher: FAILED - handling delivery confirmation was rejected (status=1 generation=723270.1791241045.SHeoCK
 watcherPid=725632)

 Run bin/fm-wake-drain.sh first and handle the queued wake. Watcher continuity is extension-owned.


 The watcher wake was observed.


















── ⠹ Working ───────────────────────────────────────────────────────────────────────────────────────────────────────────

────────────────────────────────────────────────────────────────────────────────────────────────────────────────────────
~/.no-mistakes/worktrees/450411b3e67c/01M472X02W8XV0139WP154XWSR (detached)
13.0%/8.2k (auto)                                                                                              lab-model
[exit 0]

$ /home/node/.no-mistakes/worktrees/450411b3e67c/01M472X02W8XV0139WP154XWSR/.validation/tools/tmux-pkg/usr/bin/tmux -L fm-lab capture-pane -p -t primary -S -150

 watcher: started Pi extension arm child 1; future ordinary re-arms are automatic; call fm_watch_arm_pi again only
 after a later notification says the cycle is missing, failed, or unhealthy

 Warning: tmux extended-keys is off. Modified Enter keys may not work. Add `set -g extended-keys on` to ~/.tmux.conf
 and restart tmux.


 ⁣FIRSTMATE_OP: v1 watcher: FIRSTMATE WATCHER WAKE: check: rearm-resurface

 watcher: FAILED - handling delivery confirmation was rejected (status=1 generation=723270.1791241045.SHeoCK
 watcherPid=725632)

 Run bin/fm-wake-drain.sh first and handle the queued wake. Watcher continuity is extension-owned.


 The watcher wake was observed.


















────────────────────────────────────────────────────────────────────────────────────────────────────────────────────────

────────────────────────────────────────────────────────────────────────────────────────────────────────────────────────
~/.no-mistakes/worktrees/450411b3e67c/01M472X02W8XV0139WP154XWSR (detached)
13.0%/8.2k (auto)                                                                                              lab-model
[exit 0]

EXTENSION LOG PRESENT: False

WATCHER QUEUE: 1791241045	1	check	inbox:lab	check: live watcher chain


$ /home/node/.no-mistakes/worktrees/450411b3e67c/01M472X02W8XV0139WP154XWSR/.validation/tools/tmux-pkg/usr/bin/tmux -L fm-lab kill-server
[exit 0]

$ /home/node/.no-mistakes/worktrees/450411b3e67c/01M472X02W8XV0139WP154XWSR/bin/fm-watch-arm.sh --stop
watcher: stopped pid=725632
[exit 0]