ok - default: result and command samples use 0.25 seconds; dispatcher uses four 0.05-second waits then one second
ok - legacy: result and command samples use 0.07 seconds; dispatcher uses four 0.07-second waits then one second
ok - active: result and command samples use 0.12 seconds; dispatcher uses four 0.07-second waits then one second
ok - default queue and execution bounds independently cover long polls
ok - operator PATH excludes a symlinked local bin
ok - operator PATH honors nvm defaults with a deterministic fallback
ok - operator PATH resolves the authorized Nix profile bin link
ok - operator PATH orders discovered tool installs deterministically
ok - the worker preserves bounded argv and stdin in an empty environment
ok - active jobs keep the worker ready for concurrent requests
ok - ensure replaces a live worker after its code changes
ok - worker identity binds the canonical configured code root
ok - stale ownership is reclaimed without signaling a reused pid
ok - the worker enforces the job timeout and publishes its result
ok - the worker expires queued jobs before they can mutate
ok - queued jobs receive a fresh bounded execution window
PREEMPTION RESULT: short-command elapsed=2s; long-poll exit=76
ok - a queued short command preempts a running long poll instead of waiting its window
RE-ARMED DELTA RESPONSE:
schema=fm-remote-delta.v1
status=delta
path=state/parent-replies.status
from_offset=0
to_offset=23
from_prefix_sha256=e3b0c44298fc1c149afbf4c8996fb92427ae41e4649b934ca495991b7852b855
to_prefix_sha256=97bf5c13303fc13f59fa7e1bf95812eadf4878f235cb192a2480c220e6f86757
payload_sha256=97bf5c13303fc13f59fa7e1bf95812eadf4878f235cb192a2480c220e6f86757
payload_bytes=23
reason=

hello after preemption
ok - a poll re-armed after preemption reads the same cursor with nothing lost
ok - sibling polls never preempt each other into a re-arm churn loop
TARGETED WORKER CHECKS PASSED
