ok - default: result and command samples use 0.25 seconds; dispatcher uses four 0.05-second waits then one second
ok - legacy: result and command samples use 0.07 seconds; dispatcher uses four 0.07-second waits then one second
ok - active: result and command samples use 0.12 seconds; dispatcher uses four 0.07-second waits then one second
ok - default queue and execution bounds independently cover long polls
ok - operator PATH excludes a symlinked local bin
ok - operator PATH honors nvm defaults with a deterministic fallback
ok - operator PATH resolves the authorized Nix profile bin link
ok - operator PATH orders discovered tool installs deterministically
ok - the worker preserves bounded argv and stdin in an empty environment
ok - active jobs keep the worker ready for concurrent requests
ok - ensure replaces a live worker after its code changes
ok - worker identity binds the canonical configured code root
ok - stale ownership is reclaimed without signaling a reused pid
ok - the worker enforces the job timeout and publishes its result
ok - the worker expires queued jobs before they can mutate
QUEUED JOB RESULT: exit=0
PERSISTED JOB FIELDS:
state=done
queue_deadline=1790937126
timeout=3
deadline=1790937128
exit=0
ok - queued jobs receive a fresh bounded execution window
TARGETED QUEUE CHECKS PASSED
