ok - default delta reader waits 0.5 seconds then delivers a non-destructive complete-line delta
ok - override delta reader waits 0.07 seconds then delivers a non-destructive complete-line delta
ok - remote reply ingest leaves no temporary path or lifecycle lock behind on any exit
ok - a blocking non-destructive remote delta reaches durable process-event capture
ok - a captured delta is applied, acknowledged, and re-armed without a handler
ok - ingest appends one validated line, fetches its document, and advances the cursor
ok - replayed capture has one deduplicated append and one durable handling identity
ok - later generations cannot invalidate an unacknowledged ingested result
ok - the remote status and decision model mirrors and the cursor advances
ok - a remote mate's new decision folds open exactly as a local mate's does
ok - a replayed mirrored delta is idempotent in both the stream and the cursor
Continuous listener: owner=live pid=236834 polls=3; mirrored status: working [corr=abcdefabcdefabcd]: held across an empty wait
ok - a remote reply listener stays owned across empty waits and a delta
ok - a failed remote read exits instead of relistening
ok - a quiet reply window publishes the caught-up watermark the reply guard reads

REBUILT CURSOR AFTER WHOLE-LOG RECAPTURE:
schema=fm-remote-reply-cursor.v1
offset=567
prefix_sha256=0be5e0384716f8fe8a9139adc08e0631ecf32081a4173154a5d4a93a940da388
MIRRORED STATUS AFTER WHOLE-LOG RECAPTURE:
done [corr=0123456789abcdef] [at=1700000000]: build verified report=data/remote-secondmates/ios/data/reply/report.md
working [corr=1111111111111111]: second generation
done [corr=2222222222222222]: third generation
working [key=version-audit]: family --version audit complete (data/reply/prose-only.md)
needs-decision [key=rough-cut-version]: implement --version or retire the tool
needs-decision [at=1700000000]: which base branch?
needs-decision [at=1700086400]: which base branch?
done [corr=a029a1ef4daf88b8]: release chain audited
working [corr=abcdefabcdefabcd]: held across an empty wait
ok - a cursor-loss whole-log recapture is acknowledged quietly with no duplicate wake

New continuity escalation after ingest retry:
blocked [key=remote-reply-continuity-ios] [at=1790937271]: remote reply continuity broke for ios (truncated)
ok - truncation is detected, escalated once, and not silently rebased
ok - remote reply retirement quiesces and refuses unhandled captured results
ALL TESTS PASSED
