FM_TEST_BEGIN 2026-10-02T09:01:21Z tests/fm-remote-reply.test.sh family=secondmate expected_gate_skip=none
ok - default delta reader waits 0.5 seconds then delivers a non-destructive complete-line delta
ok - override delta reader waits 0.07 seconds then delivers a non-destructive complete-line delta
ok - remote reply ingest leaves no temporary path or lifecycle lock behind on any exit
ok - a blocking non-destructive remote delta reaches durable process-event capture
ok - a captured delta is applied, acknowledged, and re-armed without a handler
ok - ingest appends one validated line, fetches its document, and advances the cursor
ok - replayed capture has one deduplicated append and one durable handling identity
ok - later generations cannot invalidate an unacknowledged ingested result
ok - the remote status and decision model mirrors and the cursor advances
ok - a remote mate's new decision folds open exactly as a local mate's does
ok - a replayed mirrored delta is idempotent in both the stream and the cursor
Remote source status records:
done [corr=0123456789abcdef] [at=1700000000]: build verified report=data/reply/report.md
working [corr=1111111111111111]: second generation
done [corr=2222222222222222]: third generation
working [key=version-audit]: family --version audit complete (data/reply/prose-only.md)
needs-decision [key=rough-cut-version]: implement --version or retire the tool
needs-decision [at=1700000000]: which base branch?
needs-decision [at=1700086400]: which base branch?
done [corr=13f6ddcc82704474]: release chain audited

Parent status after handling and replaying generation 4:
done [corr=0123456789abcdef] [at=1700000000]: build verified report=data/remote-secondmates/ios/data/reply/report.md
working [corr=1111111111111111]: second generation
done [corr=2222222222222222]: third generation
working [key=version-audit]: family --version audit complete (data/reply/prose-only.md)
needs-decision [key=rough-cut-version]: implement --version or retire the tool
needs-decision [at=1700000000]: which base branch?
needs-decision [at=1700086400]: which base branch?
done [corr=13f6ddcc82704474]: release chain audited

Committed remote cursor:
schema=fm-remote-reply-cursor.v1
offset=508
prefix_sha256=dcf5c9129fdac91908bdcbd642422da11ccc3a0cd9f1b1d93945d30d9e934189
ok - transported control bytes are normalized in place and never stop the stream
ok - payload protocol-field names cannot collide with transport metadata
ok - NUL bytes are normalized in place before shell line processing
ok - local document storage failures remain retryable until delivery succeeds
ok - a structured pointer must end at its token boundary
ok - adjacent pointers are fetched while malformed tokens remain unchanged
ok - a rejected candidate never gives the following text a false leading boundary
ok - nested remote reports relay while an undeliverable foreign pointer fails open
ok - the reported incident raises no standing decision and still delivers the report
not ok - tests/fm-remote-reply.test.sh exceeded the per-script bound of 500s and was terminated
FM_TEST_END 2026-10-02T09:09:44Z tests/fm-remote-reply.test.sh exit=124 duration_ms=502898 gate_skip=false
FM_TEST_SUMMARY total=1 failed=1 skipped_gate=0 duration_ms=503587
FM_TEST_SUMMARY_FAMILY family=secondmate count=1 duration_ms=502898 failed=1
FM_TEST_SLOWEST rank=1 script=tests/fm-remote-reply.test.sh duration_ms=502898
fm-test-run: wrote timing artifact: /home/node/.no-mistakes/evidence/01M3XTSNQKCZS9HXBS45ERJ5Y3/remote-reply-rerun-timing.json
