SCENARIO: target-eligible-feature-merges (target)
$ FM_HOME=<disposable marked lab> HTTPS_PROXY=<loopback TLS backend> CURL_CA_BUNDLE=<disposable cert> bin/fm-pr-merge.sh task-x1 https://bitbucket.org/validation/disposable-repo/pull-requests/7
armed: state/task-x1.check.sh
verified: https://bitbucket.org/validation/disposable-repo/pull-requests/7 is merged at the verified head 2969395e9b4bf3801f27f3d0e2f37d335e8bb63a
●━━━━━━━━━━━━━━━━━━━━━━━━━━━━━━━━━━━━━━━━━━━━━━━━━━━━━━━━━━━━━━━━━━━━━━━
●  WATCHER DOWN - SUPERVISION IS OFF
●  1 task(s) in flight, but no watcher has a fresh beacon (last beat: never, grace 300s).
●  Trust the emitted supervision protocol for this harness; do not use shell & for watcher repair.
●  This is a supervision warning only; the guarded operation WILL still run.
●  repair a missing or failed watcher cycle with the Pi tool fm_watch_arm_pi, or restart Pi with -e /home/node/.no-mistakes/worktrees/450411b3e67c/01M45H95PZP7DH9ZAFCYH5BZKJ/.pi/extensions/fm-primary-turnend-guard.ts -e /home/node/.no-mistakes/worktrees/450411b3e67c/01M45H95PZP7DH9ZAFCYH5BZKJ/.pi/extensions/fm-primary-pi-watch.ts if the extensions are not loaded.
●━━━━━━━━━━━━━━━━━━━━━━━━━━━━━━━━━━━━━━━━━━━━━━━━━━━━━━━━━━━━━━━━━━━━━━━
verified: https://bitbucket.org/validation/disposable-repo/pull-requests/7 is open, with every unwaived build green and every merge check met at head 2969395e9b4bf3801f27f3d0e2f37d335e8bb63a
Exit: 0
Backend PR state: MERGED
Merge POSTs: [{"type": "pullrequest", "close_source_branch": false}]
Persisted product state:
{
  "task-x1.meta": "window=fm-task-x1\nworktree=/home/node/.no-mistakes/worktrees/450411b3e67c/01M45H95PZP7DH9ZAFCYH5BZKJ/.fm-bitbucket-validation/fm-lab-target-eligible-feature-merges/projects/repo\nproject=/home/node/.no-mistakes/worktrees/450411b3e67c/01M45H95PZP7DH9ZAFCYH5BZKJ/.fm-bitbucket-validation/fm-lab-target-eligible-feature-merges/projects/repo\nkind=ship\nmode=no-mistakes\npr=https://bitbucket.org/validation/disposable-repo/pull-requests/7\npr_head=2969395e9b4bf3801f27f3d0e2f37d335e8bb63a\n",
  "task-x1.pr-poll-merge-notified": "fm-pr-poll-merge-notified-v1\nbitbucket\nbitbucket.org\nvalidation/disposable-repo\n7\n",
  ".wake-queue": "1791187829\t1\tcheck\tmerged-task-x1-https://bitbucket.org/validation/disposable-repo/pull-requests/7\tcheck: merge landed: task-x1 https://bitbucket.org/validation/disposable-repo/pull-requests/7\n"
}
